<?xml version="1.0"?>
<link_info>
   <banner>TMS320C55x Linker PC v4.4.1</banner>
   <copyright>Copyright (c) 1996-2012 Texas Instruments Incorporated</copyright>
   <link_time>0x65ea0f4f</link_time>
   <output_file>biosExample.out</output_file>
   <entry_point>
      <name>_c_int00</name>
      <address>0xe2dd</address>
   </entry_point>
   <input_file_list>
      <input_file id="fl-2">
         <path>.\</path>
         <kind>object</kind>
         <file>FIR.obj</file>
         <name>FIR.obj</name>
      </input_file>
      <input_file id="fl-3">
         <path>.\</path>
         <kind>object</kind>
         <file>aic3204.obj</file>
         <name>aic3204.obj</name>
      </input_file>
      <input_file id="fl-4">
         <path>.\</path>
         <kind>object</kind>
         <file>audioProcessing.obj</file>
         <name>audioProcessing.obj</name>
      </input_file>
      <input_file id="fl-5">
         <path>.\</path>
         <kind>object</kind>
         <file>ezdsp5535.obj</file>
         <name>ezdsp5535.obj</name>
      </input_file>
      <input_file id="fl-6">
         <path>.\</path>
         <kind>object</kind>
         <file>ezdsp5535_gpio.obj</file>
         <name>ezdsp5535_gpio.obj</name>
      </input_file>
      <input_file id="fl-7">
         <path>.\</path>
         <kind>object</kind>
         <file>ezdsp5535_i2c.obj</file>
         <name>ezdsp5535_i2c.obj</name>
      </input_file>
      <input_file id="fl-8">
         <path>.\</path>
         <kind>object</kind>
         <file>ezdsp5535_i2s.obj</file>
         <name>ezdsp5535_i2s.obj</name>
      </input_file>
      <input_file id="fl-9">
         <path>.\</path>
         <kind>object</kind>
         <file>ezdsp5535_lcd.obj</file>
         <name>ezdsp5535_lcd.obj</name>
      </input_file>
      <input_file id="fl-a">
         <path>.\</path>
         <kind>object</kind>
         <file>ezdsp5535_led.obj</file>
         <name>ezdsp5535_led.obj</name>
      </input_file>
      <input_file id="fl-b">
         <path>.\</path>
         <kind>object</kind>
         <file>ezdsp5535_sar.obj</file>
         <name>ezdsp5535_sar.obj</name>
      </input_file>
      <input_file id="fl-c">
         <path>.\</path>
         <kind>object</kind>
         <file>hellocfg.obj</file>
         <name>hellocfg.obj</name>
      </input_file>
      <input_file id="fl-d">
         <path>.\</path>
         <kind>object</kind>
         <file>hellocfg_c.obj</file>
         <name>hellocfg_c.obj</name>
      </input_file>
      <input_file id="fl-e">
         <path>.\</path>
         <kind>object</kind>
         <file>main.obj</file>
         <name>main.obj</name>
      </input_file>
      <input_file id="fl-2f">
         <path>C:\ti\bios_5_42_01_09\packages\ti\bios\lib\</path>
         <kind>archive</kind>
         <file>bios.a55L</file>
         <name>fxn.o55L</name>
      </input_file>
      <input_file id="fl-30">
         <path>C:\ti\bios_5_42_01_09\packages\ti\bios\lib\</path>
         <kind>archive</kind>
         <file>bios.a55L</file>
         <name>biosdata.o55L</name>
      </input_file>
      <input_file id="fl-31">
         <path>C:\ti\bios_5_42_01_09\packages\ti\bios\lib\</path>
         <kind>archive</kind>
         <file>bios.a55L</file>
         <name>knl_swit.o55L</name>
      </input_file>
      <input_file id="fl-32">
         <path>C:\ti\bios_5_42_01_09\packages\ti\bios\lib\</path>
         <kind>archive</kind>
         <file>bios.a55L</file>
         <name>swi.o55L</name>
      </input_file>
      <input_file id="fl-33">
         <path>C:\ti\bios_5_42_01_09\packages\ti\bios\lib\</path>
         <kind>archive</kind>
         <file>bios.a55L</file>
         <name>clk_run.o55L</name>
      </input_file>
      <input_file id="fl-34">
         <path>C:\ti\bios_5_42_01_09\packages\ti\bios\lib\</path>
         <kind>archive</kind>
         <file>bios5505.a55L</file>
         <name>clk5505_htime.o55L</name>
      </input_file>
      <input_file id="fl-35">
         <path>C:\ti\bios_5_42_01_09\packages\ti\bios\lib\</path>
         <kind>archive</kind>
         <file>bios5505.a55L</file>
         <name>clk5505_isr.o55L</name>
      </input_file>
      <input_file id="fl-36">
         <path>C:\ti\bios_5_42_01_09\packages\ti\bios\lib\</path>
         <kind>archive</kind>
         <file>bios.a55L</file>
         <name>fxn_c.o55L</name>
      </input_file>
      <input_file id="fl-37">
         <path>C:\ti\bios_5_42_01_09\packages\ti\bios\lib\</path>
         <kind>archive</kind>
         <file>bios.a55L</file>
         <name>idl_stub.o55L</name>
      </input_file>
      <input_file id="fl-38">
         <path>C:\ti\bios_5_42_01_09\packages\ti\bios\lib\</path>
         <kind>archive</kind>
         <file>bios.a55L</file>
         <name>utl_doab.o55L</name>
      </input_file>
      <input_file id="fl-39">
         <path>C:\ti\bios_5_42_01_09\packages\ti\bios\lib\</path>
         <kind>archive</kind>
         <file>bios.a55L</file>
         <name>utl_doer.o55L</name>
      </input_file>
      <input_file id="fl-3a">
         <path>C:\ti\bios_5_42_01_09\packages\ti\bios\lib\</path>
         <kind>archive</kind>
         <file>bios.a55L</file>
         <name>utl_putc.o55L</name>
      </input_file>
      <input_file id="fl-3b">
         <path>C:\ti\bios_5_42_01_09\packages\ti\bios\lib\</path>
         <kind>archive</kind>
         <file>bios.a55L</file>
         <name>utl_halt.o55L</name>
      </input_file>
      <input_file id="fl-3c">
         <path>C:\ti\bios_5_42_01_09\packages\ti\bios\lib\</path>
         <kind>archive</kind>
         <file>bios5505.a55L</file>
         <name>clk_itime.o55L</name>
      </input_file>
      <input_file id="fl-3d">
         <path>C:\ti\bios_5_42_01_09\packages\ti\bios\lib\</path>
         <kind>archive</kind>
         <file>bios.a55L</file>
         <name>boot.o55L</name>
      </input_file>
      <input_file id="fl-3e">
         <path>C:\ti\bios_5_42_01_09\packages\ti\bios\lib\</path>
         <kind>archive</kind>
         <file>bios.a55L</file>
         <name>trc.o55L</name>
      </input_file>
      <input_file id="fl-3f">
         <path>C:\ti\bios_5_42_01_09\packages\ti\bios\lib\</path>
         <kind>archive</kind>
         <file>bios.a55L</file>
         <name>hwi_disp_asm.o55L</name>
      </input_file>
      <input_file id="fl-40">
         <path>C:\ti\bios_5_42_01_09\packages\ti\bios\lib\</path>
         <kind>archive</kind>
         <file>bios.a55L</file>
         <name>idl_busy.o55L</name>
      </input_file>
      <input_file id="fl-41">
         <path>C:\ti\bios_5_42_01_09\packages\ti\bios\lib\</path>
         <kind>archive</kind>
         <file>bios.a55L</file>
         <name>idl.o55L</name>
      </input_file>
      <input_file id="fl-42">
         <path>C:\ti\bios_5_42_01_09\packages\ti\bios\lib\</path>
         <kind>archive</kind>
         <file>lnkrtdx.a55L</file>
         <name>rtdx.o55L</name>
      </input_file>
      <input_file id="fl-43">
         <path>C:\ti\bios_5_42_01_09\packages\ti\bios\lib\</path>
         <kind>archive</kind>
         <file>bios.a55L</file>
         <name>log.o55L</name>
      </input_file>
      <input_file id="fl-44">
         <path>C:\ti\bios_5_42_01_09\packages\ti\bios\lib\</path>
         <kind>archive</kind>
         <file>bios.a55L</file>
         <name>pip.o55L</name>
      </input_file>
      <input_file id="fl-45">
         <path>C:\ti\bios_5_42_01_09\packages\ti\bios\lib\</path>
         <kind>archive</kind>
         <file>bios.a55L</file>
         <name>prd.o55L</name>
      </input_file>
      <input_file id="fl-46">
         <path>C:\ti\bios_5_42_01_09\packages\ti\bios\lib\</path>
         <kind>archive</kind>
         <file>bios.a55L</file>
         <name>rta.o55L</name>
      </input_file>
      <input_file id="fl-47">
         <path>C:\ti\bios_5_42_01_09\packages\ti\bios\lib\</path>
         <kind>archive</kind>
         <file>bios.a55L</file>
         <name>sts.o55L</name>
      </input_file>
      <input_file id="fl-48">
         <path>C:\ti\bios_5_42_01_09\packages\ti\bios\lib\</path>
         <kind>archive</kind>
         <file>bios.a55L</file>
         <name>c55_enable.o55L</name>
      </input_file>
      <input_file id="fl-49">
         <path>C:\ti\bios_5_42_01_09\packages\ti\bios\lib\</path>
         <kind>archive</kind>
         <file>bios.a55L</file>
         <name>c55_c.o55L</name>
      </input_file>
      <input_file id="fl-4a">
         <path>C:\ti\bios_5_42_01_09\packages\ti\bios\lib\</path>
         <kind>archive</kind>
         <file>bios.a55L</file>
         <name>clk_data.o55L</name>
      </input_file>
      <input_file id="fl-4b">
         <path>C:\ti\bios_5_42_01_09\packages\ti\bios\lib\</path>
         <kind>archive</kind>
         <file>bios.a55L</file>
         <name>clk_data2.o55L</name>
      </input_file>
      <input_file id="fl-4c">
         <path>C:\ti\bios_5_42_01_09\packages\ti\bios\lib\</path>
         <kind>archive</kind>
         <file>bios5505.a55L</file>
         <name>clk5505_start.o55L</name>
      </input_file>
      <input_file id="fl-4d">
         <path>C:\ti\bios_5_42_01_09\packages\ti\bios\lib\</path>
         <kind>archive</kind>
         <file>bios5505.a55L</file>
         <name>clk5505_data.o55L</name>
      </input_file>
      <input_file id="fl-4e">
         <path>C:\ti\bios_5_42_01_09\packages\ti\bios\lib\</path>
         <kind>archive</kind>
         <file>bios5505.a55L</file>
         <name>clk5505_wdog.o55L</name>
      </input_file>
      <input_file id="fl-4f">
         <path>C:\ti\bios_5_42_01_09\packages\ti\bios\lib\</path>
         <kind>archive</kind>
         <file>bios.a55L</file>
         <name>gbl_vers.o55L</name>
      </input_file>
      <input_file id="fl-50">
         <path>C:\Users\bubak\Desktop\ezdsp5535_v1_spring2024\c55xx_csl\ccs_v4.0_examples\cslVC5505\Debug\</path>
         <kind>archive</kind>
         <file>cslVC5505.lib</file>
         <name>csl_gpio.obj</name>
      </input_file>
      <input_file id="fl-51">
         <path>C:\ti\bios_5_42_01_09\packages\ti\bios\lib\</path>
         <kind>archive</kind>
         <file>bios.a55L</file>
         <name>hwi_xable.o55L</name>
      </input_file>
      <input_file id="fl-52">
         <path>C:\Users\bubak\Desktop\ezdsp5535_v1_spring2024\c55xx_csl\ccs_v4.0_examples\cslVC5505\Debug\</path>
         <kind>archive</kind>
         <file>cslVC5505.lib</file>
         <name>csl_i2c.obj</name>
      </input_file>
      <input_file id="fl-53">
         <path>C:\Users\bubak\Desktop\ezdsp5535_v1_spring2024\c55xx_csl\ccs_v4.0_examples\cslVC5505\Debug\</path>
         <kind>archive</kind>
         <file>cslVC5505.lib</file>
         <name>csl_i2s.obj</name>
      </input_file>
      <input_file id="fl-54">
         <path>C:\ti\bios_5_42_01_09\packages\ti\bios\lib\</path>
         <kind>archive</kind>
         <file>bios.a55L</file>
         <name>idl_cal.o55L</name>
      </input_file>
      <input_file id="fl-55">
         <path>C:\ti\bios_5_42_01_09\packages\ti\bios\lib\</path>
         <kind>archive</kind>
         <file>bios5505.a55L</file>
         <name>clk5505_meas.o55L</name>
      </input_file>
      <input_file id="fl-56">
         <path>C:\ti\bios_5_42_01_09\packages\ti\bios\lib\</path>
         <kind>archive</kind>
         <file>bios.a55L</file>
         <name>knl_exit.o55L</name>
      </input_file>
      <input_file id="fl-57">
         <path>C:\ti\bios_5_42_01_09\packages\ti\bios\lib\</path>
         <kind>archive</kind>
         <file>bios.a55L</file>
         <name>knl_chec.o55L</name>
      </input_file>
      <input_file id="fl-58">
         <path>C:\ti\bios_5_42_01_09\packages\ti\bios\lib\</path>
         <kind>archive</kind>
         <file>bios.a55L</file>
         <name>knl.o55L</name>
      </input_file>
      <input_file id="fl-59">
         <path>C:\ti\bios_5_42_01_09\packages\ti\bios\lib\</path>
         <kind>archive</kind>
         <file>bios.a55L</file>
         <name>knl_run.o55L</name>
      </input_file>
      <input_file id="fl-5a">
         <path>C:\ti\bios_5_42_01_09\packages\ti\bios\lib\</path>
         <kind>archive</kind>
         <file>bios.a55L</file>
         <name>knl_tick.o55L</name>
      </input_file>
      <input_file id="fl-5b">
         <path>C:\ti\bios_5_42_01_09\packages\ti\bios\lib\</path>
         <kind>archive</kind>
         <file>bios.a55L</file>
         <name>knl_post.o55L</name>
      </input_file>
      <input_file id="fl-5c">
         <path>C:\ti\bios_5_42_01_09\packages\ti\bios\lib\</path>
         <kind>archive</kind>
         <file>bios.a55L</file>
         <name>knl_ipos.o55L</name>
      </input_file>
      <input_file id="fl-5d">
         <path>C:\ti\bios_5_42_01_09\packages\ti\bios\lib\</path>
         <kind>archive</kind>
         <file>bios.a55L</file>
         <name>mem_asm.o55L</name>
      </input_file>
      <input_file id="fl-5e">
         <path>C:\ti\bios_5_42_01_09\packages\ti\bios\lib\</path>
         <kind>archive</kind>
         <file>bios.a55L</file>
         <name>mem_init.o55L</name>
      </input_file>
      <input_file id="fl-5f">
         <path>C:\ti\bios_5_42_01_09\packages\ti\bios\lib\</path>
         <kind>archive</kind>
         <file>bios.a55L</file>
         <name>obj_init.o55L</name>
      </input_file>
      <input_file id="fl-60">
         <path>C:\ti\bios_5_42_01_09\packages\ti\bios\lib\</path>
         <kind>archive</kind>
         <file>bios.a55L</file>
         <name>rtdx_data.o55L</name>
      </input_file>
      <input_file id="fl-61">
         <path>C:\ti\bios_5_42_01_09\packages\ti\rtdx\lib\c5500\</path>
         <kind>archive</kind>
         <file>rtdxx.lib</file>
         <name>buffer2.o55L</name>
      </input_file>
      <input_file id="fl-62">
         <path>C:\ti\bios_5_42_01_09\packages\ti\rtdx\lib\c5500\</path>
         <kind>archive</kind>
         <file>rtdxx.lib</file>
         <name>buffer1.o55L</name>
      </input_file>
      <input_file id="fl-63">
         <path>C:\ti\bios_5_42_01_09\packages\ti\rtdx\lib\c5500\</path>
         <kind>archive</kind>
         <file>rtdxx.lib</file>
         <name>rtdx_mon.o55L</name>
      </input_file>
      <input_file id="fl-64">
         <path>C:\ti\bios_5_42_01_09\packages\ti\rtdx\lib\c5500\</path>
         <kind>archive</kind>
         <file>rtdxx.lib</file>
         <name>intr_tgt.o55L</name>
      </input_file>
      <input_file id="fl-65">
         <path>C:\Users\bubak\Desktop\ezdsp5535_v1_spring2024\c55xx_csl\ccs_v4.0_examples\cslVC5505\Debug\</path>
         <kind>archive</kind>
         <file>cslVC5505.lib</file>
         <name>csl_sar.obj</name>
      </input_file>
      <input_file id="fl-66">
         <path>C:\ti\bios_5_42_01_09\packages\ti\bios\lib\</path>
         <kind>archive</kind>
         <file>bios.a55L</file>
         <name>sts_set.o55L</name>
      </input_file>
      <input_file id="fl-67">
         <path>C:\ti\bios_5_42_01_09\packages\ti\bios\lib\</path>
         <kind>archive</kind>
         <file>bios.a55L</file>
         <name>tsk.o55L</name>
      </input_file>
      <input_file id="fl-68">
         <path>C:\ti\bios_5_42_01_09\packages\ti\bios\lib\</path>
         <kind>archive</kind>
         <file>bios.a55L</file>
         <name>tsk_exit.o55L</name>
      </input_file>
      <input_file id="fl-69">
         <path>C:\ti\bios_5_42_01_09\packages\ti\bios\lib\</path>
         <kind>archive</kind>
         <file>bios.a55L</file>
         <name>sys_exit.o55L</name>
      </input_file>
      <input_file id="fl-6a">
         <path>C:\ti\bios_5_42_01_09\packages\ti\bios\lib\</path>
         <kind>archive</kind>
         <file>bios.a55L</file>
         <name>sys.o55L</name>
      </input_file>
      <input_file id="fl-6b">
         <path>C:\ti\bios_5_42_01_09\packages\ti\bios\lib\</path>
         <kind>archive</kind>
         <file>bios.a55L</file>
         <name>tsk_init.o55L</name>
      </input_file>
      <input_file id="fl-6c">
         <path>C:\ti\bios_5_42_01_09\packages\ti\bios\lib\</path>
         <kind>archive</kind>
         <file>bios.a55L</file>
         <name>tsk_setu.o55L</name>
      </input_file>
      <input_file id="fl-6d">
         <path>C:\ti\bios_5_42_01_09\packages\ti\bios\lib\</path>
         <kind>archive</kind>
         <file>bios.a55L</file>
         <name>tsk_stup.o55L</name>
      </input_file>
      <input_file id="fl-6e">
         <path>C:\ti\bios_5_42_01_09\packages\ti\bios\lib\</path>
         <kind>archive</kind>
         <file>bios.a55L</file>
         <name>lck.o55L</name>
      </input_file>
      <input_file id="fl-6f">
         <path>C:\ti\bios_5_42_01_09\packages\ti\bios\lib\</path>
         <kind>archive</kind>
         <file>bios.a55L</file>
         <name>sem_pend_counting.o55L</name>
      </input_file>
      <input_file id="fl-70">
         <path>C:\ti\bios_5_42_01_09\packages\ti\bios\lib\</path>
         <kind>archive</kind>
         <file>bios.a55L</file>
         <name>sem_pend.o55L</name>
      </input_file>
      <input_file id="fl-71">
         <path>C:\ti\bios_5_42_01_09\packages\ti\bios\lib\</path>
         <kind>archive</kind>
         <file>bios.a55L</file>
         <name>sem_post_asm.o55L</name>
      </input_file>
      <input_file id="fl-72">
         <path>C:\ti\bios_5_42_01_09\packages\ti\bios\lib\</path>
         <kind>archive</kind>
         <file>bios.a55L</file>
         <name>sem_post.o55L</name>
      </input_file>
      <input_file id="fl-73">
         <path>C:\ti\bios_5_42_01_09\packages\ti\bios\lib\</path>
         <kind>archive</kind>
         <file>bios.a55L</file>
         <name>sys_abor.o55L</name>
      </input_file>
      <input_file id="fl-74">
         <path>C:\ti\bios_5_42_01_09\packages\ti\bios\lib\</path>
         <kind>archive</kind>
         <file>bios.a55L</file>
         <name>sem_dopo.o55L</name>
      </input_file>
      <input_file id="fl-75">
         <path>C:\ti\ccsv6\tools\compiler\c5500_4.4.1\lib\</path>
         <kind>archive</kind>
         <file>rts55x.lib</file>
         <name>divul.obj</name>
      </input_file>
      <input_file id="fl-76">
         <path>C:\ti\ccsv6\tools\compiler\c5500_4.4.1\lib\</path>
         <kind>archive</kind>
         <file>rts55x.lib</file>
         <name>lmpy.obj</name>
      </input_file>
      <input_file id="fl-77">
         <path>C:\ti\ccsv6\tools\compiler\c5500_4.4.1\lib\</path>
         <kind>archive</kind>
         <file>rts55x.lib</file>
         <name>_lock.obj</name>
      </input_file>
      <input_file id="fl-78">
         <path>C:\ti\ccsv6\tools\compiler\c5500_4.4.1\lib\</path>
         <kind>archive</kind>
         <file>rts55x.lib</file>
         <name>remul.obj</name>
      </input_file>
      <input_file id="fl-79">
         <path>C:\ti\ccsv6\tools\compiler\c5500_4.4.1\lib\</path>
         <kind>archive</kind>
         <file>rts55x.lib</file>
         <name>atexit.obj</name>
      </input_file>
      <input_file id="fl-7a">
         <path>C:\ti\ccsv6\tools\compiler\c5500_4.4.1\lib\</path>
         <kind>archive</kind>
         <file>rts55x.lib</file>
         <name>sinit.obj</name>
      </input_file>
      <input_file id="fl-7b">
         <path>C:\ti\ccsv6\tools\compiler\c5500_4.4.1\lib\</path>
         <kind>archive</kind>
         <file>rts55x.lib</file>
         <name>exit.obj</name>
      </input_file>
      <input_file id="fl-7c">
         <path>C:\ti\bios_5_42_01_09\packages\ti\bios\lib\</path>
         <kind>archive</kind>
         <file>bios.a55L</file>
         <name>autoinit.o55L</name>
      </input_file>
      <input_file id="fl-7d">
         <path>C:\ti\ccsv6\tools\compiler\c5500_4.4.1\lib\</path>
         <kind>archive</kind>
         <file>rts55x.lib</file>
         <name>memcpy.obj</name>
      </input_file>
      <input_file id="fl-7e">
         <path>C:\ti\bios_5_42_01_09\packages\ti\bios\lib\</path>
         <kind>archive</kind>
         <file>bios.a55L</file>
         <name>rta_andn.o55L</name>
      </input_file>
   </input_file_list>
   <object_component_list>
      <object_component id="oc-9e">
         <name>.vers</name>
         <load_address>0x0</load_address>
         <run_address>0x0</run_address>
         <size>0x78</size>
         <input_file_ref idref="fl-c"/>
      </object_component>
      <object_component id="oc-8e">
         <name>.clk</name>
         <uninitialized>true</uninitialized>
         <run_address>0xec3c</run_address>
         <size>0x8</size>
         <input_file_ref idref="fl-c"/>
      </object_component>
      <object_component id="oc-94">
         <name>.swi</name>
         <uninitialized>true</uninitialized>
         <run_address>0xebbc</run_address>
         <size>0x28</size>
         <input_file_ref idref="fl-c"/>
      </object_component>
      <object_component id="oc-97">
         <name>.tsk</name>
         <uninitialized>true</uninitialized>
         <run_address>0xeac8</run_address>
         <size>0x58</size>
         <input_file_ref idref="fl-c"/>
      </object_component>
      <object_component id="oc-99">
         <name>.idl</name>
         <uninitialized>true</uninitialized>
         <run_address>0xebe4</run_address>
         <size>0x14</size>
         <input_file_ref idref="fl-c"/>
      </object_component>
      <object_component id="oc-98">
         <name>.idlcal</name>
         <uninitialized>true</uninitialized>
         <run_address>0xebf8</run_address>
         <size>0x14</size>
         <input_file_ref idref="fl-c"/>
      </object_component>
      <object_component id="oc-45">
         <name>.bss</name>
         <uninitialized>true</uninitialized>
         <run_address>0x45c8</run_address>
         <size>0x28</size>
         <input_file_ref idref="fl-c"/>
      </object_component>
      <object_component id="oc-5b">
         <name>.bss</name>
         <uninitialized>true</uninitialized>
         <run_address>0xc0</run_address>
         <size>0x40fa</size>
         <input_file_ref idref="fl-4"/>
      </object_component>
      <object_component id="oc-67">
         <name>.bss</name>
         <uninitialized>true</uninitialized>
         <run_address>0x466c</run_address>
         <size>0x8</size>
         <input_file_ref idref="fl-6"/>
      </object_component>
      <object_component id="oc-72">
         <name>.bss</name>
         <uninitialized>true</uninitialized>
         <run_address>0x468c</run_address>
         <size>0x4</size>
         <input_file_ref idref="fl-8"/>
      </object_component>
      <object_component id="oc-82">
         <name>.bss</name>
         <uninitialized>true</uninitialized>
         <run_address>0x463c</run_address>
         <size>0x10</size>
         <input_file_ref idref="fl-b"/>
      </object_component>
      <object_component id="oc-a5">
         <name>.bss</name>
         <uninitialized>true</uninitialized>
         <run_address>0x41ba</run_address>
         <size>0x2</size>
         <input_file_ref idref="fl-e"/>
      </object_component>
      <object_component id="oc-d1">
         <name>.bss</name>
         <uninitialized>true</uninitialized>
         <run_address>0x464c</run_address>
         <size>0xc</size>
         <input_file_ref idref="fl-3a"/>
      </object_component>
      <object_component id="oc-119">
         <name>.bss</name>
         <uninitialized>true</uninitialized>
         <run_address>0x4664</run_address>
         <size>0x8</size>
         <input_file_ref idref="fl-4a"/>
      </object_component>
      <object_component id="oc-11d">
         <name>.bss</name>
         <uninitialized>true</uninitialized>
         <run_address>0x4684</run_address>
         <size>0x4</size>
         <input_file_ref idref="fl-4b"/>
      </object_component>
      <object_component id="oc-125">
         <name>.bss</name>
         <uninitialized>true</uninitialized>
         <run_address>0x4614</run_address>
         <size>0x18</size>
         <input_file_ref idref="fl-4d"/>
      </object_component>
      <object_component id="oc-13b">
         <name>.bss</name>
         <uninitialized>true</uninitialized>
         <run_address>0x45f0</run_address>
         <size>0x24</size>
         <input_file_ref idref="fl-52"/>
      </object_component>
      <object_component id="oc-141">
         <name>.bss</name>
         <uninitialized>true</uninitialized>
         <run_address>0x44b4</run_address>
         <size>0x54</size>
         <input_file_ref idref="fl-53"/>
      </object_component>
      <object_component id="oc-157">
         <name>.bss</name>
         <uninitialized>true</uninitialized>
         <run_address>0x4340</run_address>
         <size>0x114</size>
         <input_file_ref idref="fl-58"/>
      </object_component>
      <object_component id="oc-160">
         <name>.bss</name>
         <uninitialized>true</uninitialized>
         <run_address>0x462c</run_address>
         <size>0x10</size>
         <input_file_ref idref="fl-5a"/>
      </object_component>
      <object_component id="oc-16e">
         <name>.bss</name>
         <uninitialized>true</uninitialized>
         <run_address>0x4688</run_address>
         <size>0x4</size>
         <input_file_ref idref="fl-5d"/>
      </object_component>
      <object_component id="oc-176">
         <name>.bss</name>
         <uninitialized>true</uninitialized>
         <run_address>0x4558</run_address>
         <size>0x46</size>
         <input_file_ref idref="fl-5f"/>
      </object_component>
      <object_component id="oc-180">
         <name>.bss</name>
         <uninitialized>true</uninitialized>
         <run_address>0x4658</run_address>
         <size>0xc</size>
         <input_file_ref idref="fl-62"/>
      </object_component>
      <object_component id="oc-191">
         <name>.bss</name>
         <uninitialized>true</uninitialized>
         <run_address>0x4454</run_address>
         <size>0x60</size>
         <input_file_ref idref="fl-67"/>
      </object_component>
      <object_component id="oc-19f">
         <name>.bss</name>
         <uninitialized>true</uninitialized>
         <run_address>0x45a0</run_address>
         <size>0x28</size>
         <input_file_ref idref="fl-6a"/>
      </object_component>
      <object_component id="oc-1ad">
         <name>.bss</name>
         <uninitialized>true</uninitialized>
         <run_address>0x4508</run_address>
         <size>0x50</size>
         <input_file_ref idref="fl-6d"/>
      </object_component>
      <object_component id="oc-1d9">
         <name>.bss</name>
         <uninitialized>true</uninitialized>
         <run_address>0x4674</run_address>
         <size>0x8</size>
         <input_file_ref idref="fl-77"/>
      </object_component>
      <object_component id="oc-1e3">
         <name>.bss</name>
         <uninitialized>true</uninitialized>
         <run_address>0x41bc</run_address>
         <size>0x184</size>
         <input_file_ref idref="fl-79"/>
      </object_component>
      <object_component id="oc-1e9">
         <name>.bss</name>
         <uninitialized>true</uninitialized>
         <run_address>0x4690</run_address>
         <size>0x4</size>
         <input_file_ref idref="fl-7a"/>
      </object_component>
      <object_component id="oc-1ef">
         <name>.bss</name>
         <uninitialized>true</uninitialized>
         <run_address>0x467c</run_address>
         <size>0x8</size>
         <input_file_ref idref="fl-7b"/>
      </object_component>
      <object_component id="oc-e6">
         <name>.hwi_disp_sec</name>
         <uninitialized>true</uninitialized>
         <run_address>0xe73c</run_address>
         <size>0x180</size>
         <input_file_ref idref="fl-3f"/>
      </object_component>
      <object_component id="oc-ae">
         <name>.sysdata</name>
         <uninitialized>true</uninitialized>
         <run_address>0xe5a0</run_address>
         <size>0x160</size>
         <input_file_ref idref="fl-30"/>
      </object_component>
      <object_component id="oc-eb">
         <name>.sysdata</name>
         <uninitialized>true</uninitialized>
         <run_address>0xe738</run_address>
         <size>0x4</size>
         <input_file_ref idref="fl-40"/>
      </object_component>
      <object_component id="oc-f5">
         <name>.sysdata</name>
         <uninitialized>true</uninitialized>
         <run_address>0xe72c</run_address>
         <size>0xc</size>
         <input_file_ref idref="fl-42"/>
      </object_component>
      <object_component id="oc-107">
         <name>.sysdata</name>
         <uninitialized>true</uninitialized>
         <run_address>0xe700</run_address>
         <size>0x2c</size>
         <input_file_ref idref="fl-46"/>
      </object_component>
      <object_component id="oc-89">
         <name>.mem</name>
         <uninitialized>true</uninitialized>
         <run_address>0x7d76</run_address>
         <size>0x2</size>
         <input_file_ref idref="fl-c"/>
      </object_component>
      <object_component id="oc-47">
         <name>.bios</name>
         <load_address>0x7d78</load_address>
         <run_address>0x7d78</run_address>
         <size>0x3d4</size>
         <input_file_ref idref="fl-32"/>
      </object_component>
      <object_component id="oc-f7">
         <name>.bios</name>
         <load_address>0x814c</load_address>
         <run_address>0x814c</run_address>
         <size>0x3a3</size>
         <input_file_ref idref="fl-42"/>
      </object_component>
      <object_component id="oc-e7">
         <name>.bios</name>
         <load_address>0x84ef</load_address>
         <run_address>0x84ef</run_address>
         <size>0x35f</size>
         <input_file_ref idref="fl-3f"/>
      </object_component>
      <object_component id="oc-1bc">
         <name>.bios</name>
         <load_address>0x8850</load_address>
         <run_address>0x8850</run_address>
         <size>0x18b</size>
         <input_file_ref idref="fl-70"/>
      </object_component>
      <object_component id="oc-103">
         <name>.bios</name>
         <load_address>0x89db</load_address>
         <run_address>0x89db</run_address>
         <size>0x186</size>
         <input_file_ref idref="fl-45"/>
      </object_component>
      <object_component id="oc-15c">
         <name>.bios</name>
         <load_address>0x8b64</load_address>
         <run_address>0x8b64</run_address>
         <size>0x185</size>
         <input_file_ref idref="fl-59"/>
      </object_component>
      <object_component id="oc-162">
         <name>.bios</name>
         <load_address>0x8cec</load_address>
         <run_address>0x8cec</run_address>
         <size>0x144</size>
         <input_file_ref idref="fl-5a"/>
      </object_component>
      <object_component id="oc-109">
         <name>.bios</name>
         <load_address>0x8e30</load_address>
         <run_address>0x8e30</run_address>
         <size>0x130</size>
         <input_file_ref idref="fl-46"/>
      </object_component>
      <object_component id="oc-ff">
         <name>.bios</name>
         <load_address>0x8f60</load_address>
         <run_address>0x8f60</run_address>
         <size>0x119</size>
         <input_file_ref idref="fl-44"/>
      </object_component>
      <object_component id="oc-42">
         <name>.bios</name>
         <load_address>0x9079</load_address>
         <run_address>0x9079</run_address>
         <size>0x10e</size>
         <input_file_ref idref="fl-31"/>
      </object_component>
      <object_component id="oc-1cc">
         <name>.bios</name>
         <load_address>0x9188</load_address>
         <run_address>0x9188</run_address>
         <size>0x104</size>
         <input_file_ref idref="fl-74"/>
      </object_component>
      <object_component id="oc-197">
         <name>.bios</name>
         <load_address>0x928c</load_address>
         <run_address>0x928c</run_address>
         <size>0xf8</size>
         <input_file_ref idref="fl-68"/>
      </object_component>
      <object_component id="oc-1a8">
         <name>.bios</name>
         <load_address>0x9384</load_address>
         <run_address>0x9384</run_address>
         <size>0xf6</size>
         <input_file_ref idref="fl-6c"/>
      </object_component>
      <object_component id="oc-1af">
         <name>.bios</name>
         <load_address>0x947c</load_address>
         <run_address>0x947c</run_address>
         <size>0xbf</size>
         <input_file_ref idref="fl-6d"/>
      </object_component>
      <object_component id="oc-115">
         <name>.bios</name>
         <load_address>0x953b</load_address>
         <run_address>0x953b</run_address>
         <size>0xa2</size>
         <input_file_ref idref="fl-49"/>
      </object_component>
      <object_component id="oc-121">
         <name>.bios</name>
         <load_address>0x95e0</load_address>
         <run_address>0x95e0</run_address>
         <size>0x90</size>
         <input_file_ref idref="fl-4c"/>
      </object_component>
      <object_component id="oc-153">
         <name>.bios</name>
         <load_address>0x9670</load_address>
         <run_address>0x9670</run_address>
         <size>0x8d</size>
         <input_file_ref idref="fl-57"/>
      </object_component>
      <object_component id="oc-48">
         <name>.bios</name>
         <load_address>0x9700</load_address>
         <run_address>0x9700</run_address>
         <size>0x8d</size>
         <input_file_ref idref="fl-35"/>
      </object_component>
      <object_component id="oc-4a">
         <name>.bios</name>
         <load_address>0x9790</load_address>
         <run_address>0x9790</run_address>
         <size>0x87</size>
         <input_file_ref idref="fl-34"/>
      </object_component>
      <object_component id="oc-1c0">
         <name>.bios</name>
         <load_address>0x9817</load_address>
         <run_address>0x9817</run_address>
         <size>0x82</size>
         <input_file_ref idref="fl-71"/>
      </object_component>
      <object_component id="oc-14b">
         <name>.bios</name>
         <load_address>0x989c</load_address>
         <run_address>0x989c</run_address>
         <size>0x68</size>
         <input_file_ref idref="fl-55"/>
      </object_component>
      <object_component id="oc-14f">
         <name>.bios</name>
         <load_address>0x9904</load_address>
         <run_address>0x9904</run_address>
         <size>0x5f</size>
         <input_file_ref idref="fl-56"/>
      </object_component>
      <object_component id="oc-16a">
         <name>.bios</name>
         <load_address>0x9964</load_address>
         <run_address>0x9964</run_address>
         <size>0x5b</size>
         <input_file_ref idref="fl-5c"/>
      </object_component>
      <object_component id="oc-1b4">
         <name>.bios</name>
         <load_address>0x99c0</load_address>
         <run_address>0x99c0</run_address>
         <size>0x58</size>
         <input_file_ref idref="fl-6e"/>
      </object_component>
      <object_component id="oc-fb">
         <name>.bios</name>
         <load_address>0x9a18</load_address>
         <run_address>0x9a18</run_address>
         <size>0x51</size>
         <input_file_ref idref="fl-43"/>
      </object_component>
      <object_component id="oc-1b8">
         <name>.bios</name>
         <load_address>0x9a69</load_address>
         <run_address>0x9a69</run_address>
         <size>0x4e</size>
         <input_file_ref idref="fl-6f"/>
      </object_component>
      <object_component id="oc-1c4">
         <name>.bios</name>
         <load_address>0x9ab8</load_address>
         <run_address>0x9ab8</run_address>
         <size>0x48</size>
         <input_file_ref idref="fl-72"/>
      </object_component>
      <object_component id="oc-10d">
         <name>.bios</name>
         <load_address>0x9b00</load_address>
         <run_address>0x9b00</run_address>
         <size>0x48</size>
         <input_file_ref idref="fl-47"/>
      </object_component>
      <object_component id="oc-19b">
         <name>.bios</name>
         <load_address>0x9b48</load_address>
         <run_address>0x9b48</run_address>
         <size>0x48</size>
         <input_file_ref idref="fl-69"/>
      </object_component>
      <object_component id="oc-ed">
         <name>.bios</name>
         <load_address>0x9b90</load_address>
         <run_address>0x9b90</run_address>
         <size>0x47</size>
         <input_file_ref idref="fl-40"/>
      </object_component>
      <object_component id="oc-147">
         <name>.bios</name>
         <load_address>0x9bd7</load_address>
         <run_address>0x9bd7</run_address>
         <size>0x46</size>
         <input_file_ref idref="fl-54"/>
      </object_component>
      <object_component id="oc-1fd">
         <name>.bios</name>
         <load_address>0x9c1d</load_address>
         <run_address>0x9c1d</run_address>
         <size>0x43</size>
         <input_file_ref idref="fl-7e"/>
      </object_component>
      <object_component id="oc-4b">
         <name>.bios</name>
         <load_address>0x9c60</load_address>
         <run_address>0x9c60</run_address>
         <size>0x36</size>
         <input_file_ref idref="fl-3a"/>
      </object_component>
      <object_component id="oc-166">
         <name>.bios</name>
         <load_address>0x9c98</load_address>
         <run_address>0x9c98</run_address>
         <size>0x34</size>
         <input_file_ref idref="fl-5b"/>
      </object_component>
      <object_component id="oc-d9">
         <name>.bios</name>
         <load_address>0x9ccc</load_address>
         <run_address>0x9ccc</run_address>
         <size>0x34</size>
         <input_file_ref idref="fl-3c"/>
      </object_component>
      <object_component id="oc-44">
         <name>.bios</name>
         <load_address>0x9d00</load_address>
         <run_address>0x9d00</run_address>
         <size>0x25</size>
         <input_file_ref idref="fl-2f"/>
      </object_component>
      <object_component id="oc-4f">
         <name>.bios</name>
         <load_address>0x9d25</load_address>
         <run_address>0x9d25</run_address>
         <size>0x24</size>
         <input_file_ref idref="fl-37"/>
      </object_component>
      <object_component id="oc-43">
         <name>.bios</name>
         <load_address>0x9d4c</load_address>
         <run_address>0x9d4c</run_address>
         <size>0x23</size>
         <input_file_ref idref="fl-38"/>
      </object_component>
      <object_component id="oc-4d">
         <name>.bios</name>
         <load_address>0x9d70</load_address>
         <run_address>0x9d70</run_address>
         <size>0x20</size>
         <input_file_ref idref="fl-39"/>
      </object_component>
      <object_component id="oc-136">
         <name>.bios</name>
         <load_address>0x9d90</load_address>
         <run_address>0x9d90</run_address>
         <size>0x1a</size>
         <input_file_ref idref="fl-51"/>
      </object_component>
      <object_component id="oc-49">
         <name>.bios</name>
         <load_address>0x9daa</load_address>
         <run_address>0x9daa</run_address>
         <size>0x17</size>
         <input_file_ref idref="fl-33"/>
      </object_component>
      <object_component id="oc-1c8">
         <name>.bios</name>
         <load_address>0x9dc4</load_address>
         <run_address>0x9dc4</run_address>
         <size>0x17</size>
         <input_file_ref idref="fl-73"/>
      </object_component>
      <object_component id="oc-f1">
         <name>.bios</name>
         <load_address>0x9ddb</load_address>
         <run_address>0x9ddb</run_address>
         <size>0xc</size>
         <input_file_ref idref="fl-41"/>
      </object_component>
      <object_component id="oc-4c">
         <name>.bios</name>
         <load_address>0x9de8</load_address>
         <run_address>0x9de8</run_address>
         <size>0x8</size>
         <input_file_ref idref="fl-3b"/>
      </object_component>
      <object_component id="oc-18d">
         <name>.bios</name>
         <load_address>0x9df0</load_address>
         <run_address>0x9df0</run_address>
         <size>0x7</size>
         <input_file_ref idref="fl-66"/>
      </object_component>
      <object_component id="oc-12d">
         <name>.bios</name>
         <load_address>0x9df7</load_address>
         <run_address>0x9df7</run_address>
         <size>0x6</size>
         <input_file_ref idref="fl-4f"/>
      </object_component>
      <object_component id="oc-4e">
         <name>.bios</name>
         <load_address>0x9e00</load_address>
         <run_address>0x9e00</run_address>
         <size>0x2</size>
         <input_file_ref idref="fl-36"/>
      </object_component>
      <object_component id="oc-129">
         <name>.bios</name>
         <load_address>0x9e04</load_address>
         <run_address>0x9e04</run_address>
         <size>0x2</size>
         <input_file_ref idref="fl-4e"/>
      </object_component>
      <object_component id="oc-13a">
         <name>.text</name>
         <load_address>0x4694</load_address>
         <run_address>0x4694</run_address>
         <size>0xc3c</size>
         <input_file_ref idref="fl-52"/>
      </object_component>
      <object_component id="oc-188">
         <name>.text</name>
         <load_address>0x52d0</load_address>
         <run_address>0x52d0</run_address>
         <size>0xb18</size>
         <input_file_ref idref="fl-65"/>
      </object_component>
      <object_component id="oc-140">
         <name>.text</name>
         <load_address>0x5de8</load_address>
         <run_address>0x5de8</run_address>
         <size>0x9f3</size>
         <input_file_ref idref="fl-53"/>
      </object_component>
      <object_component id="oc-131">
         <name>.text</name>
         <load_address>0x67db</load_address>
         <run_address>0x67db</run_address>
         <size>0x68d</size>
         <input_file_ref idref="fl-50"/>
      </object_component>
      <object_component id="oc-55">
         <name>.text</name>
         <load_address>0x6e68</load_address>
         <run_address>0x6e68</run_address>
         <size>0x22e</size>
         <input_file_ref idref="fl-3"/>
      </object_component>
      <object_component id="oc-7c">
         <name>.text</name>
         <load_address>0x7096</load_address>
         <run_address>0x7096</run_address>
         <size>0x1e7</size>
         <input_file_ref idref="fl-a"/>
      </object_component>
      <object_component id="oc-77">
         <name>.text</name>
         <load_address>0x727d</load_address>
         <run_address>0x727d</run_address>
         <size>0x192</size>
         <input_file_ref idref="fl-9"/>
      </object_component>
      <object_component id="oc-81">
         <name>.text</name>
         <load_address>0x740f</load_address>
         <run_address>0x740f</run_address>
         <size>0x150</size>
         <input_file_ref idref="fl-b"/>
      </object_component>
      <object_component id="oc-5a">
         <name>.text</name>
         <load_address>0x755f</load_address>
         <run_address>0x755f</run_address>
         <size>0x114</size>
         <input_file_ref idref="fl-4"/>
      </object_component>
      <object_component id="oc-71">
         <name>.text</name>
         <load_address>0x7673</load_address>
         <run_address>0x7673</run_address>
         <size>0x107</size>
         <input_file_ref idref="fl-8"/>
      </object_component>
      <object_component id="oc-a4">
         <name>.text</name>
         <load_address>0x777a</load_address>
         <run_address>0x777a</run_address>
         <size>0xa6</size>
         <input_file_ref idref="fl-e"/>
      </object_component>
      <object_component id="oc-1d0">
         <name>.text</name>
         <load_address>0x7820</load_address>
         <run_address>0x7820</run_address>
         <size>0xa1</size>
         <input_file_ref idref="fl-75"/>
      </object_component>
      <object_component id="oc-6c">
         <name>.text</name>
         <load_address>0x78c1</load_address>
         <run_address>0x78c1</run_address>
         <size>0x8e</size>
         <input_file_ref idref="fl-7"/>
      </object_component>
      <object_component id="oc-66">
         <name>.text</name>
         <load_address>0x794f</load_address>
         <run_address>0x794f</run_address>
         <size>0x87</size>
         <input_file_ref idref="fl-6"/>
      </object_component>
      <object_component id="oc-50">
         <name>.text</name>
         <load_address>0x79d6</load_address>
         <run_address>0x79d6</run_address>
         <size>0x85</size>
         <input_file_ref idref="fl-2"/>
      </object_component>
      <object_component id="oc-1e8">
         <name>.text</name>
         <load_address>0x7a5b</load_address>
         <run_address>0x7a5b</run_address>
         <size>0x75</size>
         <input_file_ref idref="fl-7a"/>
      </object_component>
      <object_component id="oc-1de">
         <name>.text</name>
         <load_address>0x7ad0</load_address>
         <run_address>0x7ad0</run_address>
         <size>0x72</size>
         <input_file_ref idref="fl-78"/>
      </object_component>
      <object_component id="oc-1e2">
         <name>.text</name>
         <load_address>0x7b42</load_address>
         <run_address>0x7b42</run_address>
         <size>0x6f</size>
         <input_file_ref idref="fl-79"/>
      </object_component>
      <object_component id="oc-111">
         <name>.text</name>
         <load_address>0x7bb4</load_address>
         <run_address>0x7bb4</run_address>
         <size>0x67</size>
         <input_file_ref idref="fl-48"/>
      </object_component>
      <object_component id="oc-1ac">
         <name>.text</name>
         <load_address>0x7c1c</load_address>
         <run_address>0x7c1c</run_address>
         <size>0x5c</size>
         <input_file_ref idref="fl-6d"/>
      </object_component>
      <object_component id="oc-61">
         <name>.text</name>
         <load_address>0x7c78</load_address>
         <run_address>0x7c78</run_address>
         <size>0x54</size>
         <input_file_ref idref="fl-5"/>
      </object_component>
      <object_component id="oc-1f9">
         <name>.text</name>
         <load_address>0x7ccc</load_address>
         <run_address>0x7ccc</run_address>
         <size>0x3f</size>
         <input_file_ref idref="fl-7d"/>
      </object_component>
      <object_component id="oc-1ee">
         <name>.text</name>
         <load_address>0x7d0b</load_address>
         <run_address>0x7d0b</run_address>
         <size>0x3e</size>
         <input_file_ref idref="fl-7b"/>
      </object_component>
      <object_component id="oc-1d4">
         <name>.text</name>
         <load_address>0x7d49</load_address>
         <run_address>0x7d49</run_address>
         <size>0x13</size>
         <input_file_ref idref="fl-76"/>
      </object_component>
      <object_component id="oc-1d8">
         <name>.text</name>
         <load_address>0x7d5c</load_address>
         <run_address>0x7d5c</run_address>
         <size>0x12</size>
         <input_file_ref idref="fl-77"/>
      </object_component>
      <object_component id="oc-1f2">
         <name>.text:CIO_breakpoint</name>
         <load_address>0x7d6e</load_address>
         <run_address>0x7d6e</run_address>
         <size>0x7</size>
         <input_file_ref idref="fl-7b"/>
      </object_component>
      <object_component id="oc-172">
         <name>.sysinit</name>
         <load_address>0xe000</load_address>
         <run_address>0xe000</run_address>
         <size>0x111</size>
         <input_file_ref idref="fl-5e"/>
      </object_component>
      <object_component id="oc-9d">
         <name>.sysinit</name>
         <load_address>0xe111</load_address>
         <run_address>0xe111</run_address>
         <size>0xd5</size>
         <input_file_ref idref="fl-c"/>
      </object_component>
      <object_component id="oc-1a4">
         <name>.sysinit</name>
         <load_address>0xe1e8</load_address>
         <run_address>0xe1e8</run_address>
         <size>0x84</size>
         <input_file_ref idref="fl-6b"/>
      </object_component>
      <object_component id="oc-1f5">
         <name>.sysinit</name>
         <load_address>0xe26c</load_address>
         <run_address>0xe26c</run_address>
         <size>0x71</size>
         <input_file_ref idref="fl-7c"/>
      </object_component>
      <object_component id="oc-46">
         <name>.sysinit</name>
         <load_address>0xe2dd</load_address>
         <run_address>0xe2dd</run_address>
         <size>0x6f</size>
         <input_file_ref idref="fl-3d"/>
      </object_component>
      <object_component id="oc-178">
         <name>.sysinit</name>
         <load_address>0xe34c</load_address>
         <run_address>0xe34c</run_address>
         <size>0x2</size>
         <input_file_ref idref="fl-5f"/>
      </object_component>
      <object_component id="oc-e2">
         <name>.trcdata</name>
         <load_address>0xec44</load_address>
         <run_address>0xec44</run_address>
         <size>0x6</size>
         <input_file_ref idref="fl-3e"/>
      </object_component>
      <object_component id="oc-213">
         <name>.rtdx_text:_RTDX_write_next</name>
         <load_address>0xc5fc</load_address>
         <run_address>0xc5fc</run_address>
         <size>0x1db</size>
         <input_file_ref idref="fl-62"/>
      </object_component>
      <object_component id="oc-20e">
         <name>.rtdx_text:_RTDX_Buffer_WriteCB</name>
         <load_address>0xc7d7</load_address>
         <run_address>0xc7d7</run_address>
         <size>0x17c</size>
         <input_file_ref idref="fl-62"/>
      </object_component>
      <object_component id="oc-207">
         <name>.rtdx_text:_RTDX_Init_RT_Monitor</name>
         <load_address>0xc953</load_address>
         <run_address>0xc953</run_address>
         <size>0x10f</size>
         <input_file_ref idref="fl-63"/>
      </object_component>
      <object_component id="oc-202">
         <name>.rtdx_text:_RTDX_Poll</name>
         <load_address>0xca62</load_address>
         <run_address>0xca62</run_address>
         <size>0xec</size>
         <input_file_ref idref="fl-63"/>
      </object_component>
      <object_component id="oc-212">
         <name>.rtdx_text:_claim</name>
         <load_address>0xcb4e</load_address>
         <run_address>0xcb4e</run_address>
         <size>0xb5</size>
         <input_file_ref idref="fl-62"/>
      </object_component>
      <object_component id="oc-20b">
         <name>.rtdx_text:_StartXFer</name>
         <load_address>0xcc03</load_address>
         <run_address>0xcc03</run_address>
         <size>0x93</size>
         <input_file_ref idref="fl-63"/>
      </object_component>
      <object_component id="oc-214">
         <name>.rtdx_text:_RTDX_Mon_Queue</name>
         <load_address>0xcc96</load_address>
         <run_address>0xcc96</run_address>
         <size>0x88</size>
         <input_file_ref idref="fl-63"/>
      </object_component>
      <object_component id="oc-203">
         <name>.rtdx_text:_RTDX_H2TPoll</name>
         <load_address>0xcd1e</load_address>
         <run_address>0xcd1e</run_address>
         <size>0x65</size>
         <input_file_ref idref="fl-63"/>
      </object_component>
      <object_component id="oc-206">
         <name>.rtdx_text:_RTDX_Buffer_Initialize</name>
         <load_address>0xcd83</load_address>
         <run_address>0xcd83</run_address>
         <size>0x53</size>
         <input_file_ref idref="fl-62"/>
      </object_component>
      <object_component id="oc-20d">
         <name>.rtdx_text:_RTDX_Buffer_ReadCB</name>
         <load_address>0xcdd6</load_address>
         <run_address>0xcdd6</run_address>
         <size>0x4b</size>
         <input_file_ref idref="fl-61"/>
      </object_component>
      <object_component id="oc-210">
         <name>.rtdx_text:_RTDX_Final_RT_Monitor</name>
         <load_address>0xce21</load_address>
         <run_address>0xce21</run_address>
         <size>0x3c</size>
         <input_file_ref idref="fl-63"/>
      </object_component>
      <object_component id="oc-211">
         <name>.rtdx_text:_RTDX_Buffer_Size</name>
         <load_address>0xce5d</load_address>
         <run_address>0xce5d</run_address>
         <size>0x3b</size>
         <input_file_ref idref="fl-62"/>
      </object_component>
      <object_component id="oc-208">
         <name>.rtdx_text:_RTDX_Mask_IER</name>
         <load_address>0xce98</load_address>
         <run_address>0xce98</run_address>
         <size>0x2a</size>
         <input_file_ref idref="fl-64"/>
      </object_component>
      <object_component id="oc-204">
         <name>.rtdx_text:_RTDX_Buffer_Read</name>
         <load_address>0xcec2</load_address>
         <run_address>0xcec2</run_address>
         <size>0x22</size>
         <input_file_ref idref="fl-61"/>
      </object_component>
      <object_component id="oc-20c">
         <name>.rtdx_text:_RTDX_Set_IER</name>
         <load_address>0xcee4</load_address>
         <run_address>0xcee4</run_address>
         <size>0x1e</size>
         <input_file_ref idref="fl-64"/>
      </object_component>
      <object_component id="oc-205">
         <name>.rtdx_text:_RTDX_Buffer_Write</name>
         <load_address>0xcf02</load_address>
         <run_address>0xcf02</run_address>
         <size>0x1c</size>
         <input_file_ref idref="fl-62"/>
      </object_component>
      <object_component id="oc-209">
         <name>.rtdx_text:_Allow_EmuAccess</name>
         <load_address>0xcf1e</load_address>
         <run_address>0xcf1e</run_address>
         <size>0x17</size>
         <input_file_ref idref="fl-63"/>
      </object_component>
      <object_component id="oc-20a">
         <name>.rtdx_text:_Disallow_EmuAccess</name>
         <load_address>0xcf35</load_address>
         <run_address>0xcf35</run_address>
         <size>0x4</size>
         <input_file_ref idref="fl-63"/>
      </object_component>
      <object_component id="oc-20f">
         <name>.rtdx_text:_Wait</name>
         <load_address>0xcf39</load_address>
         <run_address>0xcf39</run_address>
         <size>0x4</size>
         <input_file_ref idref="fl-63"/>
      </object_component>
      <object_component id="oc-8d">
         <name>.sys</name>
         <uninitialized>true</uninitialized>
         <run_address>0xec2c</run_address>
         <size>0x10</size>
         <input_file_ref idref="fl-c"/>
      </object_component>
      <object_component id="oc-8a">
         <name>.cinit</name>
         <load_address>0xbc08</load_address>
         <run_address>0xbc08</run_address>
         <size>0x4b4</size>
         <input_file_ref idref="fl-c"/>
      </object_component>
      <object_component id="oc-af">
         <name>.cinit</name>
         <load_address>0xc0bc</load_address>
         <run_address>0xc0bc</run_address>
         <size>0x15e</size>
         <input_file_ref idref="fl-30"/>
      </object_component>
      <object_component id="oc-158">
         <name>.cinit</name>
         <load_address>0xc21a</load_address>
         <run_address>0xc21a</run_address>
         <size>0x140</size>
         <input_file_ref idref="fl-58"/>
      </object_component>
      <object_component id="oc-5d">
         <name>.cinit</name>
         <load_address>0xc35a</load_address>
         <run_address>0xc35a</run_address>
         <size>0x8e</size>
         <input_file_ref idref="fl-4"/>
      </object_component>
      <object_component id="oc-192">
         <name>.cinit</name>
         <load_address>0xc3e8</load_address>
         <run_address>0xc3e8</run_address>
         <size>0x62</size>
         <input_file_ref idref="fl-67"/>
      </object_component>
      <object_component id="oc-1ae">
         <name>.cinit</name>
         <load_address>0xc44a</load_address>
         <run_address>0xc44a</run_address>
         <size>0x5c</size>
         <input_file_ref idref="fl-6d"/>
      </object_component>
      <object_component id="oc-108">
         <name>.cinit</name>
         <load_address>0xc4a6</load_address>
         <run_address>0xc4a6</run_address>
         <size>0x32</size>
         <input_file_ref idref="fl-46"/>
      </object_component>
      <object_component id="oc-181">
         <name>.cinit</name>
         <load_address>0xc4d8</load_address>
         <run_address>0xc4d8</run_address>
         <size>0x2e</size>
         <input_file_ref idref="fl-62"/>
      </object_component>
      <object_component id="oc-d2">
         <name>.cinit</name>
         <load_address>0xc506</load_address>
         <run_address>0xc506</run_address>
         <size>0x1e</size>
         <input_file_ref idref="fl-3a"/>
      </object_component>
      <object_component id="oc-84">
         <name>.cinit</name>
         <load_address>0xc524</load_address>
         <run_address>0xc524</run_address>
         <size>0x18</size>
         <input_file_ref idref="fl-b"/>
      </object_component>
      <object_component id="oc-161">
         <name>.cinit</name>
         <load_address>0xc53c</load_address>
         <run_address>0xc53c</run_address>
         <size>0x16</size>
         <input_file_ref idref="fl-5a"/>
      </object_component>
      <object_component id="oc-177">
         <name>.cinit</name>
         <load_address>0xc552</load_address>
         <run_address>0xc552</run_address>
         <size>0x14</size>
         <input_file_ref idref="fl-5f"/>
      </object_component>
      <object_component id="oc-1a0">
         <name>.cinit</name>
         <load_address>0xc566</load_address>
         <run_address>0xc566</run_address>
         <size>0x14</size>
         <input_file_ref idref="fl-6a"/>
      </object_component>
      <object_component id="oc-1db">
         <name>.cinit</name>
         <load_address>0xc57a</load_address>
         <run_address>0xc57a</run_address>
         <size>0x14</size>
         <input_file_ref idref="fl-77"/>
      </object_component>
      <object_component id="oc-1f1">
         <name>.cinit</name>
         <load_address>0xc58e</load_address>
         <run_address>0xc58e</run_address>
         <size>0x14</size>
         <input_file_ref idref="fl-7b"/>
      </object_component>
      <object_component id="oc-f6">
         <name>.cinit</name>
         <load_address>0xc5a2</load_address>
         <run_address>0xc5a2</run_address>
         <size>0x12</size>
         <input_file_ref idref="fl-42"/>
      </object_component>
      <object_component id="oc-143">
         <name>.cinit</name>
         <load_address>0xc5b4</load_address>
         <run_address>0xc5b4</run_address>
         <size>0x10</size>
         <input_file_ref idref="fl-53"/>
      </object_component>
      <object_component id="oc-1e5">
         <name>.cinit</name>
         <load_address>0xc5c4</load_address>
         <run_address>0xc5c4</run_address>
         <size>0x10</size>
         <input_file_ref idref="fl-79"/>
      </object_component>
      <object_component id="oc-ec">
         <name>.cinit</name>
         <load_address>0xc5d4</load_address>
         <run_address>0xc5d4</run_address>
         <size>0xa</size>
         <input_file_ref idref="fl-40"/>
      </object_component>
      <object_component id="oc-b3">
         <name>.cinit</name>
         <load_address>0xc5de</load_address>
         <run_address>0xc5de</run_address>
         <size>0xa</size>
         <input_file_ref idref="fl-31"/>
      </object_component>
      <object_component id="oc-1eb">
         <name>.cinit</name>
         <load_address>0xc5e8</load_address>
         <run_address>0xc5e8</run_address>
         <size>0xa</size>
         <input_file_ref idref="fl-7a"/>
      </object_component>
      <object_component id="oc-a7">
         <name>.cinit</name>
         <load_address>0xc5f2</load_address>
         <run_address>0xc5f2</run_address>
         <size>0x8</size>
         <input_file_ref idref="fl-e"/>
      </object_component>
      <object_component id="oc-184">
         <name>.pinit</name>
         <load_address>0xcff4</load_address>
         <run_address>0xcff4</run_address>
         <size>0x4</size>
         <input_file_ref idref="fl-62"/>
      </object_component>
      <object_component id="oc-187">
         <name>.pinit</name>
         <load_address>0xcff8</load_address>
         <run_address>0xcff8</run_address>
         <size>0x4</size>
         <input_file_ref idref="fl-63"/>
      </object_component>
      <object_component id="oc-88">
         <name>.gblinit</name>
         <load_address>0xeb20</load_address>
         <run_address>0xeb20</run_address>
         <size>0x42</size>
         <input_file_ref idref="fl-c"/>
      </object_component>
      <object_component id="oc-8b">
         <name>.rtdx_data</name>
         <uninitialized>true</uninitialized>
         <run_address>0xe350</run_address>
         <size>0x204</size>
         <input_file_ref idref="fl-c"/>
      </object_component>
      <object_component id="oc-17c">
         <name>.rtdx_data</name>
         <uninitialized>true</uninitialized>
         <run_address>0xe598</run_address>
         <size>0x8</size>
         <input_file_ref idref="fl-60"/>
      </object_component>
      <object_component id="oc-182">
         <name>.rtdx_data</name>
         <uninitialized>true</uninitialized>
         <run_address>0xe578</run_address>
         <size>0x20</size>
         <input_file_ref idref="fl-62"/>
      </object_component>
      <object_component id="oc-185">
         <name>.rtdx_data</name>
         <uninitialized>true</uninitialized>
         <run_address>0xe554</run_address>
         <size>0x24</size>
         <input_file_ref idref="fl-63"/>
      </object_component>
      <object_component id="oc-96">
         <name>.TSK_idle$stk</name>
         <uninitialized>true</uninitialized>
         <run_address>0xb208</run_address>
         <size>0xa00</size>
         <input_file_ref idref="fl-c"/>
      </object_component>
      <object_component id="oc-1b0">
         <name>.const</name>
         <load_address>0xe8bc</load_address>
         <run_address>0xe8bc</run_address>
         <size>0x9e</size>
         <input_file_ref idref="fl-6d"/>
      </object_component>
      <object_component id="oc-c9">
         <name>.const</name>
         <load_address>0xe95c</load_address>
         <run_address>0xe95c</run_address>
         <size>0x46</size>
         <input_file_ref idref="fl-38"/>
      </object_component>
      <object_component id="oc-cd">
         <name>.const</name>
         <load_address>0xe9a4</load_address>
         <run_address>0xe9a4</run_address>
         <size>0x44</size>
         <input_file_ref idref="fl-39"/>
      </object_component>
      <object_component id="oc-186">
         <name>.const</name>
         <load_address>0xe9e8</load_address>
         <run_address>0xe9e8</run_address>
         <size>0xc</size>
         <input_file_ref idref="fl-63"/>
      </object_component>
      <object_component id="oc-183">
         <name>.const</name>
         <load_address>0xe9f4</load_address>
         <run_address>0xe9f4</run_address>
         <size>0x8</size>
         <input_file_ref idref="fl-62"/>
      </object_component>
      <object_component id="oc-193">
         <name>.const</name>
         <load_address>0xe9fc</load_address>
         <run_address>0xe9fc</run_address>
         <size>0x2</size>
         <input_file_ref idref="fl-67"/>
      </object_component>
      <object_component id="oc-8c">
         <name>.printf</name>
         <load_address>0xe9fe</load_address>
         <run_address>0xe9fe</run_address>
         <size>0x8e</size>
         <input_file_ref idref="fl-c"/>
      </object_component>
      <object_component id="oc-9a">
         <name>.LOG_system$buf</name>
         <uninitialized>true</uninitialized>
         <run_address>0xd800</run_address>
         <size>0x400</size>
         <input_file_ref idref="fl-c"/>
      </object_component>
      <object_component id="oc-9c">
         <name>.trace$buf</name>
         <uninitialized>true</uninitialized>
         <run_address>0xd000</run_address>
         <size>0x800</size>
         <input_file_ref idref="fl-c"/>
      </object_component>
      <object_component id="oc-8f">
         <name>.hst1</name>
         <uninitialized>true</uninitialized>
         <run_address>0xec1c</run_address>
         <size>0x10</size>
         <input_file_ref idref="fl-c"/>
      </object_component>
      <object_component id="oc-92">
         <name>.hst0</name>
         <uninitialized>true</uninitialized>
         <run_address>0xcf40</run_address>
         <size>0x80</size>
         <input_file_ref idref="fl-c"/>
      </object_component>
      <object_component id="oc-de">
         <name>.args</name>
         <load_address>0xec0c</load_address>
         <run_address>0xec0c</run_address>
         <size>0x0</size>
         <input_file_ref idref="fl-3d"/>
      </object_component>
      <object_component id="oc-30">
         <name>_SYS_PUTCBEG</name>
         <load_address>0xdc00</load_address>
         <run_address>0xdc00</run_address>
         <size>0x0</size>
      </object_component>
      <object_component id="oc-32">
         <name>_SYS_PUTCEND</name>
         <load_address>0xe000</load_address>
         <run_address>0xe000</run_address>
         <size>0x0</size>
      </object_component>
      <object_component id="oc-90">
         <name>.hst</name>
         <uninitialized>true</uninitialized>
         <run_address>0xcfc0</run_address>
         <size>0x34</size>
         <input_file_ref idref="fl-c"/>
      </object_component>
      <object_component id="oc-9b">
         <name>.log</name>
         <uninitialized>true</uninitialized>
         <run_address>0xeb94</run_address>
         <size>0x28</size>
         <input_file_ref idref="fl-c"/>
      </object_component>
      <object_component id="oc-91">
         <name>.pip</name>
         <uninitialized>true</uninitialized>
         <run_address>0xea00</run_address>
         <size>0xc8</size>
         <input_file_ref idref="fl-c"/>
      </object_component>
      <object_component id="oc-95">
         <name>.sts</name>
         <uninitialized>true</uninitialized>
         <run_address>0xeb64</run_address>
         <size>0x30</size>
         <input_file_ref idref="fl-c"/>
      </object_component>
      <object_component id="oc-39">
         <name>GBL_sysstackbeg</name>
         <uninitialized>true</uninitialized>
         <run_address>0x9e08</run_address>
         <size>0x0</size>
      </object_component>
      <object_component id="oc-201">
         <name>.sysstack</name>
         <uninitialized>true</uninitialized>
         <run_address>0x9e08</run_address>
         <size>0x0</size>
         <input_file_ref idref="fl-3d"/>
      </object_component>
      <object_component id="oc-250">
         <name>.sysstack</name>
         <uninitialized>true</uninitialized>
         <run_address>0x9e08</run_address>
         <size>0x0</size>
      </object_component>
      <object_component id="oc-3c">
         <name>GBL_stackbeg</name>
         <uninitialized>true</uninitialized>
         <run_address>0xa008</run_address>
         <size>0x0</size>
      </object_component>
      <object_component id="oc-dd">
         <name>.stack</name>
         <uninitialized>true</uninitialized>
         <run_address>0xa008</run_address>
         <size>0x0</size>
         <input_file_ref idref="fl-3d"/>
      </object_component>
      <object_component id="oc-24f">
         <name>.stack</name>
         <uninitialized>true</uninitialized>
         <run_address>0xa008</run_address>
         <size>0x0</size>
      </object_component>
      <object_component id="oc-93">
         <name>.hwi_vec</name>
         <load_address>0xff00</load_address>
         <run_address>0xff00</run_address>
         <size>0x100</size>
         <input_file_ref idref="fl-c"/>
      </object_component>
      <object_component id="oc-51">
         <name>.debug_info</name>
         <load_address>0x0</load_address>
         <run_address>0x0</run_address>
         <size>0x84b</size>
         <input_file_ref idref="fl-2"/>
      </object_component>
      <object_component id="oc-56">
         <name>.debug_info</name>
         <load_address>0x84b</load_address>
         <run_address>0x84b</run_address>
         <size>0xc88</size>
         <input_file_ref idref="fl-3"/>
      </object_component>
      <object_component id="oc-5c">
         <name>.debug_info</name>
         <load_address>0x14d3</load_address>
         <run_address>0x14d3</run_address>
         <size>0xe8a</size>
         <input_file_ref idref="fl-4"/>
      </object_component>
      <object_component id="oc-62">
         <name>.debug_info</name>
         <load_address>0x235d</load_address>
         <run_address>0x235d</run_address>
         <size>0xc78</size>
         <input_file_ref idref="fl-5"/>
      </object_component>
      <object_component id="oc-68">
         <name>.debug_info</name>
         <load_address>0x2fd5</load_address>
         <run_address>0x2fd5</run_address>
         <size>0x14b2</size>
         <input_file_ref idref="fl-6"/>
      </object_component>
      <object_component id="oc-6d">
         <name>.debug_info</name>
         <load_address>0x4487</load_address>
         <run_address>0x4487</run_address>
         <size>0xa2c</size>
         <input_file_ref idref="fl-7"/>
      </object_component>
      <object_component id="oc-73">
         <name>.debug_info</name>
         <load_address>0x4eb3</load_address>
         <run_address>0x4eb3</run_address>
         <size>0x14f3</size>
         <input_file_ref idref="fl-8"/>
      </object_component>
      <object_component id="oc-78">
         <name>.debug_info</name>
         <load_address>0x63a6</load_address>
         <run_address>0x63a6</run_address>
         <size>0xd5e</size>
         <input_file_ref idref="fl-9"/>
      </object_component>
      <object_component id="oc-7d">
         <name>.debug_info</name>
         <load_address>0x7104</load_address>
         <run_address>0x7104</run_address>
         <size>0x103b</size>
         <input_file_ref idref="fl-a"/>
      </object_component>
      <object_component id="oc-83">
         <name>.debug_info</name>
         <load_address>0x813f</load_address>
         <run_address>0x813f</run_address>
         <size>0x13b4</size>
         <input_file_ref idref="fl-b"/>
      </object_component>
      <object_component id="oc-9f">
         <name>.debug_info</name>
         <load_address>0x94f3</load_address>
         <run_address>0x94f3</run_address>
         <size>0x1da</size>
         <input_file_ref idref="fl-c"/>
      </object_component>
      <object_component id="oc-a2">
         <name>.debug_info</name>
         <load_address>0x96cd</load_address>
         <run_address>0x96cd</run_address>
         <size>0x497</size>
         <input_file_ref idref="fl-d"/>
      </object_component>
      <object_component id="oc-a6">
         <name>.debug_info</name>
         <load_address>0x9b64</load_address>
         <run_address>0x9b64</run_address>
         <size>0x902</size>
         <input_file_ref idref="fl-e"/>
      </object_component>
      <object_component id="oc-ac">
         <name>.debug_info</name>
         <load_address>0xa466</load_address>
         <run_address>0xa466</run_address>
         <size>0x15e</size>
         <input_file_ref idref="fl-2f"/>
      </object_component>
      <object_component id="oc-b1">
         <name>.debug_info</name>
         <load_address>0xa5c4</load_address>
         <run_address>0xa5c4</run_address>
         <size>0x80</size>
         <input_file_ref idref="fl-30"/>
      </object_component>
      <object_component id="oc-b5">
         <name>.debug_info</name>
         <load_address>0xa644</load_address>
         <run_address>0xa644</run_address>
         <size>0x194</size>
         <input_file_ref idref="fl-31"/>
      </object_component>
      <object_component id="oc-b8">
         <name>.debug_info</name>
         <load_address>0xa7d8</load_address>
         <run_address>0xa7d8</run_address>
         <size>0x34b</size>
         <input_file_ref idref="fl-32"/>
      </object_component>
      <object_component id="oc-bb">
         <name>.debug_info</name>
         <load_address>0xab23</load_address>
         <run_address>0xab23</run_address>
         <size>0xf8</size>
         <input_file_ref idref="fl-33"/>
      </object_component>
      <object_component id="oc-be">
         <name>.debug_info</name>
         <load_address>0xac1b</load_address>
         <run_address>0xac1b</run_address>
         <size>0x6e4</size>
         <input_file_ref idref="fl-34"/>
      </object_component>
      <object_component id="oc-c1">
         <name>.debug_info</name>
         <load_address>0xb2ff</load_address>
         <run_address>0xb2ff</run_address>
         <size>0x7e8</size>
         <input_file_ref idref="fl-35"/>
      </object_component>
      <object_component id="oc-c4">
         <name>.debug_info</name>
         <load_address>0xbae7</load_address>
         <run_address>0xbae7</run_address>
         <size>0x3ec</size>
         <input_file_ref idref="fl-36"/>
      </object_component>
      <object_component id="oc-c7">
         <name>.debug_info</name>
         <load_address>0xbed3</load_address>
         <run_address>0xbed3</run_address>
         <size>0xd4</size>
         <input_file_ref idref="fl-37"/>
      </object_component>
      <object_component id="oc-cb">
         <name>.debug_info</name>
         <load_address>0xbfa7</load_address>
         <run_address>0xbfa7</run_address>
         <size>0x5ff</size>
         <input_file_ref idref="fl-38"/>
      </object_component>
      <object_component id="oc-cf">
         <name>.debug_info</name>
         <load_address>0xc5a6</load_address>
         <run_address>0xc5a6</run_address>
         <size>0x5f6</size>
         <input_file_ref idref="fl-39"/>
      </object_component>
      <object_component id="oc-d4">
         <name>.debug_info</name>
         <load_address>0xcb9c</load_address>
         <run_address>0xcb9c</run_address>
         <size>0x4c5</size>
         <input_file_ref idref="fl-3a"/>
      </object_component>
      <object_component id="oc-d7">
         <name>.debug_info</name>
         <load_address>0xd061</load_address>
         <run_address>0xd061</run_address>
         <size>0x485</size>
         <input_file_ref idref="fl-3b"/>
      </object_component>
      <object_component id="oc-db">
         <name>.debug_info</name>
         <load_address>0xd4e6</load_address>
         <run_address>0xd4e6</run_address>
         <size>0xc3</size>
         <input_file_ref idref="fl-3c"/>
      </object_component>
      <object_component id="oc-e0">
         <name>.debug_info</name>
         <load_address>0xd5a9</load_address>
         <run_address>0xd5a9</run_address>
         <size>0x108</size>
         <input_file_ref idref="fl-3d"/>
      </object_component>
      <object_component id="oc-e4">
         <name>.debug_info</name>
         <load_address>0xd6b1</load_address>
         <run_address>0xd6b1</run_address>
         <size>0x7a</size>
         <input_file_ref idref="fl-3e"/>
      </object_component>
      <object_component id="oc-e9">
         <name>.debug_info</name>
         <load_address>0xd72b</load_address>
         <run_address>0xd72b</run_address>
         <size>0x83d</size>
         <input_file_ref idref="fl-3f"/>
      </object_component>
      <object_component id="oc-ef">
         <name>.debug_info</name>
         <load_address>0xdf68</load_address>
         <run_address>0xdf68</run_address>
         <size>0x12d</size>
         <input_file_ref idref="fl-40"/>
      </object_component>
      <object_component id="oc-f3">
         <name>.debug_info</name>
         <load_address>0xe095</load_address>
         <run_address>0xe095</run_address>
         <size>0xbb</size>
         <input_file_ref idref="fl-41"/>
      </object_component>
      <object_component id="oc-f9">
         <name>.debug_info</name>
         <load_address>0xe150</load_address>
         <run_address>0xe150</run_address>
         <size>0x406</size>
         <input_file_ref idref="fl-42"/>
      </object_component>
      <object_component id="oc-fd">
         <name>.debug_info</name>
         <load_address>0xe556</load_address>
         <run_address>0xe556</run_address>
         <size>0xb3</size>
         <input_file_ref idref="fl-43"/>
      </object_component>
      <object_component id="oc-101">
         <name>.debug_info</name>
         <load_address>0xe609</load_address>
         <run_address>0xe609</run_address>
         <size>0x187</size>
         <input_file_ref idref="fl-44"/>
      </object_component>
      <object_component id="oc-105">
         <name>.debug_info</name>
         <load_address>0xe790</load_address>
         <run_address>0xe790</run_address>
         <size>0x123</size>
         <input_file_ref idref="fl-45"/>
      </object_component>
      <object_component id="oc-10b">
         <name>.debug_info</name>
         <load_address>0xe8b3</load_address>
         <run_address>0xe8b3</run_address>
         <size>0x23d</size>
         <input_file_ref idref="fl-46"/>
      </object_component>
      <object_component id="oc-10f">
         <name>.debug_info</name>
         <load_address>0xeaf0</load_address>
         <run_address>0xeaf0</run_address>
         <size>0x11f</size>
         <input_file_ref idref="fl-47"/>
      </object_component>
      <object_component id="oc-113">
         <name>.debug_info</name>
         <load_address>0xec0f</load_address>
         <run_address>0xec0f</run_address>
         <size>0x5d5</size>
         <input_file_ref idref="fl-48"/>
      </object_component>
      <object_component id="oc-117">
         <name>.debug_info</name>
         <load_address>0xf1e4</load_address>
         <run_address>0xf1e4</run_address>
         <size>0x20b</size>
         <input_file_ref idref="fl-49"/>
      </object_component>
      <object_component id="oc-11b">
         <name>.debug_info</name>
         <load_address>0xf3ef</load_address>
         <run_address>0xf3ef</run_address>
         <size>0x3ff</size>
         <input_file_ref idref="fl-4a"/>
      </object_component>
      <object_component id="oc-11f">
         <name>.debug_info</name>
         <load_address>0xf7ee</load_address>
         <run_address>0xf7ee</run_address>
         <size>0x3e1</size>
         <input_file_ref idref="fl-4b"/>
      </object_component>
      <object_component id="oc-123">
         <name>.debug_info</name>
         <load_address>0xfbcf</load_address>
         <run_address>0xfbcf</run_address>
         <size>0x6c7</size>
         <input_file_ref idref="fl-4c"/>
      </object_component>
      <object_component id="oc-127">
         <name>.debug_info</name>
         <load_address>0x10296</load_address>
         <run_address>0x10296</run_address>
         <size>0x4b0</size>
         <input_file_ref idref="fl-4d"/>
      </object_component>
      <object_component id="oc-12b">
         <name>.debug_info</name>
         <load_address>0x10746</load_address>
         <run_address>0x10746</run_address>
         <size>0x419</size>
         <input_file_ref idref="fl-4e"/>
      </object_component>
      <object_component id="oc-12f">
         <name>.debug_info</name>
         <load_address>0x10b5f</load_address>
         <run_address>0x10b5f</run_address>
         <size>0xc2</size>
         <input_file_ref idref="fl-4f"/>
      </object_component>
      <object_component id="oc-132">
         <name>.debug_info</name>
         <load_address>0x10c21</load_address>
         <run_address>0x10c21</run_address>
         <size>0x6ced</size>
         <input_file_ref idref="fl-50"/>
      </object_component>
      <object_component id="oc-138">
         <name>.debug_info</name>
         <load_address>0x1790e</load_address>
         <run_address>0x1790e</run_address>
         <size>0x59c</size>
         <input_file_ref idref="fl-51"/>
      </object_component>
      <object_component id="oc-13c">
         <name>.debug_info</name>
         <load_address>0x17eaa</load_address>
         <run_address>0x17eaa</run_address>
         <size>0x7424</size>
[...]
         <name>_I2S_reset</name>
         <value>0x66df</value>
         <object_component_ref idref="oc-140"/>
      </symbol>
      <symbol id="sm-76c">
         <name>_I2S_setup</name>
         <value>0x5f2f</value>
         <object_component_ref idref="oc-140"/>
      </symbol>
      <symbol id="sm-76d">
         <name>_fsError</name>
         <value>0x4504</value>
         <object_component_ref idref="oc-141"/>
      </symbol>
      <symbol id="sm-76e">
         <name>_I2S_open</name>
         <value>0x5de8</value>
         <object_component_ref idref="oc-140"/>
      </symbol>
      <symbol id="sm-76f">
         <name>_I2S_transEnable</name>
         <value>0x6790</value>
         <object_component_ref idref="oc-140"/>
      </symbol>
      <symbol id="sm-779">
         <name>_IDL_calibrate</name>
         <value>0x9bd7</value>
         <object_component_ref idref="oc-147"/>
      </symbol>
      <symbol id="sm-783">
         <name>_CLK_measure</name>
         <value>0x989c</value>
         <object_component_ref idref="oc-14b"/>
      </symbol>
      <symbol id="sm-78d">
         <name>_KNL_exit</name>
         <value>0x9944</value>
         <object_component_ref idref="oc-14f"/>
      </symbol>
      <symbol id="sm-78e">
         <name>_KNL_enter</name>
         <value>0x9904</value>
         <object_component_ref idref="oc-14f"/>
      </symbol>
      <symbol id="sm-798">
         <name>_KNL_max</name>
         <value>0x96e8</value>
         <object_component_ref idref="oc-153"/>
      </symbol>
      <symbol id="sm-799">
         <name>_KNL_check</name>
         <value>0x9670</value>
         <object_component_ref idref="oc-153"/>
      </symbol>
      <symbol id="sm-79a">
         <name>_KNL_idle</name>
         <value>0x96cb</value>
         <object_component_ref idref="oc-153"/>
      </symbol>
      <symbol id="sm-7a6">
         <name>_KNL_maxqueue</name>
         <value>0x443c</value>
         <object_component_ref idref="oc-157"/>
      </symbol>
      <symbol id="sm-7a7">
         <name>_KNL_inactive</name>
         <value>0x43f0</value>
         <object_component_ref idref="oc-157"/>
      </symbol>
      <symbol id="sm-7a8">
         <name>_KNL_tswitchfxn</name>
         <value>0x4440</value>
         <object_component_ref idref="oc-157"/>
      </symbol>
      <symbol id="sm-7a9">
         <name>_KNL_setpri</name>
         <value>0x43ec</value>
         <object_component_ref idref="oc-157"/>
      </symbol>
      <symbol id="sm-7aa">
         <name>_KNL_swiptr</name>
         <value>0x4434</value>
         <object_component_ref idref="oc-157"/>
      </symbol>
      <symbol id="sm-7ab">
         <name>_KNL_dummy</name>
         <value>0x43f8</value>
         <object_component_ref idref="oc-157"/>
      </symbol>
      <symbol id="sm-7ac">
         <name>_KNL_curtask</name>
         <value>0x4428</value>
         <object_component_ref idref="oc-157"/>
      </symbol>
      <symbol id="sm-7ad">
         <name>_KNL_curqueue</name>
         <value>0x4438</value>
         <object_component_ref idref="oc-157"/>
      </symbol>
      <symbol id="sm-7ae">
         <name>_KNL_wList</name>
         <value>0x43e4</value>
         <object_component_ref idref="oc-157"/>
      </symbol>
      <symbol id="sm-7af">
         <name>_KNL_curtime</name>
         <value>0x4430</value>
         <object_component_ref idref="oc-157"/>
      </symbol>
      <symbol id="sm-7b0">
         <name>_KNL_set</name>
         <value>0x4342</value>
         <object_component_ref idref="oc-157"/>
      </symbol>
      <symbol id="sm-7b1">
         <name>_KNL_alarm</name>
         <value>0x43e8</value>
         <object_component_ref idref="oc-157"/>
      </symbol>
      <symbol id="sm-7b2">
         <name>_KNL_prevtask</name>
         <value>0x442c</value>
         <object_component_ref idref="oc-157"/>
      </symbol>
      <symbol id="sm-7b3">
         <name>_KNL_queues</name>
         <value>0x4344</value>
         <object_component_ref idref="oc-157"/>
      </symbol>
      <symbol id="sm-7b4">
         <name>_KNL_idlefxn</name>
         <value>0x4450</value>
         <object_component_ref idref="oc-157"/>
      </symbol>
      <symbol id="sm-7b5">
         <name>_KNL_priority</name>
         <value>0x43f4</value>
         <object_component_ref idref="oc-157"/>
      </symbol>
      <symbol id="sm-7b6">
         <name>_KNL_treadyfxn</name>
         <value>0x444c</value>
         <object_component_ref idref="oc-157"/>
      </symbol>
      <symbol id="sm-7b7">
         <name>_KNL_tcreatefxn</name>
         <value>0x4444</value>
         <object_component_ref idref="oc-157"/>
      </symbol>
      <symbol id="sm-7b8">
         <name>_KNL_wFlag</name>
         <value>0x4340</value>
         <object_component_ref idref="oc-157"/>
      </symbol>
      <symbol id="sm-7b9">
         <name>_KNL_tdeletefxn</name>
         <value>0x4448</value>
         <object_component_ref idref="oc-157"/>
      </symbol>
      <symbol id="sm-7c3">
         <name>_KNL_run</name>
         <value>0x8b64</value>
         <object_component_ref idref="oc-15c"/>
      </symbol>
      <symbol id="sm-7d1">
         <name>_KNL_tick</name>
         <value>0x8e20</value>
         <object_component_ref idref="oc-162"/>
      </symbol>
      <symbol id="sm-7db">
         <name>_KNL_post</name>
         <value>0x9c98</value>
         <object_component_ref idref="oc-166"/>
      </symbol>
      <symbol id="sm-7e5">
         <name>_KNL_ipost</name>
         <value>0x9964</value>
         <object_component_ref idref="oc-16a"/>
      </symbol>
      <symbol id="sm-7ef">
         <name>_MEM</name>
         <value>0x4688</value>
         <object_component_ref idref="oc-16e"/>
      </symbol>
      <symbol id="sm-7f9">
         <name>_MEM_init</name>
         <value>0xe000</value>
         <object_component_ref idref="oc-172"/>
      </symbol>
      <symbol id="sm-807">
         <name>_OBJ_table</name>
         <value>0x4558</value>
         <object_component_ref idref="oc-176"/>
      </symbol>
      <symbol id="sm-808">
         <name>_OBJ_init</name>
         <value>0xe34c</value>
         <object_component_ref idref="oc-178"/>
      </symbol>
      <symbol id="sm-809">
         <name>_OBJ_segtab</name>
         <value>0x4590</value>
         <object_component_ref idref="oc-176"/>
      </symbol>
      <symbol id="sm-813">
         <name>_RTDX_Buffer_Start</name>
         <value>0xe598</value>
         <object_component_ref idref="oc-17c"/>
      </symbol>
      <symbol id="sm-814">
         <name>_RTDX_Buffer_End</name>
         <value>0xe59c</value>
         <object_component_ref idref="oc-17c"/>
      </symbol>
      <symbol id="sm-81a">
         <name>_RTDX_Buffer_ReadCB</name>
         <value>0xcdd6</value>
         <object_component_ref idref="oc-20d"/>
      </symbol>
      <symbol id="sm-81b">
         <name>_RTDX_Buffer_Read</name>
         <value>0xcec2</value>
         <object_component_ref idref="oc-204"/>
      </symbol>
      <symbol id="sm-833">
         <name>_rtdx_buffer_state</name>
         <value>0xe578</value>
         <object_component_ref idref="oc-182"/>
      </symbol>
      <symbol id="sm-834">
         <name>_RTDX_Buffer_WriteCB</name>
         <value>0xc7d7</value>
         <object_component_ref idref="oc-20e"/>
      </symbol>
      <symbol id="sm-835">
         <name>_rtdxNullChanCnt</name>
         <value>0x4660</value>
         <object_component_ref idref="oc-180"/>
      </symbol>
      <symbol id="sm-836">
         <name>_RTDX_writing</name>
         <value>0xe584</value>
         <object_component_ref idref="oc-182"/>
      </symbol>
      <symbol id="sm-837">
         <name>_RTDX_Buffer_Initialize</name>
         <value>0xcd83</value>
         <object_component_ref idref="oc-206"/>
      </symbol>
      <symbol id="sm-838">
         <name>_RTDX_Buffer_Write</name>
         <value>0xcf02</value>
         <object_component_ref idref="oc-205"/>
      </symbol>
      <symbol id="sm-839">
         <name>_rtdxNullFuncCnt</name>
         <value>0x4662</value>
         <object_component_ref idref="oc-180"/>
      </symbol>
      <symbol id="sm-83a">
         <name>_RTDX_Buffer_Size</name>
         <value>0xce5d</value>
         <object_component_ref idref="oc-211"/>
      </symbol>
      <symbol id="sm-854">
         <name>_RTDX_LMM</name>
         <value>0x1</value>
      </symbol>
      <symbol id="sm-855">
         <name>_RTDX_Mon_Queue</name>
         <value>0xcc96</value>
         <object_component_ref idref="oc-214"/>
      </symbol>
      <symbol id="sm-856">
         <name>_rtdx_mon_state</name>
         <value>0xe554</value>
         <object_component_ref idref="oc-185"/>
      </symbol>
      <symbol id="sm-857">
         <name>_RTDX_JTAGONLY</name>
         <value>0x3</value>
      </symbol>
      <symbol id="sm-858">
         <name>_RTDX_Final_RT_Monitor</name>
         <value>0xce21</value>
         <object_component_ref idref="oc-210"/>
      </symbol>
      <symbol id="sm-859">
         <name>_RTDX_Poll</name>
         <value>0xca62</value>
         <object_component_ref idref="oc-202"/>
      </symbol>
      <symbol id="sm-85a">
         <name>_RTDX_H2TPoll</name>
         <value>0xcd1e</value>
         <object_component_ref idref="oc-203"/>
      </symbol>
      <symbol id="sm-85b">
         <name>_RTDX_Init_RT_Monitor</name>
         <value>0xc953</value>
         <object_component_ref idref="oc-207"/>
      </symbol>
      <symbol id="sm-861">
         <name>_RTDX_Set_IER</name>
         <value>0xcee4</value>
         <object_component_ref idref="oc-20c"/>
      </symbol>
      <symbol id="sm-862">
         <name>_RTDX_Mask_IER</name>
         <value>0xce98</value>
         <object_component_ref idref="oc-208"/>
      </symbol>
      <symbol id="sm-8ae">
         <name>_SAR_chanSetup</name>
         <value>0x5536</value>
         <object_component_ref idref="oc-188"/>
      </symbol>
      <symbol id="sm-8af">
         <name>_SAR_stopConversion</name>
         <value>0x57cb</value>
         <object_component_ref idref="oc-188"/>
      </symbol>
      <symbol id="sm-8b0">
         <name>_SAR_deInit</name>
         <value>0x532d</value>
         <object_component_ref idref="oc-188"/>
      </symbol>
      <symbol id="sm-8b1">
         <name>_SAR_chanOpen</name>
         <value>0x5368</value>
         <object_component_ref idref="oc-188"/>
      </symbol>
      <symbol id="sm-8b2">
         <name>_SAR_GPODirSet</name>
         <value>0x5ccd</value>
         <object_component_ref idref="oc-188"/>
      </symbol>
      <symbol id="sm-8b3">
         <name>_SAR_init</name>
         <value>0x52d0</value>
         <object_component_ref idref="oc-188"/>
      </symbol>
      <symbol id="sm-8b4">
         <name>_SAR_getStatus</name>
         <value>0x5da9</value>
         <object_component_ref idref="oc-188"/>
      </symbol>
      <symbol id="sm-8b5">
         <name>_SAR_readData</name>
         <value>0x5812</value>
         <object_component_ref idref="oc-188"/>
      </symbol>
      <symbol id="sm-8b6">
         <name>_SAR_chanConfig</name>
         <value>0x544e</value>
         <object_component_ref idref="oc-188"/>
      </symbol>
      <symbol id="sm-8b7">
         <name>_SAR_A2DMeasParamSet</name>
         <value>0x5853</value>
         <object_component_ref idref="oc-188"/>
      </symbol>
      <symbol id="sm-8b8">
         <name>_SAR_chanClose</name>
         <value>0x53ca</value>
         <object_component_ref idref="oc-188"/>
      </symbol>
      <symbol id="sm-8b9">
         <name>_SAR_chanCycSet</name>
         <value>0x574a</value>
         <object_component_ref idref="oc-188"/>
      </symbol>
      <symbol id="sm-8ba">
         <name>_SAR_getConfig</name>
         <value>0x54c4</value>
         <object_component_ref idref="oc-188"/>
      </symbol>
      <symbol id="sm-8bb">
         <name>_SAR_startConversion</name>
         <value>0x5799</value>
         <object_component_ref idref="oc-188"/>
      </symbol>
      <symbol id="sm-8bc">
         <name>_SAR_chanInit</name>
         <value>0x534d</value>
         <object_component_ref idref="oc-188"/>
      </symbol>
      <symbol id="sm-8c6">
         <name>_STS_set</name>
         <value>0x9df0</value>
         <object_component_ref idref="oc-18d"/>
      </symbol>
      <symbol id="sm-8d4">
         <name>_TSK_nTasks</name>
         <value>0x4454</value>
         <object_component_ref idref="oc-191"/>
      </symbol>
      <symbol id="sm-8d5">
         <name>_TSK_config</name>
         <value>0x4474</value>
         <object_component_ref idref="oc-191"/>
      </symbol>
      <symbol id="sm-8d6">
         <name>_TSK</name>
         <value>0x4490</value>
         <object_component_ref idref="oc-191"/>
      </symbol>
      <symbol id="sm-8d7">
         <name>_TSK_timerSem</name>
         <value>0x4494</value>
         <object_component_ref idref="oc-191"/>
      </symbol>
      <symbol id="sm-8d8">
         <name>_TSK_pid</name>
         <value>0x4456</value>
         <object_component_ref idref="oc-191"/>
      </symbol>
      <symbol id="sm-8d9">
         <name>_TSK_ATTRS</name>
         <value>0x4458</value>
         <object_component_ref idref="oc-191"/>
      </symbol>
      <symbol id="sm-8e3">
         <name>_TSK_exit</name>
         <value>0x928c</value>
         <object_component_ref idref="oc-197"/>
      </symbol>
      <symbol id="sm-8ed">
         <name>_SYS_exit</name>
         <value>0x9b48</value>
         <object_component_ref idref="oc-19b"/>
      </symbol>
      <symbol id="sm-8f9">
         <name>_SYS_exitStack</name>
         <value>0x45a0</value>
         <object_component_ref idref="oc-19f"/>
      </symbol>
      <symbol id="sm-8fa">
         <name>_SYS_exitStackPtr</name>
         <value>0x45c0</value>
         <object_component_ref idref="oc-19f"/>
      </symbol>
      <symbol id="sm-8fb">
         <name>_SYS_exitStackTop</name>
         <value>0x45c4</value>
         <object_component_ref idref="oc-19f"/>
      </symbol>
      <symbol id="sm-905">
         <name>_TSK_init</name>
         <value>0xe1e8</value>
         <object_component_ref idref="oc-1a4"/>
      </symbol>
      <symbol id="sm-90f">
         <name>_TSK_setup</name>
         <value>0x9384</value>
         <object_component_ref idref="oc-1a8"/>
      </symbol>
      <symbol id="sm-921">
         <name>__MEM_mutex</name>
         <value>0x4530</value>
         <object_component_ref idref="oc-1ad"/>
      </symbol>
      <symbol id="sm-922">
         <name>_TSK_startup</name>
         <value>0x94d8</value>
         <object_component_ref idref="oc-1af"/>
      </symbol>
      <symbol id="sm-923">
         <name>__TSK_mutex</name>
         <value>0x4508</value>
         <object_component_ref idref="oc-1ad"/>
      </symbol>
      <symbol id="sm-92d">
         <name>_LCK_pend</name>
         <value>0x99e0</value>
         <object_component_ref idref="oc-1b4"/>
      </symbol>
      <symbol id="sm-92e">
         <name>_LCK_post</name>
         <value>0x99c0</value>
         <object_component_ref idref="oc-1b4"/>
      </symbol>
      <symbol id="sm-938">
         <name>_SEM_pend</name>
         <value>0x9a69</value>
         <object_component_ref idref="oc-1b8"/>
      </symbol>
      <symbol id="sm-942">
         <name>_SEM_pendEnterKnl</name>
         <value>0x8850</value>
         <object_component_ref idref="oc-1bc"/>
      </symbol>
      <symbol id="sm-94c">
         <name>_SEM_postBinary</name>
         <value>0x9817</value>
         <object_component_ref idref="oc-1c0"/>
      </symbol>
      <symbol id="sm-94d">
         <name>_SEM_post</name>
         <value>0x9817</value>
         <object_component_ref idref="oc-1c0"/>
      </symbol>
      <symbol id="sm-957">
         <name>_SEM_postEnterKnl</name>
         <value>0x9ab8</value>
         <object_component_ref idref="oc-1c4"/>
      </symbol>
      <symbol id="sm-961">
         <name>_SYS_abort</name>
         <value>0x9dc4</value>
         <object_component_ref idref="oc-1c8"/>
      </symbol>
      <symbol id="sm-96b">
         <name>__SEM_dopost</name>
         <value>0x9188</value>
         <object_component_ref idref="oc-1cc"/>
      </symbol>
      <symbol id="sm-976">
         <name>__divul</name>
         <value>0x7820</value>
         <object_component_ref idref="oc-1d0"/>
      </symbol>
      <symbol id="sm-97e">
         <name>__mpyli</name>
         <value>0x7d49</value>
         <object_component_ref idref="oc-1d4"/>
      </symbol>
      <symbol id="sm-97f">
         <name>I$$LMPY</name>
         <value>0x7d49</value>
         <object_component_ref idref="oc-1d4"/>
      </symbol>
      <symbol id="sm-98d">
         <name>__unlock</name>
         <value>0x4678</value>
         <object_component_ref idref="oc-1d9"/>
      </symbol>
      <symbol id="sm-98e">
         <name>__lock</name>
         <value>0x4674</value>
         <object_component_ref idref="oc-1d9"/>
      </symbol>
      <symbol id="sm-98f">
         <name>__register_lock</name>
         <value>0x7d64</value>
         <object_component_ref idref="oc-1d8"/>
      </symbol>
      <symbol id="sm-990">
         <name>__nop</name>
         <value>0x7d6c</value>
         <object_component_ref idref="oc-1d8"/>
      </symbol>
      <symbol id="sm-991">
         <name>__register_unlock</name>
         <value>0x7d5c</value>
         <object_component_ref idref="oc-1d8"/>
      </symbol>
      <symbol id="sm-99c">
         <name>__remul</name>
         <value>0x7ad0</value>
         <object_component_ref idref="oc-1de"/>
      </symbol>
      <symbol id="sm-9aa">
         <name>_atexit</name>
         <value>0x7b42</value>
         <object_component_ref idref="oc-1e2"/>
      </symbol>
      <symbol id="sm-9ab">
         <name>___atexit_func_id__</name>
         <value>0x41bc</value>
         <object_component_ref idref="oc-1e3"/>
      </symbol>
      <symbol id="sm-9b9">
         <name>_dtors</name>
         <value>0x4690</value>
         <object_component_ref idref="oc-1e9"/>
      </symbol>
      <symbol id="sm-9ba">
         <name>_call_dtors</name>
         <value>0x7a5b</value>
         <object_component_ref idref="oc-1e8"/>
      </symbol>
      <symbol id="sm-9bb">
         <name>___add_dtor</name>
         <value>0x7ab1</value>
         <object_component_ref idref="oc-1e8"/>
      </symbol>
      <symbol id="sm-9cb">
         <name>C$$EXIT</name>
         <value>0x7d6f</value>
         <object_component_ref idref="oc-1f2"/>
      </symbol>
      <symbol id="sm-9cc">
         <name>_exit</name>
         <value>0x7d0b</value>
         <object_component_ref idref="oc-1ee"/>
      </symbol>
      <symbol id="sm-9cd">
         <name>_abort</name>
         <value>0x7d6e</value>
         <object_component_ref idref="oc-1f2"/>
      </symbol>
      <symbol id="sm-9ce">
         <name>__cleanup_ptr</name>
         <value>0x467c</value>
         <object_component_ref idref="oc-1ef"/>
      </symbol>
      <symbol id="sm-9cf">
         <name>__dtors_ptr</name>
         <value>0x4680</value>
         <object_component_ref idref="oc-1ef"/>
      </symbol>
      <symbol id="sm-9d9">
         <name>_auto_init</name>
         <value>0xe26c</value>
         <object_component_ref idref="oc-1f5"/>
      </symbol>
      <symbol id="sm-9e1">
         <name>_memcpy</name>
         <value>0x7ccc</value>
         <object_component_ref idref="oc-1f9"/>
      </symbol>
      <symbol id="sm-9eb">
         <name>iRTA_F_or</name>
         <value>0x9c4a</value>
         <object_component_ref idref="oc-1fd"/>
      </symbol>
      <symbol id="sm-9ec">
         <name>RTA_F_or</name>
         <value>0x9c33</value>
         <object_component_ref idref="oc-1fd"/>
      </symbol>
      <symbol id="sm-9ed">
         <name>RTA_F_andn</name>
         <value>0x9c1d</value>
         <object_component_ref idref="oc-1fd"/>
      </symbol>
   </symbol_table>
</link_info>
