******************************************************************************
              TMS320C55x Linker PC v4.4.1                      
******************************************************************************
>> Linked Fri May 03 07:21:17 2024

OUTPUT FILE NAME:   <biosExample2.out>
ENTRY POINT SYMBOL: "_c_int00"  address: 0000cedd


MEMORY CONFIGURATION

         name            origin    length      used     unused   attr    fill
                        (bytes)   (bytes)    (bytes)   (bytes)
----------------------  --------  ---------  --------  --------  ----  --------
  DARAM                 000000c0   0000fe40  0000dbb6  0000228a  RWIX
  VECT                  0000ff00   00000100  00000100  00000000  RWIX
  SARAM                 00010000   00040000  00001268  0003ed98  RWIX


SECTION ALLOCATION MAP
(Addresses surrounded by []'s are displayed for convenience only!)

output                                                          attributes/
section   page  orgn(bytes) orgn(words) len(bytes) len(words)   input sections
--------  ----  ----------- ----------- ---------- ----------   --------------
.vers        0   [ 00000000 ]  00000000          *   0000003c   COPY SECTION
                 [ 00000000 ]  00000000          *   0000003c   hellocfg.obj (.vers)

.text        0     000000c0  [ 00000060 ] 000052de          *   
                   000000c0  [ 00000060 ] 000010e1          *   cslVC5505.lib : csl_uart.obj (.text)
                   000011a1  [ 000008d0+] 00000c3c          *                 : csl_i2c.obj (.text)
                   00001ddd  [ 00000eee+] 00000b18          *                 : csl_sar.obj (.text)
                   000028f5  [ 0000147a+] 000009f3          *                 : csl_i2s.obj (.text)
                   000032e8  [ 00001974 ] 0000068d          *                 : csl_gpio.obj (.text)
                   00003975  [ 00001cba+] 000005a0          *   Conversion.obj (.text)
                   00003f15  [ 00001f8a+] 0000049d          *   audioProcessing.obj (.text)
                   000043b2  [ 000021d9 ] 00000252          *   Inits.obj (.text)
                   00004604  [ 00002302 ] 0000022e          *   aic3204.obj (.text)
                   00004832  [ 00002419 ] 000001e7          *   ezdsp5535_led.obj (.text)
                   00004a19  [ 0000250c+] 00000150          *   ezdsp5535_sar.obj (.text)
                   00004b69  [ 000025b4+] 00000119          *   FIR.obj (.text)
                   00004c82  [ 00002641 ] 00000107          *   ezdsp5535_i2s.obj (.text)
                   00004d89  [ 000026c4+] 000000eb          *   main.obj (.text)
                   00004e74  [ 0000273a ] 000000a1          *   rts55x.lib : divul.obj (.text)
                   00004f15  [ 0000278a+] 0000008e          *   ezdsp5535_i2c.obj (.text)
                   00004fa3  [ 000027d1+] 00000087          *   ezdsp5535_gpio.obj (.text)
                   0000502a  [ 00002815 ] 00000075          *   rts55x.lib : sinit.obj (.text)
                   0000509f  [ 0000284f+] 00000072          *              : remul.obj (.text)
                   00005111  [ 00002888+] 0000006f          *              : atexit.obj (.text)
                   00005180  [ 000028c0 ] 00000067          *   bios.a55L : c55_enable.o55L (.text)
                   000051e7  [ 000028f3 ] 00000001          *   --HOLE-- [fill = 20]
                   000051e8  [ 000028f4 ] 0000005c          *             : tsk_stup.o55L (.text)
                   00005244  [ 00002922 ] 0000005b          *   NCO.obj (.text)
                   0000529f  [ 0000294f+] 00000054          *   ezdsp5535.obj (.text)
                   000052f3  [ 00002979+] 0000003f          *   rts55x.lib : memcpy.obj (.text)
                   00005332  [ 00002999 ] 0000003e          *              : exit.obj (.text)
                   00005370  [ 000029b8 ] 00000013          *              : lmpy.obj (.text)
                   00005383  [ 000029c1+] 00000012          *              : _lock.obj (.text)
                   00005395  [ 000029ca+] 00000007          *              : exit.obj (.text:CIO_breakpoint)
                   0000539c  [ 000029ce ] 00000002          *   --HOLE-- [fill = 20]

.data        0   [ 000000c0 ]  00000060          *   00000000   UNINITIALIZED

.mem         0   [ 0000539e ]  000029cf          *   00000001   UNINITIALIZED
                 [ 0000539e ]  000029cf          *   00000001   hellocfg.obj (.mem)

.bios        0     000053a0  [ 000029d0 ] 00002204          *   
                   000053a0  [ 000029d0 ] 000003d4          *   bios.a55L : swi.o55L (.bios)
                   00005774  [ 00002bba ] 000003a3          *   lnkrtdx.a55L : rtdx.o55L (.bios)
                   00005b17  [ 00002d8b+] 0000035f          *   bios.a55L : hwi_disp_asm.o55L (.bios)
                   00005e76  [ 00002f3b ] 00000002          *   --HOLE-- [fill = 20]
                   00005e78  [ 00002f3c ] 0000018b          *             : sem_pend.o55L (.bios)
                   00006003  [ 00003001+] 00000186          *             : prd.o55L (.bios)
                   00006189  [ 000030c4 ] 00000003          *   --HOLE-- [fill = 20]
                   0000618c  [ 000030c6 ] 00000185          *             : knl_run.o55L (.bios)
                   00006311  [ 00003188 ] 00000003          *   --HOLE-- [fill = 20]
                   00006314  [ 0000318a ] 00000144          *             : knl_tick.o55L (.bios)
                   00006458  [ 0000322c ] 00000130          *             : rta.o55L (.bios)
                   00006588  [ 000032c4 ] 00000119          *             : pip.o55L (.bios)
                   000066a1  [ 00003350+] 0000010e          *             : knl_swit.o55L (.bios)
                   000067af  [ 000033d7 ] 00000001          *   --HOLE-- [fill = 20]
                   000067b0  [ 000033d8 ] 0000010d          *             : mbx.o55L (.bios)
                   000068bd  [ 0000345e ] 00000003          *   --HOLE-- [fill = 20]
                   000068c0  [ 00003460 ] 00000104          *             : sem_dopo.o55L (.bios)
                   000069c4  [ 000034e2 ] 000000f8          *             : tsk_exit.o55L (.bios)
                   00006abc  [ 0000355e ] 000000f6          *             : tsk_setu.o55L (.bios)
                   00006bb2  [ 000035d9 ] 00000002          *   --HOLE-- [fill = 20]
                   00006bb4  [ 000035da ] 000000bf          *             : tsk_stup.o55L (.bios)
                   00006c73  [ 00003639+] 000000a2          *             : c55_c.o55L (.bios)
                   00006d15  [ 0000368a ] 00000003          *   --HOLE-- [fill = 20]
                   00006d18  [ 0000368c ] 00000090          *   bios5505.a55L : clk5505_start.o55L (.bios)
                   00006da8  [ 000036d4 ] 0000008d          *   bios.a55L : knl_chec.o55L (.bios)
                   00006e35  [ 0000371a ] 00000003          *   --HOLE-- [fill = 20]
                   00006e38  [ 0000371c ] 0000008d          *   bios5505.a55L : clk5505_isr.o55L (.bios)
                   00006ec5  [ 00003762 ] 00000003          *   --HOLE-- [fill = 20]
                   00006ec8  [ 00003764 ] 00000087          *                 : clk5505_htime.o55L (.bios)
                   00006f4f  [ 000037a7+] 00000082          *   bios.a55L : sem_post_asm.o55L (.bios)
                   00006fd1  [ 000037e8 ] 00000003          *   --HOLE-- [fill = 20]
                   00006fd4  [ 000037ea ] 00000068          *   bios5505.a55L : clk5505_meas.o55L (.bios)
                   0000703c  [ 0000381e ] 00000062          *   bios.a55L : log_printf.o55L (.bios)
                   0000709e  [ 0000384f ] 00000002          *   --HOLE-- [fill = 20]
                   000070a0  [ 00003850 ] 0000005f          *             : knl_exit.o55L (.bios)
                   000070ff  [ 0000387f ] 00000001          *   --HOLE-- [fill = 20]
                   00007100  [ 00003880 ] 0000005b          *             : knl_ipos.o55L (.bios)
                   0000715b  [ 000038ad ] 00000001          *   --HOLE-- [fill = 20]
                   0000715c  [ 000038ae ] 00000058          *             : lck.o55L (.bios)
                   000071b4  [ 000038da ] 00000051          *             : log.o55L (.bios)
                   00007205  [ 00003902+] 0000004e          *             : sem_pend_counting.o55L (.bios)
                   00007253  [ 00003929 ] 00000001          *   --HOLE-- [fill = 20]
                   00007254  [ 0000392a ] 00000048          *             : sem_post.o55L (.bios)
                   0000729c  [ 0000394e ] 00000048          *             : sts.o55L (.bios)
                   000072e4  [ 00003972 ] 00000048          *             : sys_exit.o55L (.bios)
                   0000732c  [ 00003996 ] 00000047          *             : idl_busy.o55L (.bios)
                   00007373  [ 000039b9+] 00000046          *             : idl_cal.o55L (.bios)
                   000073b9  [ 000039dc+] 00000043          *             : rta_andn.o55L (.bios)
                   000073fc  [ 000039fe ] 00000036          *             : utl_putc.o55L (.bios)
                   00007432  [ 00003a19 ] 00000002          *   --HOLE-- [fill = 20]
                   00007434  [ 00003a1a ] 00000034          *             : knl_post.o55L (.bios)
                   00007468  [ 00003a34 ] 00000034          *   bios5505.a55L : clk_itime.o55L (.bios)
                   0000749c  [ 00003a4e ] 00000025          *   bios.a55L : fxn.o55L (.bios)
                   000074c1  [ 00003a60+] 00000024          *             : idl_stub.o55L (.bios)
                   000074e5  [ 00003a72 ] 00000003          *   --HOLE-- [fill = 20]
                   000074e8  [ 00003a74 ] 00000023          *             : utl_doab.o55L (.bios)
                   0000750b  [ 00003a85 ] 00000001          *   --HOLE-- [fill = 20]
                   0000750c  [ 00003a86 ] 00000020          *             : utl_doer.o55L (.bios)
                   0000752c  [ 00003a96 ] 0000001a          *             : hwi_xable.o55L (.bios)
                   00007546  [ 00003aa3 ] 00000017          *             : clk_run.o55L (.bios)
                   0000755d  [ 00003aae ] 00000003          *   --HOLE-- [fill = 20]
                   00007560  [ 00003ab0 ] 00000017          *             : sys_abor.o55L (.bios)
                   00007577  [ 00003abb+] 0000000c          *             : idl.o55L (.bios)
                   00007583  [ 00003ac1 ] 00000001          *   --HOLE-- [fill = 20]
                   00007584  [ 00003ac2 ] 00000008          *             : utl_halt.o55L (.bios)
                   0000758c  [ 00003ac6 ] 00000007          *             : sts_set.o55L (.bios)
                   00007593  [ 00003ac9+] 00000006          *             : gbl_vers.o55L (.bios)
                   00007599  [ 00003acc ] 00000003          *   --HOLE-- [fill = 20]
                   0000759c  [ 00003ace ] 00000002          *             : fxn_c.o55L (.bios)
                   0000759e  [ 00003acf ] 00000002          *   --HOLE-- [fill = 20]
                   000075a0  [ 00003ad0 ] 00000002          *   bios5505.a55L : clk5505_wdog.o55L (.bios)
                   000075a2  [ 00003ad1 ] 00000002          *   --HOLE-- [fill = 20]

.bss         0   [ 000075a4 ]  00003ad2          *   00000552   UNINITIALIZED
                 [ 000075a4 ]  00003ad2          *   0000019c   audioProcessing.obj (.bss)
                 [ 000078dc ]  00003c6e          *   00000102   NCO.obj (.bss)
                 [ 00007ae0 ]  00003d70          *   000000c2   rts55x.lib : atexit.obj (.bss)
                 [ 00007c64 ]  00003e32          *   0000008a   bios.a55L : knl.o55L (.bss)
                 [ 00007d78 ]  00003ebc          *   00000041   Inits.obj (.bss)
                 [ 00007dfa ]  00003efd          *   00000001   --HOLE--
                 [ 00007dfc ]  00003efe          *   00000030   bios.a55L : tsk.o55L (.bss)
                 [ 00007e5c ]  00003f2e          *   0000002a   cslVC5505.lib : csl_i2s.obj (.bss)
                 [ 00007eb0 ]  00003f58          *   00000028   bios.a55L : tsk_stup.o55L (.bss)
                 [ 00007f00 ]  00003f80          *   00000023             : obj_init.o55L (.bss)
                 [ 00007f46 ]  00003fa3          *   00000001   --HOLE--
                 [ 00007f48 ]  00003fa4          *   00000014             : sys.o55L (.bss)
                 [ 00007f70 ]  00003fb8          *   00000014   hellocfg.obj (.bss)
                 [ 00007f98 ]  00003fcc          *   00000012   cslVC5505.lib : csl_i2c.obj (.bss)
                 [ 00007fbc ]  00003fde          *   0000000c   bios5505.a55L : clk5505_data.o55L (.bss)
                 [ 00007fd4 ]  00003fea          *   00000008   bios.a55L : knl_tick.o55L (.bss)
                 [ 00007fe4 ]  00003ff2          *   00000008   ezdsp5535_sar.obj (.bss)
                 [ 00007ff4 ]  00003ffa          *   00000006   bios.a55L : utl_putc.o55L (.bss)
                 [ 00008000 ]  00004000          *   00000006   main.obj (.bss)
                 [ 0000800c ]  00004006          *   00000006   rtdxx.lib : buffer1.o55L (.bss)
                 [ 00008018 ]  0000400c          *   00000004   bios.a55L : clk_data.o55L (.bss)
                 [ 00008020 ]  00004010          *   00000004   ezdsp5535_gpio.obj (.bss)
                 [ 00008028 ]  00004014          *   00000004   rts55x.lib : _lock.obj (.bss)
                 [ 00008030 ]  00004018          *   00000004              : exit.obj (.bss)
                 [ 00008038 ]  0000401c          *   00000002   bios.a55L : clk_data2.o55L (.bss)
                 [ 0000803c ]  0000401e          *   00000002             : mem_asm.o55L (.bss)
                 [ 00008040 ]  00004020          *   00000002   ezdsp5535_i2s.obj (.bss)
                 [ 00008044 ]  00004022          *   00000002   rts55x.lib : sinit.obj (.bss)

.sysstack 
*            0   [ 00008048 ]  00004024          *   00000100   UNINITIALIZED
                 [ 00008048 ]  00004024          *   00000100   --HOLE--

.stack       0   [ 00008248 ]  00004124          *   00000400   UNINITIALIZED
                 [ 00008248 ]  00004124          *   00000400   --HOLE--

.DARAM$heap 
*            0   [ 00008a48 ]  00004524          *   00000500   UNINITIALIZED
                 [ 00008a48 ]  00004524          *   00000500   --HOLE--

.TSKUserInterface$stk 
*            0   [ 00009448 ]  00004a24          *   00000500   UNINITIALIZED
                 [ 00009448 ]  00004a24          *   00000500   hellocfg.obj (.TSKUserInterface$stk)

.TSK_audProc$stk 
*            0   [ 00009e48 ]  00004f24          *   00000500   UNINITIALIZED
                 [ 00009e48 ]  00004f24          *   00000500   hellocfg.obj (.TSK_audProc$stk)

.TSK_idle$stk 
*            0   [ 0000a848 ]  00005424          *   00000500   UNINITIALIZED
                 [ 0000a848 ]  00005424          *   00000500   hellocfg.obj (.TSK_idle$stk)

.rtdx_text 
*            0     0000b248  [ 00005924 ] 00000942          *   
                   0000b248  [ 00005924 ] 000001db          *   rtdxx.lib : buffer1.o55L (.rtdx_text:_RTDX_write_next)
                   0000b423  [ 00005a11+] 0000017c          *             : buffer1.o55L (.rtdx_text:_RTDX_Buffer_WriteCB)
                   0000b59f  [ 00005acf+] 0000010f          *             : rtdx_mon.o55L (.rtdx_text:_RTDX_Init_RT_Monitor)
                   0000b6ae  [ 00005b57 ] 000000ec          *             : rtdx_mon.o55L (.rtdx_text:_RTDX_Poll)
                   0000b79a  [ 00005bcd ] 000000b5          *             : buffer1.o55L (.rtdx_text:_claim)
                   0000b84f  [ 00005c27+] 00000093          *             : rtdx_mon.o55L (.rtdx_text:_StartXFer)
                   0000b8e2  [ 00005c71 ] 00000088          *             : rtdx_mon.o55L (.rtdx_text:_RTDX_Mon_Queue)
                   0000b96a  [ 00005cb5 ] 00000065          *             : rtdx_mon.o55L (.rtdx_text:_RTDX_H2TPoll)
                   0000b9cf  [ 00005ce7+] 00000053          *             : buffer1.o55L (.rtdx_text:_RTDX_Buffer_Initialize)
                   0000ba22  [ 00005d11 ] 0000004b          *             : buffer2.o55L (.rtdx_text:_RTDX_Buffer_ReadCB)
                   0000ba6d  [ 00005d36+] 0000003c          *             : rtdx_mon.o55L (.rtdx_text:_RTDX_Final_RT_Monitor)
                   0000baa9  [ 00005d54+] 0000003b          *             : buffer1.o55L (.rtdx_text:_RTDX_Buffer_Size)
                   0000bae4  [ 00005d72 ] 0000002a          *             : intr_tgt.o55L (.rtdx_text:_RTDX_Mask_IER)
                   0000bb0e  [ 00005d87 ] 00000022          *             : buffer2.o55L (.rtdx_text:_RTDX_Buffer_Read)
                   0000bb30  [ 00005d98 ] 0000001e          *             : intr_tgt.o55L (.rtdx_text:_RTDX_Set_IER)
                   0000bb4e  [ 00005da7 ] 0000001c          *             : buffer1.o55L (.rtdx_text:_RTDX_Buffer_Write)
                   0000bb6a  [ 00005db5 ] 00000017          *             : rtdx_mon.o55L (.rtdx_text:_Allow_EmuAccess)
                   0000bb81  [ 00005dc0+] 00000004          *             : rtdx_mon.o55L (.rtdx_text:_Disallow_EmuAccess)
                   0000bb85  [ 00005dc2+] 00000004          *             : rtdx_mon.o55L (.rtdx_text:_Wait)
                   0000bb89  [ 00005dc4 ] 00000001          *   --HOLE-- [fill = 20]

.sts         0   [ 0000bb8c ]  00005dc6          *   00000038   UNINITIALIZED
                 [ 0000bb8c ]  00005dc6          *   00000038   hellocfg.obj (.sts)

.LOG_system$buf 
*            0   [ 0000bc00 ]  00005e00          *   00000200   UNINITIALIZED
                 [ 0000bc00 ]  00005e00          *   00000200   hellocfg.obj (.LOG_system$buf)

.trace$buf 
*            0   [ 0000c000 ]  00006000          *   00000400   UNINITIALIZED
                 [ 0000c000 ]  00006000          *   00000400   hellocfg.obj (.trace$buf)

.trace       0   [ 0000c800 ]  00006400          *   00000200   
                 [ 0000c800 ]  00006400          *   00000200   --HOLE-- [fill = 00]

.sysinit     0     0000cc00  [ 00006600 ] 00000350          *   
                   0000cc00  [ 00006600 ] 00000111          *   bios.a55L : mem_init.o55L (.sysinit)
                   0000cd11  [ 00006688+] 000000d5          *   hellocfg.obj (.sysinit)
                   0000cde6  [ 000066f3 ] 00000002          *   --HOLE-- [fill = 20]
                   0000cde8  [ 000066f4 ] 00000084          *   bios.a55L : tsk_init.o55L (.sysinit)
                   0000ce6c  [ 00006736 ] 00000071          *             : autoinit.o55L (.sysinit)
                   0000cedd  [ 0000676e+] 0000006f          *             : boot.o55L (.sysinit)
                   0000cf4c  [ 000067a6 ] 00000002          *             : obj_init.o55L (.sysinit)
                   0000cf4e  [ 000067a7 ] 00000002          *   --HOLE-- [fill = 20]

.rtdx_data 
*            0   [ 0000cf50 ]  000067a8          *   00000128   UNINITIALIZED
                 [ 0000cf50 ]  000067a8          *   00000102   hellocfg.obj (.rtdx_data)
                 [ 0000d154 ]  000068aa          *   00000012   rtdxx.lib : rtdx_mon.o55L (.rtdx_data)
                 [ 0000d178 ]  000068bc          *   00000010             : buffer1.o55L (.rtdx_data)
                 [ 0000d198 ]  000068cc          *   00000004   bios.a55L : rtdx_data.o55L (.rtdx_data)

.sysdata     0   [ 0000d1a0 ]  000068d0          *   000000ce   UNINITIALIZED
                 [ 0000d1a0 ]  000068d0          *   000000b0   bios.a55L : biosdata.o55L (.sysdata)
                 [ 0000d300 ]  00006980          *   00000016             : rta.o55L (.sysdata)
                 [ 0000d32c ]  00006996          *   00000006   lnkrtdx.a55L : rtdx.o55L (.sysdata)
                 [ 0000d338 ]  0000699c          *   00000002   bios.a55L : idl_busy.o55L (.sysdata)

.hwi_disp_sec 
*            0   [ 0000d33c ]  0000699e          *   000000c0   UNINITIALIZED
                 [ 0000d33c ]  0000699e          *   000000c0   bios.a55L : hwi_disp_asm.o55L (.hwi_disp_sec)

.mbx         0   [ 0000d4bc ]  00006a5e          *   0000009c   UNINITIALIZED
                 [ 0000d4bc ]  00006a5e          *   0000009c   hellocfg.obj (.mbx)

.MBXdownsampled$que 
*            0   [ 0000d5f4 ]  00006afa          *   00000084   UNINITIALIZED
                 [ 0000d5f4 ]  00006afa          *   00000084   --HOLE--

.tsk         0   [ 0000d6fc ]  00006b7e          *   00000084   UNINITIALIZED
                 [ 0000d6fc ]  00006b7e          *   00000084   hellocfg.obj (.tsk)

.MBXinSamples$que 
*            0   [ 0000d804 ]  00006c02          *   00000068   UNINITIALIZED
                 [ 0000d804 ]  00006c02          *   00000068   --HOLE--

.MBXpostProcess$que 
*            0   [ 0000d8d4 ]  00006c6a          *   00000068   UNINITIALIZED
                 [ 0000d8d4 ]  00006c6a          *   00000068   --HOLE--

.pip         0   [ 0000d9a4 ]  00006cd2          *   00000064   UNINITIALIZED
                 [ 0000d9a4 ]  00006cd2          *   00000064   hellocfg.obj (.pip)

.hst0        0   [ 0000da6c ]  00006d36          *   00000040   UNINITIALIZED
                 [ 0000da6c ]  00006d36          *   00000040   hellocfg.obj (.hst0)

.gblinit     0   [ 0000daec ]  00006d76          *   00000031   
                 [ 0000daec ]  00006d76          *   00000031   hellocfg.obj (.gblinit)

.swi         0   [ 0000db50 ]  00006da8          *   00000028   UNINITIALIZED
                 [ 0000db50 ]  00006da8          *   00000028   hellocfg.obj (.swi)

.hst         0   [ 0000dba0 ]  00006dd0          *   0000001a   UNINITIALIZED
                 [ 0000dba0 ]  00006dd0          *   0000001a   hellocfg.obj (.hst)

.log         0   [ 0000dbd4 ]  00006dea          *   00000014   UNINITIALIZED
                 [ 0000dbd4 ]  00006dea          *   00000014   hellocfg.obj (.log)

.prd         0   [ 0000dbfc ]  00006dfe          *   0000000c   UNINITIALIZED
                 [ 0000dbfc ]  00006dfe          *   0000000c   hellocfg.obj (.prd)

.args        0   [ 0000dc14 ]  00006e0a          *   00000008   
                 [ 0000dc14 ]  00006e0a          *   00000008   --HOLE-- [fill = 0]

.hst1        0   [ 0000dc24 ]  00006e12          *   00000008   UNINITIALIZED
                 [ 0000dc24 ]  00006e12          *   00000008   hellocfg.obj (.hst1)

.idl         0   [ 0000dc34 ]  00006e1a          *   00000008   UNINITIALIZED
                 [ 0000dc34 ]  00006e1a          *   00000008   hellocfg.obj (.idl)

.idlcal      0   [ 0000dc44 ]  00006e22          *   00000008   UNINITIALIZED
                 [ 0000dc44 ]  00006e22          *   00000008   hellocfg.obj (.idlcal)

.sys         0   [ 0000dc54 ]  00006e2a          *   00000008   UNINITIALIZED
                 [ 0000dc54 ]  00006e2a          *   00000008   hellocfg.obj (.sys)

.pinit       0   [ 0000dc64 ]  00006e32          *   00000006   
                 [ 0000dc64 ]  00006e32          *   00000002   rtdxx.lib : buffer1.o55L (.pinit)
                 [ 0000dc68 ]  00006e34          *   00000002             : rtdx_mon.o55L (.pinit)
                 [ 0000dc6c ]  00006e36          *   00000002   --HOLE-- [fill = 0]

.clk         0   [ 0000dc70 ]  00006e38          *   00000004   UNINITIALIZED
                 [ 0000dc70 ]  00006e38          *   00000004   hellocfg.obj (.clk)

.trcdata     0   [ 0000dc78 ]  00006e3c          *   00000003   
                 [ 0000dc78 ]  00006e3c          *   00000003   bios.a55L : trc.o55L (.trcdata)

.hwi_vec     0     0000ff00  [ 00007f80 ] 00000100          *   
                   0000ff00  [ 00007f80 ] 00000100          *   hellocfg.obj (.hwi_vec)

.cinit       0   [ 00010000 ]  00008000          *   00000855   
                 [ 00010000 ]  00008000          *   0000045b   hellocfg.obj (.cinit)
                 [ 000108b6 ]  0000845b          *   00000103   NCO.obj (.cinit)
                 [ 00010abc ]  0000855e          *   000000af   bios.a55L : biosdata.o55L (.cinit)
                 [ 00010c1a ]  0000860d          *   000000a0             : knl.o55L (.cinit)
                 [ 00010d5a ]  000086ad          *   00000099   audioProcessing.obj (.cinit)
                 [ 00010e8c ]  00008746          *   00000031   bios.a55L : tsk.o55L (.cinit)
                 [ 00010eee ]  00008777          *   0000002e             : tsk_stup.o55L (.cinit)
                 [ 00010f4a ]  000087a5          *   00000019             : rta.o55L (.cinit)
                 [ 00010f7c ]  000087be          *   00000017   rtdxx.lib : buffer1.o55L (.cinit)
                 [ 00010faa ]  000087d5          *   0000000f   bios.a55L : utl_putc.o55L (.cinit)
                 [ 00010fc8 ]  000087e4          *   0000000c   ezdsp5535_sar.obj (.cinit)
                 [ 00010fe0 ]  000087f0          *   0000000b   bios.a55L : knl_tick.o55L (.cinit)
                 [ 00010ff6 ]  000087fb          *   0000000a             : obj_init.o55L (.cinit)
                 [ 0001100a ]  00008805          *   0000000a             : sys.o55L (.cinit)
                 [ 0001101e ]  0000880f          *   0000000a   rts55x.lib : _lock.obj (.cinit)
                 [ 00011032 ]  00008819          *   0000000a              : exit.obj (.cinit)
                 [ 00011046 ]  00008823          *   00000009   lnkrtdx.a55L : rtdx.o55L (.cinit)
                 [ 00011058 ]  0000882c          *   00000009   main.obj (.cinit)
                 [ 0001106a ]  00008835          *   00000008   cslVC5505.lib : csl_i2s.obj (.cinit)
                 [ 0001107a ]  0000883d          *   00000008   rts55x.lib : atexit.obj (.cinit)
                 [ 0001108a ]  00008845          *   00000005   bios.a55L : idl_busy.o55L (.cinit)
                 [ 00011094 ]  0000884a          *   00000005             : knl_swit.o55L (.cinit)
                 [ 0001109e ]  0000884f          *   00000005   rts55x.lib : sinit.obj (.cinit)
                 [ 000110a8 ]  00008854          *   00000001   --HOLE-- [fill = 0]

.const       0   [ 000110ac ]  00008856          *   000000df   
                 [ 000110ac ]  00008856          *   0000004f   bios.a55L : tsk_stup.o55L (.const)
                 [ 0001114a ]  000088a5          *   00000001   --HOLE-- [fill = 0]
                 [ 0001114c ]  000088a6          *   0000003e   audioProcessing.obj (.const:.string)
                 [ 000111c8 ]  000088e4          *   00000023   bios.a55L : utl_doab.o55L (.const)
                 [ 0001120e ]  00008907          *   00000001   --HOLE-- [fill = 0]
                 [ 00011210 ]  00008908          *   00000022             : utl_doer.o55L (.const)
                 [ 00011254 ]  0000892a          *   00000006   rtdxx.lib : rtdx_mon.o55L (.const)
                 [ 00011260 ]  00008930          *   00000004             : buffer1.o55L (.const)
                 [ 00011268 ]  00008934          *   00000001   bios.a55L : tsk.o55L (.const)

.printf      0   [ 0001126a ]  00008935          *   000000b2   COPY SECTION
                 [ 0001126a ]  00008935          *   000000b2   hellocfg.obj (.printf)


GLOBAL SYMBOLS: SORTED ALPHABETICALLY BY Name 

abs. value/
byte addr   word addr   name
---------   ---------   ----
00000002                $TI_capability$C5500$CallingConvention
00000002                $TI_capability$C5500$MemoryModel
00000001                $TI_capability_requires_rev3
            00003ad2    .bss
            00000060    .data
000000c0                .text
00000014                BIOSDATA_O_CLK_D_COUNTSPMS
0000000e                BIOSDATA_O_CLK_D_DIRTY
00000016                BIOSDATA_O_CLK_D_IDLETIME
00000018                BIOSDATA_O_CLK_D_ISRHOOK
00000010                BIOSDATA_O_CLK_D_PRD
0000001a                BIOSDATA_O_CLK_D_TABBEG
00000012                BIOSDATA_O_CLK_D_TDDR
0000001c                BIOSDATA_O_CLK_D_TIMEFXN
00000006                BIOSDATA_O_CLK_HTIMEDIV
00000008                BIOSDATA_O_CLK_HTIMEMULT
0000000a                BIOSDATA_O_CLK_LTIMEDIV
0000000c                BIOSDATA_O_CLK_LTIMEMULT
0000001e                BIOSDATA_O_CLK_R_TIMH
0000001f                BIOSDATA_O_CLK_R_TIML
00000020                BIOSDATA_O_HST_D_CHANMASK
000000a0                BIOSDATA_O_HST_D_TABBEGADDR
000000a2                BIOSDATA_O_HST_D_TABENDADDR
00000088                BIOSDATA_O_HWI_D_SPSAVE
0000008a                BIOSDATA_O_HWI_D_SSPSAVE
0000008c                BIOSDATA_O_HWI_D_STKBOTADDR
00000090                BIOSDATA_O_HWI_D_STKTOPADDR
0000008e                BIOSDATA_O_HWI_D_SYSTKBOTADDR
00000092                BIOSDATA_O_HWI_D_SYSTKTOPADDR
00000022                BIOSDATA_O_IDL_D_CALBEG
00000024                BIOSDATA_O_IDL_D_CALIBRATE
00000026                BIOSDATA_O_IDL_D_TABBEG
00000028                BIOSDATA_O_LOG_D_SYSTEM
00000098                BIOSDATA_O_MEM_D_FREELIST
0000009a                BIOSDATA_O_MEM_D_LOCKADDR
00000096                BIOSDATA_O_MEM_D_MEMTAB
00000095                BIOSDATA_O_MEM_D_NUMSEGMENTS
0000009c                BIOSDATA_O_MEM_D_UNLOCKADDR
0000002a                BIOSDATA_O_PIP_D_TABBEG
0000002c                BIOSDATA_O_PIP_D_TABLEN
0000002e                BIOSDATA_O_PRD_D_CUR
00000030                BIOSDATA_O_PRD_D_ELAPSED
00000031                BIOSDATA_O_PRD_D_PREVTIM
00000032                BIOSDATA_O_PRD_D_SCALAR
00000034                BIOSDATA_O_PRD_D_SWIHANDLE
00000036                BIOSDATA_O_PRD_D_TABBEG
00000038                BIOSDATA_O_PRD_D_TABLEN
0000003a                BIOSDATA_O_PRD_D_THOOK
0000003c                BIOSDATA_O_PRD_D_TICKH
0000003d                BIOSDATA_O_PRD_D_TICKL
000000a8                BIOSDATA_O_RTDX_D_BUFREAD
000000aa                BIOSDATA_O_RTDX_D_BUFWRITE
00000046                BIOSDATA_O_SWI_D_CURFXN
00000042                BIOSDATA_O_SWI_D_CURMASK
00000045                BIOSDATA_O_SWI_D_CURMBOX
00000043                BIOSDATA_O_SWI_D_CURSET
00000040                BIOSDATA_O_SWI_D_EXECADDR
00000044                BIOSDATA_O_SWI_D_LOCK
00000048                BIOSDATA_O_SWI_D_RDYBEG
0000004a                BIOSDATA_O_SWI_D_RDYTAB
0000003e                BIOSDATA_O_SWI_D_RUNADDR
0000009e                BIOSDATA_O_SYS
000000a4                BIOSDATA_O_TSK_D_IDLSTKADDR
000000a6                BIOSDATA_O_TSK_D_IDLSYSTKADDR
0000cd11                BIOS_init
0000cda2                BIOS_start
00000000                BUF$
00000001                BUF_ENABLED
00005396                C$$EXIT
            000068d0    C55_BIOSDATAOBJ
00000001                CLK$
00006e38                CLK_A_TABBEG
0000dc70                CLK_A_TABBEGb
00000001                CLK_CALDIV
00000004                CLK_CALMULT
0000c350                CLK_COUNTSPMS
00000000                CLK_COUNTSPMSHIGH
            000068e6    CLK_D_idletime
            000068e8    CLK_D_isrhook
            000068ea    CLK_D_tabbeg
            000068ec    CLK_D_timefxn
00007551                CLK_F_dispRun
00006f08                CLK_F_gethtime
00007468                CLK_F_itime
00007551                CLK_HOOKFXN
00000001                CLK_HTIMEDIV
00000002                CLK_HTIMEMULT
0000c350                CLK_HTIMEPERLTIME
00000010                CLK_IMR0TINTMASK
00000000                CLK_IMR1TINTMASK
00000000                CLK_INTBIT
00000004                CLK_INTID
00000001                CLK_LTIMEDIV
000186a0                CLK_LTIMEMULT
000003e8                CLK_MICROSECS
            00006e3a    CLK_NULL
0000c34f                CLK_PRD
00000000                CLK_PRDHIGH
00001810                CLK_REGS
            000068ee    CLK_R_timh
            000068ef    CLK_R_timl
00000020                CLK_TCR
00000000                CLK_TDDR
00000000                CLK_TDDRHIGH
00006f08                CLK_TIMEFXN
00000001                CLK_TIMER0ARG
00006e80                CLK_TIMER0FUNC
00000000                CLK_TIMER1ARG
0000749c                CLK_TIMER1FUNC
00000000                CLK_TIMER2ARG
0000749c                CLK_TIMER2FUNC
00000046                CLK_TIMERIFR
00000045                CLK_TIMERIMR
00000010                CLK_TIMERIMRMASK
00000000                CLK_TIMERNUM
00000001                CLK_USETIMER
            00003fbe    DARAM
00004524                DARAM$B
00008a48                DARAM$Bb
00000a00                DARAM$L
00000000                DEV$
00000000                DGN$
00000000                DHL$
00000000                DHL_gChannelsAvailable
00000000                DIO$
00000000                DIO_NUMSWIBASE
00000000                DIO_NUMTSKBASE
00000000                DIO_STATIC
00000000                DPI$
0000749c                FXN_F_nop
0000749e                FXN_F_run
000074bf                FXN_F_selfLoop
000074bb                FXN_F_zero
00000001                GBL$
00005205                GBL_A_VERSION
0000759c                GBL_BIOS_BOOTFXN
00f80000                GBL_CACHEICRTAG1
00f81000                GBL_CACHEICRTAG2
00000002                GBL_CACHETYPE
00000000                GBL_CALLCSLCFGINIT
00004e20                GBL_CLKIN
00000001                GBL_CLKMD
00001581                GBL_CLKTYPE
00000001                GBL_DCRPOSTEDWRITE
00001581                GBL_DSPSUBTYPE
00000037                GBL_DSPTYPE
00000000                GBL_ENABLEICACHE
00000001                GBL_ENABLEINST
00000042                GBL_FOOTPRINT
000186a0                GBL_FREQ
00000001                GBL_LARGEMODEL
00000000                GBL_MODIFYCLKMD
00000000                GBL_NULL
00008000                GBL_PLLDIV0
00008003                GBL_PLLDIV1
0000000f                GBL_PLLM
00000000                GBL_PROCID
00000000                GBL_ROM
00000000                GBL_SUPPORTCSL
0000dbef                GBL_TRCMASKVALUE
00000000                GBL_USERINIT
0000759c                GBL_USERINITFXN
00000001                GBL_boot
            00006e3e    GBL_initdone
            00004124    GBL_stackbeg
            00004523    GBL_stackend
            00004024    GBL_sysstackbeg
            00004123    GBL_sysstackend
00000000                GIO$
0000759c                GIO_CREATEFXN
0000759c                GIO_DELETEFXN
0000759c                GIO_PENDFXN
0000759c                GIO_POSTFXN
00000000                HOOK$
00000000                HOOK_KNLID
00000001                HST$
00006dd0                HST_A_TABBEG
0000dba0                HST_A_TABBEGb
00006dea                HST_A_TABEND
0000dbd4                HST_A_TABENDb
00000000                HST_BIOSLINK
00000000                HST_DSM
            00003fbe    HST_DSMBUFSEG
00000400                HST_DSMMEMSIZE
            000068f0    HST_D_chanmask
            00006970    HST_D_tabbegaddr
            00006972    HST_D_tabendaddr
000000ff                HST_MAXFRAMEALLOWED
00000040                HST_MAXFRAMESET
00000000                HST_NONE
00000001                HST_RTDX
00000001                HWI$
0000ff00                HWI_A_VECS
00000018                HWI_BERR
00000019                HWI_DLOG
            00006964    HWI_D_inhwi
            00006958    HWI_D_spsave
            0000695a    HWI_D_sspsave
            0000695c    HWI_D_stkbotaddr
            00006960    HWI_D_stktopaddr
            0000695e    HWI_D_systkbotaddr
            00006962    HWI_D_systktopaddr
00005b17                HWI_F_dispatch
0000000a                HWI_INT10
0000000b                HWI_INT11
0000000c                HWI_INT12
0000000d                HWI_INT13
0000000e                HWI_INT14
0000000f                HWI_INT15
00000010                HWI_INT16
00000011                HWI_INT17
00000012                HWI_INT18
00000013                HWI_INT19
00000002                HWI_INT2
00000014                HWI_INT20
00000015                HWI_INT21
00000016                HWI_INT22
00000017                HWI_INT23
00000003                HWI_INT3
00000004                HWI_INT4
00000005                HWI_INT5
00000006                HWI_INT6
00000007                HWI_INT7
00000008                HWI_INT8
00000009                HWI_INT9
00000001                HWI_NMI
00000000                HWI_RESET
0000001a                HWI_RTOS
0000001b                HWI_SINT27
0000001c                HWI_SINT28
0000001d                HWI_SINT29
0000001e                HWI_SINT30
0000001f                HWI_SINT31
00000004                HWI_TINT
00000000                HWI_ZEROTAB
00005370                I$$LMPY
00000001                IDL$
00006e22                IDL_A_CALBEG
0000dc44                IDL_A_CALBEGb
00006e1a                IDL_A_TABBEG
0000dc34                IDL_A_TABBEGb
00000000                IDL_CALIBRERROR
000074c1                IDL_CALIBRFXN
            0000699c    IDL_D_busyObj
            000068f2    IDL_D_calbeg
            000068f4    IDL_D_calibrate
            000068f6    IDL_D_tabbeg
            00006e20    IDL_END
            00006e28    IDL_END$
0000732c                IDL_F_busy
00007577                IDL_F_loop
00000001                IDL_USECLKIDLTIME
            00005df8    IDL_busyObj
            000089e2    IDL_busyObj$avgfmt
00000001                IDL_busyObj$filter
00000001                IDL_busyObj$iA
00000000                IDL_busyObj$iB
00000001                IDL_busyObj$iC
            000089dc    IDL_busyObj$maxfmt
00000000                IDL_busyObj$operation
            00005df6    IDL_busyObj$stsobj
            000089df    IDL_busyObj$sumfmt
00000002                IDL_busyObj$unittype
            00006e1e    IDL_cpuLoad
            00006e26    IDL_cpuLoad$
00000001                ISRC$
000066ef                KNL_glue
            00006dbc    KNL_swi
00000001                KNL_swi$dorta
00000002                KNL_swi$ord
00000000                KNL_swi$pri
            00005dd8    KNL_swi$sts
            00008984    KNL_swi$sts$avgfmt
00000002                KNL_swi$sts$filter
00000001                KNL_swi$sts$filtmaxmult
00000001                KNL_swi$sts$filtsummult
            00008974    KNL_swi$sts$maxfmt
            00005dd6    KNL_swi$sts$stsobj
            0000897c    KNL_swi$sts$sumfmt
00000000                KNL_swi$sts$unittype
00000000                KNL_swi$swi
0000672e                KNL_tick_stub
00000001                LCK$
            00006996    LNKCTRL
            00006997    LNK_D_dataReadyMask
            00006996    LNK_D_fromHostMask
            00006999    LNK_D_readDone
            0000699a    LNK_D_readFail
            00006998    LNK_D_readPend
            0000699b    LNK_D_writeFail
00005776                LNK_F_checkChanEnabled
000057cf                LNK_F_dataPump
0000579d                LNK_F_getChanPtr
00005784                LNK_F_getNextChan
00005774                LNK_F_init
00005af2                LNK_F_readCallBack
            00006e1a    LNK_dataPump
            00006e22    LNK_dataPump$
0000593a                LNK_newin
00005a1e                LNK_newout
000057cf                LNK_rcloop
00005823                LNK_rdrtry
0000582d                LNK_rrloop
000058ad                LNK_wrloop
000058a3                LNK_wrrtry
00000001                LOG$
00006dea                LOG_A_TABBEG
0000dbd4                LOG_A_TABBEGb
00006dfe                LOG_A_TABEND
0000dbfc                LOG_A_TABENDb
00000002                LOG_A_TABLEN
            000068f8    LOG_D_system
00000001                LOG_ENABLED
000071b4                LOG_F_event
            00006dea    LOG_system
            00005e00    LOG_system$buf
00000000                LOG_system$datatype
00000000                LOG_system$log
00000200                LOG_system$size
00000001                MBX$
            00006acc    MBXdownsampled
            00006ad4    MBXdownsampled$data
            00006ae4    MBXdownsampled$free
            00006afa    MBXdownsampled$queElems
            00006a64    MBXinSamples
            00006a6c    MBXinSamples$data
            00006a7c    MBXinSamples$free
            00006c02    MBXinSamples$queElems
            00006a98    MBXpostProcess
            00006aa0    MBXpostProcess$data
            00006ab0    MBXpostProcess$free
            00006c6a    MBXpostProcess$queElems
00000001                MEM$
            00003fbe    MEM_MALLOCSEG
00000000                MEM_NULL
            00003fbe    MEM_SEGZERO
00000001                MEM_gNumHeap
00000000                MSGQ$
00000000                MSGQ_USEMSGQ
00000000                OBJ$
00000000                PIP$
00006cd2                PIP_A_TABBEG
0000d9a4                PIP_A_TABBEGb
00006d36                PIP_A_TABEND
0000da6c                PIP_A_TABENDb
00000002                PIP_A_TABLEN
            000068fa    PIP_D_tabbeg
            000068fc    PIP_D_tablen
000065de                PIP_F_give
000065dc                PIP_F_probe
00006650                PIP_F_start
00006588                PIP_F_take
00000064                PIP_OBJSIZE
00000000                PIP_gNextId
00000002                PIP_gNumEmbed
00000000                POOL$
00000000                POOL_USEPOOL
00000001                PRD$
            00006dfe    PRDLED
            00006e08    PRDLED$aaa
00000000                PRDLED$mode
00000001                PRDLED$ord
00001388                PRDLED$period
00000000                PRDLED$prd
            00005dc8    PRDLED$sts
            0000894f    PRDLED$sts$avgfmt
00000000                PRDLED$sts$filter
            0000893d    PRDLED$sts$maxfmt
            00005dc6    PRDLED$sts$stsobj
            00008946    PRDLED$sts$sumfmt
00000002                PRDLED$sts$unittype
00006dfe                PRD_A_TABBEG
0000dbfc                PRD_A_TABBEGb
00006e0a                PRD_A_TABEND
0000dc14                PRD_A_TABENDb
00000001                PRD_A_TABLEN
            000068fe    PRD_D_cur
            00006900    PRD_D_elapsed
            00006901    PRD_D_prevtim
            00006902    PRD_D_scalar
            00006904    PRD_D_swihandle
            00006906    PRD_D_tabbeg
            00006908    PRD_D_tablen
            0000690a    PRD_D_thook
            0000690c    PRD_D_tickh
            0000690d    PRD_D_tickl
00006003                PRD_F_swi
00006128                PRD_F_tick
00000008                PRD_SCALAR
            00006da8    PRD_SWIHANDLE
0000672e                PRD_THOOKFXN
            00006e38    PRD_clock
            00006da8    PRD_swi
00000001                PRD_swi$dorta
00000001                PRD_swi$ord
00000001                PRD_swi$pri
            00005dd0    PRD_swi$sts
            0000896a    PRD_swi$sts$avgfmt
00000002                PRD_swi$sts$filter
00000001                PRD_swi$sts$filtmaxmult
00000001                PRD_swi$sts$filtsummult
            0000895a    PRD_swi$sts$maxfmt
            00005dce    PRD_swi$sts$stsobj
            00008962    PRD_swi$sts$sumfmt
00000000                PRD_swi$sts$unittype
00000000                PRD_swi$swi
00000001                PWRM$
00000000                PWRM_PWRM_ADAPTCLK
0000759c                PWRM_PWRM_BOOTHOOKFXN
00000023                PWRM_PWRM_CAPSMASK
0000003f                PWRM_PWRM_DS_IDLEMASK
00000000                PWRM_PWRM_ENABLE
00000005                PWRM_PWRM_IDLEMASK
00000000                PWRM_PWRM_IER0
00000000                PWRM_PWRM_IER1
00000640                PWRM_PWRM_INITMILVOLTS
0000000f                PWRM_PWRM_INITSP
00000000                PWRM_PWRM_SCALING
00000001                QUE$
            00006980    RTA_D_fromHost
            00006984    RTA_D_logval
            0000698e    RTA_D_stsval
            00006982    RTA_D_toHost
000073b9                RTA_F_andn
000064e1                RTA_F_dispatch
00006458                RTA_F_getlog
00006484                RTA_F_getsts
000073cf                RTA_F_or
000064b3                RTA_F_readblk
000064c6                RTA_F_resetmem
000064c2                RTA_F_writeword
            00006e1c    RTA_dispatcher
            00006e24    RTA_dispatcher$
            00006dd2    RTA_fromHost
            00006e12    RTA_fromHost$buf
00000008                RTA_fromHost$framesize
00000000                RTA_fromHost$hst
00000001                RTA_fromHost$id
00000000                RTA_fromHost$mode
            00006cd2    RTA_fromHost$pipe
            00003fc0    RTA_fromHost$pipe$dtab
            00006cd4    RTA_fromHost$pipe$rd
            00006cd6    RTA_fromHost$pipe$rdaddr
            00006cda    RTA_fromHost$pipe$rdcurdesc
            00006cd8    RTA_fromHost$pipe$rdsize
            00006cea    RTA_fromHost$pipe$rdstshdl
            00006cec    RTA_fromHost$pipe$wr
            00006cee    RTA_fromHost$pipe$wraddr
            00006cf2    RTA_fromHost$pipe$wrcurdesc
            00006cf0    RTA_fromHost$pipe$wrsize
            00006d02    RTA_fromHost$pipe$wrstshdl
            00006dd6    RTA_fromHost$rtdx
            00006dde    RTA_toHost
            00006d36    RTA_toHost$buf
00000040                RTA_toHost$framesize
00000000                RTA_toHost$hst
00000000                RTA_toHost$id
00000001                RTA_toHost$mode
            00006d04    RTA_toHost$pipe
            00003fc6    RTA_toHost$pipe$dtab
            00006d06    RTA_toHost$pipe$rd
            00006d08    RTA_toHost$pipe$rdaddr
            00006d0c    RTA_toHost$pipe$rdcurdesc
            00006d0a    RTA_toHost$pipe$rdsize
            00006d1c    RTA_toHost$pipe$rdstshdl
            00006d1e    RTA_toHost$pipe$wr
            00006d20    RTA_toHost$pipe$wraddr
            00006d24    RTA_toHost$pipe$wrcurdesc
            00006d22    RTA_toHost$pipe$wrsize
            00006d34    RTA_toHost$pipe$wrstshdl
            00006de2    RTA_toHost$rtdx
00000001                RTDX$
00000102                RTDX_BUFMEMSIZE
            00003fbe    RTDX_DATAMEMSEG
            00006978    RTDX_D_BufRead
            0000697a    RTDX_D_BufWrite
00000000                RTDX_MODE
00000001                RTDX_USERTDX
00000000                RTDX_USERTEXECUTION
ffffffff                SARAM
00000000                SEM$
00000000                SIO$
00000001                STS$
00005dc6                STS_A_TABBEG
0000bb8c                STS_A_TABBEGb
00005dfe                STS_A_TABEND
0000bbfc                STS_A_TABENDb
000072be                STS_F_add
0000729c                STS_F_delta
000072d6                STS_F_reset
00000001                SWI$
00006da8                SWI_A_TABBEG
0000db50                SWI_A_TABBEGb
00006dd0                SWI_A_TABEND
0000dba0                SWI_A_TABENDb
00000002                SWI_A_TABLEN
            00006916    SWI_D_curfxn
            00006912    SWI_D_curmask
            00006915    SWI_D_curmbox
            00006913    SWI_D_curset
            00006910    SWI_D_execaddr
            00006956    SWI_D_inswi
            00006914    SWI_D_lock
            00006918    SWI_D_rdybeg
            0000691a    SWI_D_rdytab
            0000690e    SWI_D_runaddr
00000000                SWI_EHOOKFXN
000054e6                SWI_EXECFXN
000053a0                SWI_F_enable
000054e6                SWI_F_exec
0000545e                SWI_F_exec_sync
000053d3                SWI_F_post
000055d2                SWI_F_run
00000000                SWI_IHOOKFXN
000055d2                SWI_RUNFXN
00000001                SYS$
            00006e2a    SYS$config
000074e8                SYS_ABORTFXN
0000750c                SYS_ERRORFXN
00007584                SYS_EXITFXN
000073fc                SYS_PUTCFXN
00004000                TRC_GBLTARG
            00006e3d    TRC_R_mask
            00006e3c    TRC_cinit
00000001                TSK$
            00006bdc    TSKUserInterface
00000003                TSKUserInterface$ord
00000002                TSKUserInterface$pri
            00004a24    TSKUserInterface$stack
            00004e06    TSKUserInterface$stkptr
            00005df0    TSKUserInterface$sts
            000089d2    TSKUserInterface$sts$avgfmt
00000002                TSKUserInterface$sts$filter
00000001                TSKUserInterface$sts$filtmaxmult
00000001                TSKUserInterface$sts$filtsummult
            000089c2    TSKUserInterface$sts$maxfmt
            00005dee    TSKUserInterface$sts$stsobj
            000089ca    TSKUserInterface$sts$sumfmt
00000000                TSKUserInterface$sts$unittype
            00004e24    TSKUserInterface$sysstack
            00004f06    TSKUserInterface$sysstkptr
00000000                TSKUserInterface$tsk
            00006bf4    TSKUserInterface$tskobj
            00006974    TSK_D_idlstkaddr
            00006976    TSK_D_idlsystkaddr
00000000                TSK_NUM_HOOKS
00000001                TSK_PRIORITY
00000000                TSK_READYFXN
00000000                TSK_STACKSEG
00000400                TSK_STACKSIZE
00000000                TSK_SWITCHFXN
00000100                TSK_SYSTACKSIZE
0000759c                TSK_VCREATEFXN
0000759c                TSK_VDELETEFXN
0000759c                TSK_VEXITFXN
            00006bb0    TSK_audProc
00000002                TSK_audProc$ord
00000004                TSK_audProc$pri
            00004f24    TSK_audProc$stack
            00005306    TSK_audProc$stkptr
            00005de8    TSK_audProc$sts
            000089b8    TSK_audProc$sts$avgfmt
00000002                TSK_audProc$sts$filter
00000001                TSK_audProc$sts$filtmaxmult
00000001                TSK_audProc$sts$filtsummult
            000089a8    TSK_audProc$sts$maxfmt
            00005de6    TSK_audProc$sts$stsobj
            000089b0    TSK_audProc$sts$sumfmt
00000000                TSK_audProc$sts$unittype
            00005324    TSK_audProc$sysstack
            00005406    TSK_audProc$sysstkptr
00000000                TSK_audProc$tsk
            00006bc8    TSK_audProc$tskobj
            00006b84    TSK_idle
00000001                TSK_idle$ord
00000000                TSK_idle$pri
            00005424    TSK_idle$stack
            00005806    TSK_idle$stkptr
            00005de0    TSK_idle$sts
            0000899e    TSK_idle$sts$avgfmt
00000002                TSK_idle$sts$filter
00000001                TSK_idle$sts$filtmaxmult
00000001                TSK_idle$sts$filtsummult
            0000898e    TSK_idle$sts$maxfmt
            00005dde    TSK_idle$sts$stsobj
            00008996    TSK_idle$sts$sumfmt
00000000                TSK_idle$sts$unittype
            00005824    TSK_idle$sysstack
            00005906    TSK_idle$sysstkptr
00000000                TSK_idle$tsk
            00006b9c    TSK_idle$tskobj
00000000                UDEV$
ffffffff                VECT
00004604                _AIC3204_rget
0000464f                _AIC3204_rset
0000cd11                _BIOS_init
0000cda2                _BIOS_start
00006ceb                _C55_clearIFR0
00006d00                _C55_clearIFR1
00006c73                _C55_disableIMR0
00006c96                _C55_disableIMR1
000051b4                _C55_disableInt
00006cb9                _C55_enableIMR0
00006cd2                _C55_enableIMR1
00005180                _C55_enableInt
0000c350                _CLK_COUNTSPMS
            0000400c    _CLK_DFLTMICROSECS
            000068e4    _CLK_D_countspms
            000068de    _CLK_D_dirty
            0000400e    _CLK_D_microseconds
            000068e0    _CLK_D_prd
            000068e2    _CLK_D_tddr
0000c34f                _CLK_PRD
00001810                _CLK_REGS
00000020                _CLK_TCR
00000000                _CLK_TDDR
00000000                _CLK_TIMERNUM
00000001                _CLK_USETIMER
00007551                _CLK_dispRun
00006e38                _CLK_dispatch
00006efc                _CLK_getfhtime
00006f08                _CLK_getshtime
            000068d6    _CLK_htimeDiv
            000068d8    _CLK_htimeMult
            0000401c    _CLK_htimePerLtime
00006e80                _CLK_isr
            000068e8    _CLK_isrhook
00007468                _CLK_itime
            000068da    _CLK_ltimeDiv
            000068dc    _CLK_ltimeMult
00006fd4                _CLK_measure
00007546                _CLK_run
00006d18                _CLK_start
00006da0                _CLK_stop
            000068ee    _CLK_time
            00003fe4    _CLK_timer0arg
            00003fde    _CLK_timer0func
            00003fe6    _CLK_timer1arg
            00003fe0    _CLK_timer1func
            00003fe8    _CLK_timer2arg
            00003fe2    _CLK_timer2func
00001810                _CLK_timer5505
00001c14                _CLK_timerIAFR
00000000                _CLK_timerNum
000075a0                _CLK_wdogdisable
00004683                _ConfigureAic3204
00003975                _ConversionTable
            00003fbe    _DARAM
00004524                _DARAM_base
00008a48                _DARAM_baseb
00000a00                _DARAM_length
000045ea                _EVM5515_UART_getChar
000045b8                _EVM5515_UART_putChar
0000500c                _EZDSP5535_GPIO_getInput
00004fa3                _EZDSP5535_GPIO_init
00004fce                _EZDSP5535_GPIO_setDirection
00004ff2                _EZDSP5535_GPIO_setOutput
00004f15                _EZDSP5535_I2C_init
00004f7b                _EZDSP5535_I2C_read
00004f4a                _EZDSP5535_I2C_reset
00004f55                _EZDSP5535_I2C_write
00004d77                _EZDSP5535_I2S_close
00004c82                _EZDSP5535_I2S_init
00004cdb                _EZDSP5535_I2S_readLeft
00004d3a                _EZDSP5535_I2S_readRight
00004d0d                _EZDSP5535_I2S_writeLeft
00004d5b                _EZDSP5535_I2S_writeRight
00004868                _EZDSP5535_LED_getall
00004832                _EZDSP5535_LED_init
0000495d                _EZDSP5535_LED_off
00004928                _EZDSP5535_LED_on
000048ba                _EZDSP5535_LED_setall
00004990                _EZDSP5535_LED_toggle
00004adf                _EZDSP5535_SAR_getKey
00004a19                _EZDSP5535_SAR_init
000049eb                _EZDSP5535_XF_get
000049e0                _EZDSP5535_XF_off
000049d5                _EZDSP5535_XF_on
000049fa                _EZDSP5535_XF_toggle
000052e5                _EZDSP5535_init
0000529f                _EZDSP5535_wait
000052d3                _EZDSP5535_waitusec
0000759c                _FXN_F_nop
            000068d2    _GBL_clkIn
            000068d4    _GBL_freq
00007593                _GBL_getVersion
            000068d0    _GBL_procId
            00004004    _GD
000037d3                _GPIO_clearInt
0000332c                _GPIO_close
00003350                _GPIO_config
00003583                _GPIO_configBit
000036cb                _GPIO_disableInt
00003749                _GPIO_enableInt
000033d5                _GPIO_getConfig
000032e8                _GPIO_open
0000345d                _GPIO_read
000038e6                _GPIO_reset
0000385f                _GPIO_statusBit
000034e0                _GPIO_write
            00004010    _GpioObj
00006dd0                _HST_A_TABBEG
00006dea                _HST_A_TABEND
            00008935    _HST_HOST_CHANNEL_DRIVER
00000018                _HWI_BERR
00000019                _HWI_DLOG
            00006964    _HWI_D_inhwi
            00006958    _HWI_D_spsave
            0000695a    _HWI_D_sspsave
00005d96                _HWI_F_DispIsr0
00005b17                _HWI_F_dispatch
00003ff2                _HWI_I2S_Rx
00004068                _HWI_I2S_Tx
0000000a                _HWI_INT10
0000000b                _HWI_INT11
0000000c                _HWI_INT12
0000000d                _HWI_INT13
0000000e                _HWI_INT14
0000000f                _HWI_INT15
00000010                _HWI_INT16
00000011                _HWI_INT17
00000012                _HWI_INT18
00000013                _HWI_INT19
00000002                _HWI_INT2
00000014                _HWI_INT20
00000015                _HWI_INT21
00000016                _HWI_INT22
00000017                _HWI_INT23
00000003                _HWI_INT3
00000004                _HWI_INT4
00000005                _HWI_INT5
00000006                _HWI_INT6
00000007                _HWI_INT7
00000008                _HWI_INT8
00000009                _HWI_INT9
00000001                _HWI_NMI
00000000                _HWI_RESET
0000001a                _HWI_RTOS
0000001b                _HWI_SINT27
0000001c                _HWI_SINT28
0000001d                _HWI_SINT29
0000001e                _HWI_SINT30
0000001f                _HWI_SINT31
            00004524    _HWI_STKBOTTOM
            00004124    _HWI_STKTOP
            00004124    _HWI_SYSSTKBOTTOM
            00004024    _HWI_SYSSTKTOP
00000004                _HWI_TINT
            00006958    _HWI_data
0000752c                _HWI_disable
            0000699e    _HWI_dispatchTab
0000753c                _HWI_enable
00007540                _HWI_restore
0000124a                _I2C_config
00001c15                _I2C_eventDisable
00001ae1                _I2C_eventEnable
000013af                _I2C_getConfig
00001dc1                _I2C_getEventId
000011a1                _I2C_init
000018c3                _I2C_read
00001d34                _I2C_setCallback
00001485                _I2C_setup
0000167f                _I2C_write
00002d2a                _I2S_close
000043b2                _I2S_initiation
000028f5                _I2S_open
00004447                _I2S_opening
00002ddc                _I2S_read
000031ec                _I2S_reset
00002a3c                _I2S_setup
0000329d                _I2S_transEnable
00003096                _I2S_write
0000732c                _IDL_busy
            00005df8    _IDL_busyObj
00007373                _IDL_calibrate
            00006e1e    _IDL_cpuLoad
00007358                _IDL_init
00007577                _IDL_loop
000074c1                _IDL_stub
            00003e86    _KNL_alarm
00006da8                _KNL_check
            00003eae    _KNL_curqueue
            00003ea6    _KNL_curtask
            00003eaa    _KNL_curtime
            00003e8e    _KNL_dummy
000070a0                _KNL_enter
000070e0                _KNL_exit
00006e03                _KNL_idle
            00003eba    _KNL_idlefxn
            00003e8a    _KNL_inactive
00007100                _KNL_ipost
00006e20                _KNL_max
            00003eb0    _KNL_maxqueue
00007434                _KNL_post
            00003ea8    _KNL_prevtask
            00003e8c    _KNL_priority
            00003e34    _KNL_queues
0000618c                _KNL_run
0000674e                _KNL_saveIsrFrame
            00003e33    _KNL_set
            00003e88    _KNL_setpri
            00006dbc    _KNL_swi
            00003eac    _KNL_swiptr
000066a1                _KNL_switch
            00003eb4    _KNL_tcreatefxn
            00003eb6    _KNL_tdeletefxn
00006448                _KNL_tick
            00003eb8    _KNL_treadyfxn
            00003eb2    _KNL_tswitchfxn
            00003e32    _KNL_wFlag
            00003e84    _KNL_wList
0000717c                _LCK_pend
0000715c                _LCK_post
00005af2                _LNK_F_readCallBack
            00006e1a    _LNK_dataPump
00006dea                _LOG_A_TABBEG
00006dfe                _LOG_A_TABEND
00000002                _LOG_A_TABLEN
            000068f8    _LOG_D_system
000071b4                _LOG_event
0000703c                _LOG_printf
            00006dea    _LOG_system
000067b0                _MBX_pend
00006838                _MBX_post
            00006acc    _MBXdownsampled
            00006a64    _MBXinSamples
            00006a98    _MBXpostProcess
            0000401e    _MEM
            00006965    _MEM_D_NUMSEGMENTS
            00006968    _MEM_D_freelist
            0000696a    _MEM_D_lockaddr
            00006966    _MEM_D_memtab
            0000696c    _MEM_D_unlockaddr
0000cc00                _MEM_init
            00003fb8    _MEM_memtab
            00003c6a    _NCOout
            00003c68    _NCOpa
0000cf4c                _OBJ_init
            00003f9c    _OBJ_segtab
            00003f80    _OBJ_table
00006cd2                _PIP_A_TABBEG
00006d36                _PIP_A_TABEND
            00006dfe    _PRDLED
            0000690d    _PRD_D_tick
            00006e38    _PRD_clock
            00006da8    _PRD_swi
00004e68                _PRD_twoHzLED
00006458                _RTA_F_getlog
            00006e1c    _RTA_dispatcher
            00006dd2    _RTA_fromHost
            00006dde    _RTA_toHost
            000067a8    _RTDX_Buffer
            000068ce    _RTDX_Buffer_End
0000b9cf                _RTDX_Buffer_Initialize
0000bb0e                _RTDX_Buffer_Read
0000ba22                _RTDX_Buffer_ReadCB
0000baa9                _RTDX_Buffer_Size
            000068cc    _RTDX_Buffer_Start
0000bb4e                _RTDX_Buffer_Write
0000b423                _RTDX_Buffer_WriteCB
0000ba6d                _RTDX_Final_RT_Monitor
0000b96a                _RTDX_H2TPoll
0000b59f                _RTDX_Init_RT_Monitor
00000003                _RTDX_JTAGONLY
00000001                _RTDX_LMM
0000bae4                _RTDX_Mask_IER
0000b8e2                _RTDX_Mon_Queue
0000b6ae                _RTDX_Poll
0000bb30                _RTDX_Set_IER
00000000                _RTDX_interrupt_mask
            000068c2    _RTDX_writing
ffffffff                _SARAM
00002360                _SAR_A2DMeasParamSet
000027da                _SAR_GPODirSet
00001ed7                _SAR_chanClose
00001f5b                _SAR_chanConfig
00002257                _SAR_chanCycSet
00001e5a                _SAR_chanInit
00001e75                _SAR_chanOpen
00002043                _SAR_chanSetup
00001e3a                _SAR_deInit
00001fd1                _SAR_getConfig
000028b6                _SAR_getStatus
00001ddd                _SAR_init
0000231f                _SAR_readData
000022a6                _SAR_startConversion
000022d8                _SAR_stopConversion
            00003fbe    _SEG0
00007205                _SEM_pend
00005e78                _SEM_pendEnterKnl
00006f4f                _SEM_post
00006f4f                _SEM_postBinary
00007254                _SEM_postEnterKnl
00005dc6                _STS_A_TABBEG
00005dfe                _STS_A_TABEND
000072be                _STS_add
0000729c                _STS_delta
000072d6                _STS_reset
0000758c                _STS_set
            00006916    _SWI_D_curfxn
            00006912    _SWI_D_curmask
            00006956    _SWI_D_inswi
            00006914    _SWI_D_lock
            00006918    _SWI_D_rdybeg
            0000690e    _SWI_data
000053a0                _SWI_enable
000053d3                _SWI_post
            0000696e    _SYS
            00006400    _SYS_PUTCBEG
            000065ff    _SYS_PUTCEND
00007560                _SYS_abort
000072e4                _SYS_exit
            00003fa4    _SYS_exitStack
            00003fb4    _SYS_exitStackPtr
            00003fb6    _SYS_exitStackTop
            00003ff6    _SarHandle
            00003ff2    _SarObj
            00006e3d    _TRC_R_mask
            00003f1c    _TSK
            00006bdc    _TSKUserInterface
            00003f00    _TSK_ATTRS
00004dcb                _TSK_UserInterface
            00006bb0    _TSK_audProc
000041c8                _TSK_audProcess
            00003f0e    _TSK_config
000069c4                _TSK_exit
            00006b84    _TSK_idle
0000cde8                _TSK_init
            00003efe    _TSK_nTasks
            00003eff    _TSK_pid
00006abc                _TSK_setup
00006c10                _TSK_startup
            00003f1e    _TSK_timerSem
000006a6                _UART_config
000009dd                _UART_eventDisable
00000945                _UART_eventEnable
00000d17                _UART_fgetc
00000e3a                _UART_fgets
00000db5                _UART_fputc
00000f6a                _UART_fputs
0000107e                _UART_getConfig
00001057                _UART_getEventId
00000145                _UART_init
000044a0                _UART_initiation
0000453d                _UART_open
00000a6c                _UART_read
000008b5                _UART_reset
000008fa                _UART_resetOff
0000113b                _UART_setCallback
000001ff                _UART_setup
000007ab                _UART_setupBaudRate
000045ce                _UART_str
00000b95                _UART_write
000074e8                _UTL_doAbort
0000750c                _UTL_doError
000073fc                _UTL_doPutc
00007584                _UTL_halt
ffffffff                _VECT
            0000697e    __HOOK_NUMHOOKS
            0000697c    __HOOK_knlId
            00003f6c    __MEM_mutex
000068c0                __SEM_dopost
            00004524    __STACK_END
00000800                __STACK_SIZE
00000200                __SYSSTACK_SIZE
            00003f58    __TSK_mutex
00005080                ___add_dtor
            00003d70    ___atexit_func_id__
ffffffff                ___binit__
            00003ad2    ___bss__
ffffffff                ___c_args__
            00008000    ___cinit__
            00000060    ___data__
            00000060    ___edata__
            00004024    ___end__
0000539e                ___etext__
            00006e32    ___pinit__
000000c0                ___text__
            00004018    __cleanup_ptr
00004e74                __divul
            0000401a    __dtors_ptr
            00004014    __lock
00005370                __mpyli
00005393                __nop
0000538b                __register_lock
00005383                __register_unlock
0000509f                __remul
            00004124    __stack
            00004024    __sysstack
            00004016    __unlock
00005395                _abort
00004679                _aic3204_init
00005111                _atexit
00003f15                _audioProcessingInit
0000ce6c                _auto_init
            00003b6c    _buf1
            00003b9c    _buf2
            00003bcc    _buf3
0000cedd                _c_int00
0000502a                _call_dtors
            00003c6e    _data
            00003b4a    _delayLine
            00003d6e    _delta
            00004022    _dtors
00005332                _exit
            00003f56    _fsError
            00003fcc    _gI2cObj
            00004012    _hGpio
            00004020    _hI2s
            00003ee4    _hI2s2
            00003efa    _hUart
            00003c6b    _i
            00003fdc    _i2cHandle
            00004000    _inputCMD
            00003c6c    _j
            00003ff8    _keyCnt1
            00003ff9    _keyCnt2
00004d89                _main
00004c5a                _maintainDL
000052f3                _memcpy
00004be9                _myFir
00004b69                _myFir2
            00003f57    _ouError
00005244                _outputNCOSample
            00003ff5    _preKey
            00003c08    _processedSamps
            0000400a    _rtdxNullChanCnt
            0000400b    _rtdxNullFuncCnt
            000068bc    _rtdx_buffer_state
            000068aa    _rtdx_mon_state
            00003b68    _rxctr
            00004002    _state
            00003efc    _sysRegs
            00003c38    _temp
            00003c6d    _test
            00006df4    _trace
            00003b6a    _txctr
            00003ee6    _uartObj
ffffffff                binit
            00008000    cinit
            00000060    edata
            00004024    end
0000539e                etext
            00006d76    gblinit
0000ff00                hwi0
0000ff08                hwi1
0000ff50                hwi10
0000ff58                hwi11
0000ff60                hwi12
0000ff68                hwi13
0000ff70                hwi14
0000ff78                hwi15
0000ff80                hwi16
0000ff88                hwi17
0000ff90                hwi18
0000ff98                hwi19
0000ff10                hwi2
0000ffa0                hwi20
0000ffa8                hwi21
0000ffb0                hwi22
0000ffb8                hwi23
0000ffc0                hwi24
0000ffc8                hwi25
0000ffd0                hwi26
0000ffd8                hwi27
0000ffe0                hwi28
0000ffe8                hwi29
0000ff18                hwi3
0000fff0                hwi30
0000fff8                hwi31
0000ff20                hwi4
0000ff28                hwi5
0000ff30                hwi6
0000ff38                hwi7
0000ff40                hwi8
0000ff48                hwi9
000073e6                iRTA_F_or
000056d8                logPost
            00006e32    pinit
0000572a                stsPost
            00006df4    trace
            00006000    trace$buf
00000001                trace$datatype
00000000                trace$log
00000400                trace$size


GLOBAL SYMBOLS: SORTED BY Symbol Address 

abs. value/
byte addr   word addr   name
---------   ---------   ----
00000000                BUF$
00000000                CLK_COUNTSPMSHIGH
00000000                CLK_IMR1TINTMASK
00000000                CLK_INTBIT
00000000                CLK_PRDHIGH
00000000                CLK_TDDR
00000000                CLK_TDDRHIGH
00000000                CLK_TIMER1ARG
00000000                CLK_TIMER2ARG
00000000                CLK_TIMERNUM
00000000                DEV$
00000000                DGN$
00000000                DHL$
00000000                DHL_gChannelsAvailable
00000000                DIO$
00000000                DIO_NUMSWIBASE
00000000                DIO_NUMTSKBASE
00000000                DIO_STATIC
00000000                DPI$
00000000                GBL_CALLCSLCFGINIT
00000000                GBL_ENABLEICACHE
00000000                GBL_MODIFYCLKMD
00000000                GBL_NULL
00000000                GBL_PROCID
00000000                GBL_ROM
00000000                GBL_SUPPORTCSL
00000000                GBL_USERINIT
00000000                GIO$
00000000                HOOK$
00000000                HOOK_KNLID
00000000                HST_BIOSLINK
00000000                HST_DSM
00000000                HST_NONE
00000000                HWI_RESET
00000000                HWI_ZEROTAB
00000000                IDL_CALIBRERROR
00000000                IDL_busyObj$iB
00000000                IDL_busyObj$operation
00000000                KNL_swi$pri
00000000                KNL_swi$sts$unittype
00000000                KNL_swi$swi
00000000                LOG_system$datatype
00000000                LOG_system$log
00000000                MEM_NULL
00000000                MSGQ$
00000000                MSGQ_USEMSGQ
00000000                OBJ$
00000000                PIP$
00000000                PIP_gNextId
00000000                POOL$
00000000                POOL_USEPOOL
00000000                PRDLED$mode
00000000                PRDLED$prd
00000000                PRDLED$sts$filter
00000000                PRD_swi$sts$unittype
00000000                PRD_swi$swi
00000000                PWRM_PWRM_ADAPTCLK
00000000                PWRM_PWRM_ENABLE
00000000                PWRM_PWRM_IER0
00000000                PWRM_PWRM_IER1
00000000                PWRM_PWRM_SCALING
00000000                RTA_fromHost$hst
00000000                RTA_fromHost$mode
00000000                RTA_toHost$hst
00000000                RTA_toHost$id
00000000                RTDX_MODE
00000000                RTDX_USERTEXECUTION
00000000                SEM$
00000000                SIO$
00000000                SWI_EHOOKFXN
00000000                SWI_IHOOKFXN
00000000                TSKUserInterface$sts$unittype
00000000                TSKUserInterface$tsk
00000000                TSK_NUM_HOOKS
00000000                TSK_READYFXN
00000000                TSK_STACKSEG
00000000                TSK_SWITCHFXN
00000000                TSK_audProc$sts$unittype
00000000                TSK_audProc$tsk
00000000                TSK_idle$pri
00000000                TSK_idle$sts$unittype
00000000                TSK_idle$tsk
00000000                UDEV$
00000000                _CLK_TDDR
00000000                _CLK_TIMERNUM
00000000                _CLK_timerNum
00000000                _HWI_RESET
00000000                _RTDX_interrupt_mask
00000000                trace$log
00000001                $TI_capability_requires_rev3
00000001                BUF_ENABLED
00000001                CLK$
00000001                CLK_CALDIV
00000001                CLK_HTIMEDIV
00000001                CLK_LTIMEDIV
00000001                CLK_TIMER0ARG
00000001                CLK_USETIMER
00000001                GBL$
00000001                GBL_CLKMD
00000001                GBL_DCRPOSTEDWRITE
00000001                GBL_ENABLEINST
00000001                GBL_LARGEMODEL
00000001                GBL_boot
00000001                HST$
00000001                HST_RTDX
00000001                HWI$
00000001                HWI_NMI
00000001                IDL$
00000001                IDL_USECLKIDLTIME
00000001                IDL_busyObj$filter
00000001                IDL_busyObj$iA
00000001                IDL_busyObj$iC
00000001                ISRC$
00000001                KNL_swi$dorta
00000001                KNL_swi$sts$filtmaxmult
00000001                KNL_swi$sts$filtsummult
00000001                LCK$
00000001                LOG$
00000001                LOG_ENABLED
00000001                MBX$
00000001                MEM$
00000001                MEM_gNumHeap
00000001                PRD$
00000001                PRDLED$ord
00000001                PRD_A_TABLEN
00000001                PRD_swi$dorta
00000001                PRD_swi$ord
00000001                PRD_swi$pri
00000001                PRD_swi$sts$filtmaxmult
00000001                PRD_swi$sts$filtsummult
00000001                PWRM$
00000001                QUE$
00000001                RTA_fromHost$id
00000001                RTA_toHost$mode
00000001                RTDX$
00000001                RTDX_USERTDX
00000001                STS$
00000001                SWI$
00000001                SYS$
00000001                TSK$
00000001                TSKUserInterface$sts$filtmaxmult
00000001                TSKUserInterface$sts$filtsummult
00000001                TSK_PRIORITY
00000001                TSK_audProc$sts$filtmaxmult
00000001                TSK_audProc$sts$filtsummult
00000001                TSK_idle$ord
00000001                TSK_idle$sts$filtmaxmult
00000001                TSK_idle$sts$filtsummult
00000001                _CLK_USETIMER
00000001                _HWI_NMI
00000001                _RTDX_LMM
00000001                trace$datatype
00000002                $TI_capability$C5500$CallingConvention
00000002                $TI_capability$C5500$MemoryModel
00000002                CLK_HTIMEMULT
00000002                GBL_CACHETYPE
00000002                HWI_INT2
00000002                IDL_busyObj$unittype
00000002                KNL_swi$ord
00000002                KNL_swi$sts$filter
00000002                LOG_A_TABLEN
00000002                PIP_A_TABLEN
00000002                PIP_gNumEmbed
00000002                PRDLED$sts$unittype
00000002                PRD_swi$sts$filter
00000002                SWI_A_TABLEN
00000002                TSKUserInterface$pri
00000002                TSKUserInterface$sts$filter
00000002                TSK_audProc$ord
00000002                TSK_audProc$sts$filter
00000002                TSK_idle$sts$filter
00000002                _HWI_INT2
00000002                _LOG_A_TABLEN
00000003                HWI_INT3
00000003                TSKUserInterface$ord
00000003                _HWI_INT3
00000003                _RTDX_JTAGONLY
00000004                CLK_CALMULT
00000004                CLK_INTID
00000004                HWI_INT4
00000004                HWI_TINT
00000004                TSK_audProc$pri
00000004                _HWI_INT4
00000004                _HWI_TINT
00000005                HWI_INT5
00000005                PWRM_PWRM_IDLEMASK
00000005                _HWI_INT5
00000006                BIOSDATA_O_CLK_HTIMEDIV
00000006                HWI_INT6
00000006                _HWI_INT6
00000007                HWI_INT7
00000007                _HWI_INT7
00000008                BIOSDATA_O_CLK_HTIMEMULT
00000008                HWI_INT8
00000008                PRD_SCALAR
00000008                RTA_fromHost$framesize
00000008                _HWI_INT8
00000009                HWI_INT9
00000009                _HWI_INT9
0000000a                BIOSDATA_O_CLK_LTIMEDIV
0000000a                HWI_INT10
0000000a                _HWI_INT10
0000000b                HWI_INT11
0000000b                _HWI_INT11
0000000c                BIOSDATA_O_CLK_LTIMEMULT
0000000c                HWI_INT12
0000000c                _HWI_INT12
0000000d                HWI_INT13
0000000d                _HWI_INT13
0000000e                BIOSDATA_O_CLK_D_DIRTY
0000000e                HWI_INT14
0000000e                _HWI_INT14
0000000f                GBL_PLLM
0000000f                HWI_INT15
0000000f                PWRM_PWRM_INITSP
0000000f                _HWI_INT15
00000010                BIOSDATA_O_CLK_D_PRD
00000010                CLK_IMR0TINTMASK
00000010                CLK_TIMERIMRMASK
00000010                HWI_INT16
00000010                _HWI_INT16
00000011                HWI_INT17
00000011                _HWI_INT17
00000012                BIOSDATA_O_CLK_D_TDDR
00000012                HWI_INT18
00000012                _HWI_INT18
00000013                HWI_INT19
00000013                _HWI_INT19
00000014                BIOSDATA_O_CLK_D_COUNTSPMS
00000014                HWI_INT20
00000014                _HWI_INT20
00000015                HWI_INT21
00000015                _HWI_INT21
00000016                BIOSDATA_O_CLK_D_IDLETIME
00000016                HWI_INT22
00000016                _HWI_INT22
00000017                HWI_INT23
00000017                _HWI_INT23
00000018                BIOSDATA_O_CLK_D_ISRHOOK
00000018                HWI_BERR
00000018                _HWI_BERR
00000019                HWI_DLOG
00000019                _HWI_DLOG
0000001a                BIOSDATA_O_CLK_D_TABBEG
0000001a                HWI_RTOS
0000001a                _HWI_RTOS
0000001b                HWI_SINT27
0000001b                _HWI_SINT27
0000001c                BIOSDATA_O_CLK_D_TIMEFXN
0000001c                HWI_SINT28
0000001c                _HWI_SINT28
0000001d                HWI_SINT29
0000001d                _HWI_SINT29
0000001e                BIOSDATA_O_CLK_R_TIMH
0000001e                HWI_SINT30
0000001e                _HWI_SINT30
0000001f                BIOSDATA_O_CLK_R_TIML
0000001f                HWI_SINT31
0000001f                _HWI_SINT31
00000020                BIOSDATA_O_HST_D_CHANMASK
00000020                CLK_TCR
00000020                _CLK_TCR
00000022                BIOSDATA_O_IDL_D_CALBEG
00000023                PWRM_PWRM_CAPSMASK
00000024                BIOSDATA_O_IDL_D_CALIBRATE
00000026                BIOSDATA_O_IDL_D_TABBEG
00000028                BIOSDATA_O_LOG_D_SYSTEM
0000002a                BIOSDATA_O_PIP_D_TABBEG
0000002c                BIOSDATA_O_PIP_D_TABLEN
0000002e                BIOSDATA_O_PRD_D_CUR
00000030                BIOSDATA_O_PRD_D_ELAPSED
00000031                BIOSDATA_O_PRD_D_PREVTIM
00000032                BIOSDATA_O_PRD_D_SCALAR
00000034                BIOSDATA_O_PRD_D_SWIHANDLE
00000036                BIOSDATA_O_PRD_D_TABBEG
00000037                GBL_DSPTYPE
00000038                BIOSDATA_O_PRD_D_TABLEN
0000003a                BIOSDATA_O_PRD_D_THOOK
0000003c                BIOSDATA_O_PRD_D_TICKH
0000003d                BIOSDATA_O_PRD_D_TICKL
0000003e                BIOSDATA_O_SWI_D_RUNADDR
0000003f                PWRM_PWRM_DS_IDLEMASK
00000040                BIOSDATA_O_SWI_D_EXECADDR
00000040                HST_MAXFRAMESET
00000040                RTA_toHost$framesize
00000042                BIOSDATA_O_SWI_D_CURMASK
00000042                GBL_FOOTPRINT
00000043                BIOSDATA_O_SWI_D_CURSET
00000044                BIOSDATA_O_SWI_D_LOCK
00000045                BIOSDATA_O_SWI_D_CURMBOX
00000045                CLK_TIMERIMR
[...]
00006dea                HST_A_TABEND
00006dea                LOG_A_TABBEG
00006dea                _HST_A_TABEND
00006dea                _LOG_A_TABBEG
00006dfe                LOG_A_TABEND
00006dfe                PRD_A_TABBEG
00006dfe                _LOG_A_TABEND
00006e03                _KNL_idle
00006e0a                PRD_A_TABEND
00006e1a                IDL_A_TABBEG
00006e20                _KNL_max
00006e22                IDL_A_CALBEG
00006e38                CLK_A_TABBEG
00006e38                _CLK_dispatch
00006e80                CLK_TIMER0FUNC
00006e80                _CLK_isr
00006efc                _CLK_getfhtime
00006f08                CLK_F_gethtime
00006f08                CLK_TIMEFXN
00006f08                _CLK_getshtime
00006f4f                _SEM_post
00006f4f                _SEM_postBinary
00006fd4                _CLK_measure
0000703c                _LOG_printf
000070a0                _KNL_enter
000070e0                _KNL_exit
00007100                _KNL_ipost
0000715c                _LCK_post
0000717c                _LCK_pend
000071b4                LOG_F_event
000071b4                _LOG_event
00007205                _SEM_pend
00007254                _SEM_postEnterKnl
0000729c                STS_F_delta
0000729c                _STS_delta
000072be                STS_F_add
000072be                _STS_add
000072d6                STS_F_reset
000072d6                _STS_reset
000072e4                _SYS_exit
0000732c                IDL_F_busy
0000732c                _IDL_busy
00007358                _IDL_init
00007373                _IDL_calibrate
000073b9                RTA_F_andn
000073cf                RTA_F_or
000073e6                iRTA_F_or
000073fc                SYS_PUTCFXN
000073fc                _UTL_doPutc
00007434                _KNL_post
00007468                CLK_F_itime
00007468                _CLK_itime
0000749c                CLK_TIMER1FUNC
0000749c                CLK_TIMER2FUNC
0000749c                FXN_F_nop
0000749e                FXN_F_run
000074bb                FXN_F_zero
000074bf                FXN_F_selfLoop
000074c1                IDL_CALIBRFXN
000074c1                _IDL_stub
000074e8                SYS_ABORTFXN
000074e8                _UTL_doAbort
0000750c                SYS_ERRORFXN
0000750c                _UTL_doError
0000752c                _HWI_disable
0000753c                _HWI_enable
00007540                _HWI_restore
00007546                _CLK_run
00007551                CLK_F_dispRun
00007551                CLK_HOOKFXN
00007551                _CLK_dispRun
00007560                _SYS_abort
00007577                IDL_F_loop
00007577                _IDL_loop
00007584                SYS_EXITFXN
00007584                _UTL_halt
0000758c                _STS_set
00007593                _GBL_getVersion
0000759c                GBL_BIOS_BOOTFXN
0000759c                GBL_USERINITFXN
0000759c                GIO_CREATEFXN
0000759c                GIO_DELETEFXN
0000759c                GIO_PENDFXN
0000759c                GIO_POSTFXN
0000759c                PWRM_PWRM_BOOTHOOKFXN
0000759c                TSK_VCREATEFXN
0000759c                TSK_VDELETEFXN
0000759c                TSK_VEXITFXN
0000759c                _FXN_F_nop
000075a0                _CLK_wdogdisable
            00003ad2    .bss
            00003ad2    ___bss__
            00003b4a    _delayLine
            00003b68    _rxctr
            00003b6a    _txctr
            00003b6c    _buf1
            00003b9c    _buf2
            00003bcc    _buf3
            00003c08    _processedSamps
            00003c38    _temp
            00003c68    _NCOpa
            00003c6a    _NCOout
            00003c6b    _i
            00003c6c    _j
            00003c6d    _test
            00003c6e    _data
            00003d6e    _delta
            00003d70    ___atexit_func_id__
            00003e32    _KNL_wFlag
            00003e33    _KNL_set
            00003e34    _KNL_queues
            00003e84    _KNL_wList
            00003e86    _KNL_alarm
            00003e88    _KNL_setpri
            00003e8a    _KNL_inactive
            00003e8c    _KNL_priority
            00003e8e    _KNL_dummy
            00003ea6    _KNL_curtask
            00003ea8    _KNL_prevtask
            00003eaa    _KNL_curtime
            00003eac    _KNL_swiptr
            00003eae    _KNL_curqueue
            00003eb0    _KNL_maxqueue
            00003eb2    _KNL_tswitchfxn
            00003eb4    _KNL_tcreatefxn
            00003eb6    _KNL_tdeletefxn
            00003eb8    _KNL_treadyfxn
            00003eba    _KNL_idlefxn
            00003ee4    _hI2s2
            00003ee6    _uartObj
            00003efa    _hUart
            00003efc    _sysRegs
            00003efe    _TSK_nTasks
            00003eff    _TSK_pid
            00003f00    _TSK_ATTRS
            00003f0e    _TSK_config
            00003f1c    _TSK
            00003f1e    _TSK_timerSem
            00003f56    _fsError
            00003f57    _ouError
            00003f58    __TSK_mutex
            00003f6c    __MEM_mutex
            00003f80    _OBJ_table
            00003f9c    _OBJ_segtab
            00003fa4    _SYS_exitStack
            00003fb4    _SYS_exitStackPtr
            00003fb6    _SYS_exitStackTop
            00003fb8    _MEM_memtab
            00003fbe    DARAM
            00003fbe    HST_DSMBUFSEG
            00003fbe    MEM_MALLOCSEG
            00003fbe    MEM_SEGZERO
            00003fbe    RTDX_DATAMEMSEG
            00003fbe    _DARAM
            00003fbe    _SEG0
            00003fc0    RTA_fromHost$pipe$dtab
            00003fc6    RTA_toHost$pipe$dtab
            00003fcc    _gI2cObj
            00003fdc    _i2cHandle
            00003fde    _CLK_timer0func
            00003fe0    _CLK_timer1func
            00003fe2    _CLK_timer2func
            00003fe4    _CLK_timer0arg
            00003fe6    _CLK_timer1arg
            00003fe8    _CLK_timer2arg
            00003ff2    _SarObj
            00003ff5    _preKey
            00003ff6    _SarHandle
            00003ff8    _keyCnt1
            00003ff9    _keyCnt2
00008000                GBL_PLLDIV0
            00004000    _inputCMD
00008003                GBL_PLLDIV1
            00004002    _state
            00004004    _GD
            0000400a    _rtdxNullChanCnt
            0000400b    _rtdxNullFuncCnt
            0000400c    _CLK_DFLTMICROSECS
            0000400e    _CLK_D_microseconds
            00004010    _GpioObj
            00004012    _hGpio
            00004014    __lock
            00004016    __unlock
            00004018    __cleanup_ptr
            0000401a    __dtors_ptr
            0000401c    _CLK_htimePerLtime
            0000401e    _MEM
            00004020    _hI2s
            00004022    _dtors
            00004024    GBL_sysstackbeg
            00004024    _HWI_SYSSTKTOP
            00004024    ___end__
            00004024    __sysstack
            00004024    end
            00004123    GBL_sysstackend
            00004124    GBL_stackbeg
            00004124    _HWI_STKTOP
            00004124    _HWI_SYSSTKBOTTOM
            00004124    __stack
            00004523    GBL_stackend
00008a48                DARAM$Bb
00008a48                _DARAM_baseb
            00004524    _HWI_STKBOTTOM
            00004524    __STACK_END
            00004a24    TSKUserInterface$stack
            00004e06    TSKUserInterface$stkptr
            00004e24    TSKUserInterface$sysstack
            00004f06    TSKUserInterface$sysstkptr
            00004f24    TSK_audProc$stack
            00005306    TSK_audProc$stkptr
            00005324    TSK_audProc$sysstack
            00005406    TSK_audProc$sysstkptr
            00005424    TSK_idle$stack
            00005806    TSK_idle$stkptr
            00005824    TSK_idle$sysstack
            00005906    TSK_idle$sysstkptr
0000b423                _RTDX_Buffer_WriteCB
0000b59f                _RTDX_Init_RT_Monitor
0000b6ae                _RTDX_Poll
0000b8e2                _RTDX_Mon_Queue
0000b96a                _RTDX_H2TPoll
0000b9cf                _RTDX_Buffer_Initialize
0000ba22                _RTDX_Buffer_ReadCB
0000ba6d                _RTDX_Final_RT_Monitor
0000baa9                _RTDX_Buffer_Size
0000bae4                _RTDX_Mask_IER
0000bb0e                _RTDX_Buffer_Read
0000bb30                _RTDX_Set_IER
0000bb4e                _RTDX_Buffer_Write
            00005dc6    PRDLED$sts$stsobj
0000bb8c                STS_A_TABBEGb
            00005dc8    PRDLED$sts
            00005dce    PRD_swi$sts$stsobj
            00005dd0    PRD_swi$sts
            00005dd6    KNL_swi$sts$stsobj
            00005dd8    KNL_swi$sts
            00005dde    TSK_idle$sts$stsobj
            00005de0    TSK_idle$sts
            00005de6    TSK_audProc$sts$stsobj
            00005de8    TSK_audProc$sts
            00005dee    TSKUserInterface$sts$stsobj
            00005df0    TSKUserInterface$sts
            00005df6    IDL_busyObj$stsobj
            00005df8    IDL_busyObj
            00005df8    _IDL_busyObj
0000bbfc                STS_A_TABENDb
            00005e00    LOG_system$buf
            00006000    trace$buf
0000c34f                CLK_PRD
0000c34f                _CLK_PRD
0000c350                CLK_COUNTSPMS
0000c350                CLK_HTIMEPERLTIME
0000c350                _CLK_COUNTSPMS
            00006400    _SYS_PUTCBEG
            000065ff    _SYS_PUTCEND
0000cc00                _MEM_init
0000cd11                BIOS_init
0000cd11                _BIOS_init
0000cda2                BIOS_start
0000cda2                _BIOS_start
0000cde8                _TSK_init
0000ce6c                _auto_init
0000cedd                _c_int00
0000cf4c                _OBJ_init
            000067a8    _RTDX_Buffer
            000068aa    _rtdx_mon_state
            000068bc    _rtdx_buffer_state
            000068c2    _RTDX_writing
            000068cc    _RTDX_Buffer_Start
            000068ce    _RTDX_Buffer_End
            000068d0    C55_BIOSDATAOBJ
            000068d0    _GBL_procId
            000068d2    _GBL_clkIn
            000068d4    _GBL_freq
            000068d6    _CLK_htimeDiv
            000068d8    _CLK_htimeMult
            000068da    _CLK_ltimeDiv
            000068dc    _CLK_ltimeMult
            000068de    _CLK_D_dirty
            000068e0    _CLK_D_prd
            000068e2    _CLK_D_tddr
            000068e4    _CLK_D_countspms
            000068e6    CLK_D_idletime
            000068e8    CLK_D_isrhook
            000068e8    _CLK_isrhook
            000068ea    CLK_D_tabbeg
            000068ec    CLK_D_timefxn
            000068ee    CLK_R_timh
            000068ee    _CLK_time
            000068ef    CLK_R_timl
            000068f0    HST_D_chanmask
            000068f2    IDL_D_calbeg
            000068f4    IDL_D_calibrate
            000068f6    IDL_D_tabbeg
            000068f8    LOG_D_system
            000068f8    _LOG_D_system
            000068fa    PIP_D_tabbeg
            000068fc    PIP_D_tablen
            000068fe    PRD_D_cur
            00006900    PRD_D_elapsed
            00006901    PRD_D_prevtim
            00006902    PRD_D_scalar
            00006904    PRD_D_swihandle
            00006906    PRD_D_tabbeg
            00006908    PRD_D_tablen
            0000690a    PRD_D_thook
            0000690c    PRD_D_tickh
            0000690d    PRD_D_tickl
            0000690d    _PRD_D_tick
            0000690e    SWI_D_runaddr
            0000690e    _SWI_data
            00006910    SWI_D_execaddr
            00006912    SWI_D_curmask
            00006912    _SWI_D_curmask
            00006913    SWI_D_curset
            00006914    SWI_D_lock
            00006914    _SWI_D_lock
            00006915    SWI_D_curmbox
            00006916    SWI_D_curfxn
            00006916    _SWI_D_curfxn
            00006918    SWI_D_rdybeg
            00006918    _SWI_D_rdybeg
            0000691a    SWI_D_rdytab
            00006956    SWI_D_inswi
            00006956    _SWI_D_inswi
            00006958    HWI_D_spsave
            00006958    _HWI_D_spsave
            00006958    _HWI_data
            0000695a    HWI_D_sspsave
            0000695a    _HWI_D_sspsave
            0000695c    HWI_D_stkbotaddr
            0000695e    HWI_D_systkbotaddr
            00006960    HWI_D_stktopaddr
            00006962    HWI_D_systktopaddr
            00006964    HWI_D_inhwi
            00006964    _HWI_D_inhwi
            00006965    _MEM_D_NUMSEGMENTS
            00006966    _MEM_D_memtab
            00006968    _MEM_D_freelist
            0000696a    _MEM_D_lockaddr
            0000696c    _MEM_D_unlockaddr
            0000696e    _SYS
            00006970    HST_D_tabbegaddr
            00006972    HST_D_tabendaddr
            00006974    TSK_D_idlstkaddr
            00006976    TSK_D_idlsystkaddr
            00006978    RTDX_D_BufRead
            0000697a    RTDX_D_BufWrite
            0000697c    __HOOK_knlId
            0000697e    __HOOK_NUMHOOKS
            00006980    RTA_D_fromHost
            00006982    RTA_D_toHost
            00006984    RTA_D_logval
            0000698e    RTA_D_stsval
            00006996    LNKCTRL
            00006996    LNK_D_fromHostMask
            00006997    LNK_D_dataReadyMask
            00006998    LNK_D_readPend
            00006999    LNK_D_readDone
            0000699a    LNK_D_readFail
            0000699b    LNK_D_writeFail
            0000699c    IDL_D_busyObj
            0000699e    _HWI_dispatchTab
            00006a64    MBXinSamples
            00006a64    _MBXinSamples
            00006a6c    MBXinSamples$data
            00006a7c    MBXinSamples$free
            00006a98    MBXpostProcess
            00006a98    _MBXpostProcess
            00006aa0    MBXpostProcess$data
            00006ab0    MBXpostProcess$free
            00006acc    MBXdownsampled
            00006acc    _MBXdownsampled
            00006ad4    MBXdownsampled$data
            00006ae4    MBXdownsampled$free
            00006afa    MBXdownsampled$queElems
            00006b84    TSK_idle
            00006b84    _TSK_idle
            00006b9c    TSK_idle$tskobj
            00006bb0    TSK_audProc
            00006bb0    _TSK_audProc
            00006bc8    TSK_audProc$tskobj
            00006bdc    TSKUserInterface
            00006bdc    _TSKUserInterface
            00006bf4    TSKUserInterface$tskobj
            00006c02    MBXinSamples$queElems
            00006c6a    MBXpostProcess$queElems
0000d9a4                PIP_A_TABBEGb
            00006cd2    RTA_fromHost$pipe
            00006cd4    RTA_fromHost$pipe$rd
            00006cd6    RTA_fromHost$pipe$rdaddr
            00006cd8    RTA_fromHost$pipe$rdsize
            00006cda    RTA_fromHost$pipe$rdcurdesc
            00006cea    RTA_fromHost$pipe$rdstshdl
            00006cec    RTA_fromHost$pipe$wr
            00006cee    RTA_fromHost$pipe$wraddr
            00006cf0    RTA_fromHost$pipe$wrsize
            00006cf2    RTA_fromHost$pipe$wrcurdesc
            00006d02    RTA_fromHost$pipe$wrstshdl
            00006d04    RTA_toHost$pipe
            00006d06    RTA_toHost$pipe$rd
            00006d08    RTA_toHost$pipe$rdaddr
            00006d0a    RTA_toHost$pipe$rdsize
            00006d0c    RTA_toHost$pipe$rdcurdesc
            00006d1c    RTA_toHost$pipe$rdstshdl
            00006d1e    RTA_toHost$pipe$wr
            00006d20    RTA_toHost$pipe$wraddr
            00006d22    RTA_toHost$pipe$wrsize
            00006d24    RTA_toHost$pipe$wrcurdesc
            00006d34    RTA_toHost$pipe$wrstshdl
0000da6c                PIP_A_TABENDb
            00006d36    RTA_toHost$buf
            00006d76    gblinit
            00006da8    PRD_SWIHANDLE
            00006da8    PRD_swi
0000db50                SWI_A_TABBEGb
            00006da8    _PRD_swi
            00006dbc    KNL_swi
            00006dbc    _KNL_swi
0000dba0                HST_A_TABBEGb
0000dba0                SWI_A_TABENDb
            00006dd2    RTA_fromHost
            00006dd2    _RTA_fromHost
            00006dd6    RTA_fromHost$rtdx
            00006dde    RTA_toHost
            00006dde    _RTA_toHost
            00006de2    RTA_toHost$rtdx
0000dbd4                HST_A_TABENDb
0000dbd4                LOG_A_TABBEGb
            00006dea    LOG_system
            00006dea    _LOG_system
            00006df4    _trace
            00006df4    trace
0000dbef                GBL_TRCMASKVALUE
0000dbfc                LOG_A_TABENDb
            00006dfe    PRDLED
0000dbfc                PRD_A_TABBEGb
            00006dfe    _PRDLED
            00006e08    PRDLED$aaa
0000dc14                PRD_A_TABENDb
            00006e12    RTA_fromHost$buf
0000dc34                IDL_A_TABBEGb
            00006e1a    LNK_dataPump
            00006e1a    _LNK_dataPump
            00006e1c    RTA_dispatcher
            00006e1c    _RTA_dispatcher
            00006e1e    IDL_cpuLoad
            00006e1e    _IDL_cpuLoad
            00006e20    IDL_END
0000dc44                IDL_A_CALBEGb
            00006e22    LNK_dataPump$
            00006e24    RTA_dispatcher$
            00006e26    IDL_cpuLoad$
            00006e28    IDL_END$
            00006e2a    SYS$config
            00006e32    ___pinit__
            00006e32    pinit
0000dc70                CLK_A_TABBEGb
            00006e38    PRD_clock
            00006e38    _PRD_clock
            00006e3a    CLK_NULL
            00006e3c    TRC_cinit
            00006e3d    TRC_R_mask
            00006e3d    _TRC_R_mask
            00006e3e    GBL_initdone
0000ff00                HWI_A_VECS
0000ff00                hwi0
0000ff08                hwi1
0000ff10                hwi2
0000ff18                hwi3
0000ff20                hwi4
0000ff28                hwi5
0000ff30                hwi6
0000ff38                hwi7
0000ff40                hwi8
0000ff48                hwi9
0000ff50                hwi10
0000ff58                hwi11
0000ff60                hwi12
0000ff68                hwi13
0000ff70                hwi14
0000ff78                hwi15
0000ff80                hwi16
0000ff88                hwi17
0000ff90                hwi18
0000ff98                hwi19
0000ffa0                hwi20
0000ffa8                hwi21
0000ffb0                hwi22
0000ffb8                hwi23
0000ffc0                hwi24
0000ffc8                hwi25
0000ffd0                hwi26
0000ffd8                hwi27
0000ffe0                hwi28
0000ffe8                hwi29
0000fff0                hwi30
0000fff8                hwi31
            00008000    ___cinit__
            00008000    cinit
            00008935    _HST_HOST_CHANNEL_DRIVER
            0000893d    PRDLED$sts$maxfmt
            00008946    PRDLED$sts$sumfmt
            0000894f    PRDLED$sts$avgfmt
            0000895a    PRD_swi$sts$maxfmt
            00008962    PRD_swi$sts$sumfmt
            0000896a    PRD_swi$sts$avgfmt
            00008974    KNL_swi$sts$maxfmt
            0000897c    KNL_swi$sts$sumfmt
            00008984    KNL_swi$sts$avgfmt
            0000898e    TSK_idle$sts$maxfmt
            00008996    TSK_idle$sts$sumfmt
            0000899e    TSK_idle$sts$avgfmt
            000089a8    TSK_audProc$sts$maxfmt
            000089b0    TSK_audProc$sts$sumfmt
            000089b8    TSK_audProc$sts$avgfmt
            000089c2    TSKUserInterface$sts$maxfmt
            000089ca    TSKUserInterface$sts$sumfmt
            000089d2    TSKUserInterface$sts$avgfmt
            000089dc    IDL_busyObj$maxfmt
            000089df    IDL_busyObj$sumfmt
            000089e2    IDL_busyObj$avgfmt
000186a0                CLK_LTIMEMULT
000186a0                GBL_FREQ
00f80000                GBL_CACHEICRTAG1
00f81000                GBL_CACHEICRTAG2
ffffffff                SARAM
ffffffff                VECT
ffffffff                _SARAM
ffffffff                _VECT
ffffffff                ___binit__
ffffffff                ___c_args__
ffffffff                binit

[1085 symbols]
