<?xml version="1.0"?>
<link_info>
   <banner>TMS320C55x Linker PC v4.4.1</banner>
   <copyright>Copyright (c) 1996-2012 Texas Instruments Incorporated</copyright>
   <link_time>0x6634d6bd</link_time>
   <output_file>biosExample2.out</output_file>
   <entry_point>
      <name>_c_int00</name>
      <address>0xcedd</address>
   </entry_point>
   <input_file_list>
      <input_file id="fl-2">
         <path>.\</path>
         <kind>object</kind>
         <file>Conversion.obj</file>
         <name>Conversion.obj</name>
      </input_file>
      <input_file id="fl-3">
         <path>.\</path>
         <kind>object</kind>
         <file>FIR.obj</file>
         <name>FIR.obj</name>
      </input_file>
      <input_file id="fl-4">
         <path>.\</path>
         <kind>object</kind>
         <file>Inits.obj</file>
         <name>Inits.obj</name>
      </input_file>
      <input_file id="fl-5">
         <path>.\</path>
         <kind>object</kind>
         <file>NCO.obj</file>
         <name>NCO.obj</name>
      </input_file>
      <input_file id="fl-6">
         <path>.\</path>
         <kind>object</kind>
         <file>aic3204.obj</file>
         <name>aic3204.obj</name>
      </input_file>
      <input_file id="fl-7">
         <path>.\</path>
         <kind>object</kind>
         <file>audioProcessing.obj</file>
         <name>audioProcessing.obj</name>
      </input_file>
      <input_file id="fl-8">
         <path>.\</path>
         <kind>object</kind>
         <file>ezdsp5535.obj</file>
         <name>ezdsp5535.obj</name>
      </input_file>
      <input_file id="fl-9">
         <path>.\</path>
         <kind>object</kind>
         <file>ezdsp5535_gpio.obj</file>
         <name>ezdsp5535_gpio.obj</name>
      </input_file>
      <input_file id="fl-a">
         <path>.\</path>
         <kind>object</kind>
         <file>ezdsp5535_i2c.obj</file>
         <name>ezdsp5535_i2c.obj</name>
      </input_file>
      <input_file id="fl-b">
         <path>.\</path>
         <kind>object</kind>
         <file>ezdsp5535_i2s.obj</file>
         <name>ezdsp5535_i2s.obj</name>
      </input_file>
      <input_file id="fl-c">
         <path>.\</path>
         <kind>object</kind>
         <file>ezdsp5535_led.obj</file>
         <name>ezdsp5535_led.obj</name>
      </input_file>
      <input_file id="fl-d">
         <path>.\</path>
         <kind>object</kind>
         <file>ezdsp5535_sar.obj</file>
         <name>ezdsp5535_sar.obj</name>
      </input_file>
      <input_file id="fl-e">
         <path>.\</path>
         <kind>object</kind>
         <file>ezdsp5535_uart.obj</file>
         <name>ezdsp5535_uart.obj</name>
      </input_file>
      <input_file id="fl-f">
         <path>.\</path>
         <kind>object</kind>
         <file>hellocfg.obj</file>
         <name>hellocfg.obj</name>
      </input_file>
      <input_file id="fl-10">
         <path>.\</path>
         <kind>object</kind>
         <file>hellocfg_c.obj</file>
         <name>hellocfg_c.obj</name>
      </input_file>
      <input_file id="fl-11">
         <path>.\</path>
         <kind>object</kind>
         <file>main.obj</file>
         <name>main.obj</name>
      </input_file>
      <input_file id="fl-32">
         <path>C:\ti\bios_5_42_01_09\packages\ti\bios\lib\</path>
         <kind>archive</kind>
         <file>bios.a55L</file>
         <name>fxn.o55L</name>
      </input_file>
      <input_file id="fl-33">
         <path>C:\ti\bios_5_42_01_09\packages\ti\bios\lib\</path>
         <kind>archive</kind>
         <file>bios.a55L</file>
         <name>biosdata.o55L</name>
      </input_file>
      <input_file id="fl-34">
         <path>C:\ti\bios_5_42_01_09\packages\ti\bios\lib\</path>
         <kind>archive</kind>
         <file>bios.a55L</file>
         <name>knl_swit.o55L</name>
      </input_file>
      <input_file id="fl-35">
         <path>C:\ti\bios_5_42_01_09\packages\ti\bios\lib\</path>
         <kind>archive</kind>
         <file>bios.a55L</file>
         <name>swi.o55L</name>
      </input_file>
      <input_file id="fl-36">
         <path>C:\ti\bios_5_42_01_09\packages\ti\bios\lib\</path>
         <kind>archive</kind>
         <file>bios.a55L</file>
         <name>clk_run.o55L</name>
      </input_file>
      <input_file id="fl-37">
         <path>C:\ti\bios_5_42_01_09\packages\ti\bios\lib\</path>
         <kind>archive</kind>
         <file>bios5505.a55L</file>
         <name>clk5505_htime.o55L</name>
      </input_file>
      <input_file id="fl-38">
         <path>C:\ti\bios_5_42_01_09\packages\ti\bios\lib\</path>
         <kind>archive</kind>
         <file>bios5505.a55L</file>
         <name>clk5505_isr.o55L</name>
      </input_file>
      <input_file id="fl-39">
         <path>C:\ti\bios_5_42_01_09\packages\ti\bios\lib\</path>
         <kind>archive</kind>
         <file>bios.a55L</file>
         <name>fxn_c.o55L</name>
      </input_file>
      <input_file id="fl-3a">
         <path>C:\ti\bios_5_42_01_09\packages\ti\bios\lib\</path>
         <kind>archive</kind>
         <file>bios.a55L</file>
         <name>idl_stub.o55L</name>
      </input_file>
      <input_file id="fl-3b">
         <path>C:\ti\bios_5_42_01_09\packages\ti\bios\lib\</path>
         <kind>archive</kind>
         <file>bios.a55L</file>
         <name>utl_doab.o55L</name>
      </input_file>
      <input_file id="fl-3c">
         <path>C:\ti\bios_5_42_01_09\packages\ti\bios\lib\</path>
         <kind>archive</kind>
         <file>bios.a55L</file>
         <name>utl_doer.o55L</name>
      </input_file>
      <input_file id="fl-3d">
         <path>C:\ti\bios_5_42_01_09\packages\ti\bios\lib\</path>
         <kind>archive</kind>
         <file>bios.a55L</file>
         <name>utl_putc.o55L</name>
      </input_file>
      <input_file id="fl-3e">
         <path>C:\ti\bios_5_42_01_09\packages\ti\bios\lib\</path>
         <kind>archive</kind>
         <file>bios.a55L</file>
         <name>utl_halt.o55L</name>
      </input_file>
      <input_file id="fl-3f">
         <path>C:\ti\bios_5_42_01_09\packages\ti\bios\lib\</path>
         <kind>archive</kind>
         <file>bios5505.a55L</file>
         <name>clk_itime.o55L</name>
      </input_file>
      <input_file id="fl-40">
         <path>C:\ti\bios_5_42_01_09\packages\ti\bios\lib\</path>
         <kind>archive</kind>
         <file>bios.a55L</file>
         <name>boot.o55L</name>
      </input_file>
      <input_file id="fl-41">
         <path>C:\ti\bios_5_42_01_09\packages\ti\bios\lib\</path>
         <kind>archive</kind>
         <file>bios.a55L</file>
         <name>trc.o55L</name>
      </input_file>
      <input_file id="fl-42">
         <path>C:\ti\bios_5_42_01_09\packages\ti\bios\lib\</path>
         <kind>archive</kind>
         <file>bios.a55L</file>
         <name>hwi_disp_asm.o55L</name>
      </input_file>
      <input_file id="fl-43">
         <path>C:\ti\bios_5_42_01_09\packages\ti\bios\lib\</path>
         <kind>archive</kind>
         <file>bios.a55L</file>
         <name>idl_busy.o55L</name>
      </input_file>
      <input_file id="fl-44">
         <path>C:\ti\bios_5_42_01_09\packages\ti\bios\lib\</path>
         <kind>archive</kind>
         <file>bios.a55L</file>
         <name>idl.o55L</name>
      </input_file>
      <input_file id="fl-45">
         <path>C:\ti\bios_5_42_01_09\packages\ti\bios\lib\</path>
         <kind>archive</kind>
         <file>lnkrtdx.a55L</file>
         <name>rtdx.o55L</name>
      </input_file>
      <input_file id="fl-46">
         <path>C:\ti\bios_5_42_01_09\packages\ti\bios\lib\</path>
         <kind>archive</kind>
         <file>bios.a55L</file>
         <name>log.o55L</name>
      </input_file>
      <input_file id="fl-47">
         <path>C:\ti\bios_5_42_01_09\packages\ti\bios\lib\</path>
         <kind>archive</kind>
         <file>bios.a55L</file>
         <name>pip.o55L</name>
      </input_file>
      <input_file id="fl-48">
         <path>C:\ti\bios_5_42_01_09\packages\ti\bios\lib\</path>
         <kind>archive</kind>
         <file>bios.a55L</file>
         <name>prd.o55L</name>
      </input_file>
      <input_file id="fl-49">
         <path>C:\ti\bios_5_42_01_09\packages\ti\bios\lib\</path>
         <kind>archive</kind>
         <file>bios.a55L</file>
         <name>rta.o55L</name>
      </input_file>
      <input_file id="fl-4a">
         <path>C:\ti\bios_5_42_01_09\packages\ti\bios\lib\</path>
         <kind>archive</kind>
         <file>bios.a55L</file>
         <name>sts.o55L</name>
      </input_file>
      <input_file id="fl-4b">
         <path>C:\ti\bios_5_42_01_09\packages\ti\bios\lib\</path>
         <kind>archive</kind>
         <file>bios.a55L</file>
         <name>c55_enable.o55L</name>
      </input_file>
      <input_file id="fl-4c">
         <path>C:\ti\bios_5_42_01_09\packages\ti\bios\lib\</path>
         <kind>archive</kind>
         <file>bios.a55L</file>
         <name>c55_c.o55L</name>
      </input_file>
      <input_file id="fl-4d">
         <path>C:\ti\bios_5_42_01_09\packages\ti\bios\lib\</path>
         <kind>archive</kind>
         <file>bios.a55L</file>
         <name>clk_data.o55L</name>
      </input_file>
      <input_file id="fl-4e">
         <path>C:\ti\bios_5_42_01_09\packages\ti\bios\lib\</path>
         <kind>archive</kind>
         <file>bios.a55L</file>
         <name>clk_data2.o55L</name>
      </input_file>
      <input_file id="fl-4f">
         <path>C:\ti\bios_5_42_01_09\packages\ti\bios\lib\</path>
         <kind>archive</kind>
         <file>bios5505.a55L</file>
         <name>clk5505_start.o55L</name>
      </input_file>
      <input_file id="fl-50">
         <path>C:\ti\bios_5_42_01_09\packages\ti\bios\lib\</path>
         <kind>archive</kind>
         <file>bios5505.a55L</file>
         <name>clk5505_data.o55L</name>
      </input_file>
      <input_file id="fl-51">
         <path>C:\ti\bios_5_42_01_09\packages\ti\bios\lib\</path>
         <kind>archive</kind>
         <file>bios5505.a55L</file>
         <name>clk5505_wdog.o55L</name>
      </input_file>
      <input_file id="fl-52">
         <path>C:\ti\bios_5_42_01_09\packages\ti\bios\lib\</path>
         <kind>archive</kind>
         <file>bios.a55L</file>
         <name>gbl_vers.o55L</name>
      </input_file>
      <input_file id="fl-53">
         <kind>archive</kind>
         <file>cslVC5505.lib</file>
         <name>csl_gpio.obj</name>
      </input_file>
      <input_file id="fl-54">
         <path>C:\ti\bios_5_42_01_09\packages\ti\bios\lib\</path>
         <kind>archive</kind>
         <file>bios.a55L</file>
         <name>hwi_xable.o55L</name>
      </input_file>
      <input_file id="fl-55">
         <kind>archive</kind>
         <file>cslVC5505.lib</file>
         <name>csl_i2c.obj</name>
      </input_file>
      <input_file id="fl-56">
         <kind>archive</kind>
         <file>cslVC5505.lib</file>
         <name>csl_i2s.obj</name>
      </input_file>
      <input_file id="fl-57">
         <path>C:\ti\bios_5_42_01_09\packages\ti\bios\lib\</path>
         <kind>archive</kind>
         <file>bios.a55L</file>
         <name>idl_cal.o55L</name>
      </input_file>
      <input_file id="fl-58">
         <path>C:\ti\bios_5_42_01_09\packages\ti\bios\lib\</path>
         <kind>archive</kind>
         <file>bios5505.a55L</file>
         <name>clk5505_meas.o55L</name>
      </input_file>
      <input_file id="fl-59">
         <path>C:\ti\bios_5_42_01_09\packages\ti\bios\lib\</path>
         <kind>archive</kind>
         <file>bios.a55L</file>
         <name>knl_exit.o55L</name>
      </input_file>
      <input_file id="fl-5a">
         <path>C:\ti\bios_5_42_01_09\packages\ti\bios\lib\</path>
         <kind>archive</kind>
         <file>bios.a55L</file>
         <name>knl_chec.o55L</name>
      </input_file>
      <input_file id="fl-5b">
         <path>C:\ti\bios_5_42_01_09\packages\ti\bios\lib\</path>
         <kind>archive</kind>
         <file>bios.a55L</file>
         <name>knl.o55L</name>
      </input_file>
      <input_file id="fl-5c">
         <path>C:\ti\bios_5_42_01_09\packages\ti\bios\lib\</path>
         <kind>archive</kind>
         <file>bios.a55L</file>
         <name>knl_run.o55L</name>
      </input_file>
      <input_file id="fl-5d">
         <path>C:\ti\bios_5_42_01_09\packages\ti\bios\lib\</path>
         <kind>archive</kind>
         <file>bios.a55L</file>
         <name>knl_tick.o55L</name>
      </input_file>
      <input_file id="fl-5e">
         <path>C:\ti\bios_5_42_01_09\packages\ti\bios\lib\</path>
         <kind>archive</kind>
         <file>bios.a55L</file>
         <name>knl_post.o55L</name>
      </input_file>
      <input_file id="fl-5f">
         <path>C:\ti\bios_5_42_01_09\packages\ti\bios\lib\</path>
         <kind>archive</kind>
         <file>bios.a55L</file>
         <name>knl_ipos.o55L</name>
      </input_file>
      <input_file id="fl-60">
         <path>C:\ti\bios_5_42_01_09\packages\ti\bios\lib\</path>
         <kind>archive</kind>
         <file>bios.a55L</file>
         <name>log_printf.o55L</name>
      </input_file>
      <input_file id="fl-61">
         <path>C:\ti\bios_5_42_01_09\packages\ti\bios\lib\</path>
         <kind>archive</kind>
         <file>bios.a55L</file>
         <name>mbx.o55L</name>
      </input_file>
      <input_file id="fl-62">
         <path>C:\ti\bios_5_42_01_09\packages\ti\bios\lib\</path>
         <kind>archive</kind>
         <file>bios.a55L</file>
         <name>mem_asm.o55L</name>
      </input_file>
      <input_file id="fl-63">
         <path>C:\ti\bios_5_42_01_09\packages\ti\bios\lib\</path>
         <kind>archive</kind>
         <file>bios.a55L</file>
         <name>mem_init.o55L</name>
      </input_file>
      <input_file id="fl-64">
         <path>C:\ti\bios_5_42_01_09\packages\ti\bios\lib\</path>
         <kind>archive</kind>
         <file>bios.a55L</file>
         <name>obj_init.o55L</name>
      </input_file>
      <input_file id="fl-65">
         <path>C:\ti\bios_5_42_01_09\packages\ti\bios\lib\</path>
         <kind>archive</kind>
         <file>bios.a55L</file>
         <name>rtdx_data.o55L</name>
      </input_file>
      <input_file id="fl-66">
         <path>C:\ti\bios_5_42_01_09\packages\ti\rtdx\lib\c5500\</path>
         <kind>archive</kind>
         <file>rtdxx.lib</file>
         <name>buffer2.o55L</name>
      </input_file>
      <input_file id="fl-67">
         <path>C:\ti\bios_5_42_01_09\packages\ti\rtdx\lib\c5500\</path>
         <kind>archive</kind>
         <file>rtdxx.lib</file>
         <name>buffer1.o55L</name>
      </input_file>
      <input_file id="fl-68">
         <path>C:\ti\bios_5_42_01_09\packages\ti\rtdx\lib\c5500\</path>
         <kind>archive</kind>
         <file>rtdxx.lib</file>
         <name>rtdx_mon.o55L</name>
      </input_file>
      <input_file id="fl-69">
         <path>C:\ti\bios_5_42_01_09\packages\ti\rtdx\lib\c5500\</path>
         <kind>archive</kind>
         <file>rtdxx.lib</file>
         <name>intr_tgt.o55L</name>
      </input_file>
      <input_file id="fl-6a">
         <kind>archive</kind>
         <file>cslVC5505.lib</file>
         <name>csl_sar.obj</name>
      </input_file>
      <input_file id="fl-6b">
         <path>C:\ti\bios_5_42_01_09\packages\ti\bios\lib\</path>
         <kind>archive</kind>
         <file>bios.a55L</file>
         <name>sem_pend_counting.o55L</name>
      </input_file>
      <input_file id="fl-6c">
         <path>C:\ti\bios_5_42_01_09\packages\ti\bios\lib\</path>
         <kind>archive</kind>
         <file>bios.a55L</file>
         <name>sem_pend.o55L</name>
      </input_file>
      <input_file id="fl-6d">
         <path>C:\ti\bios_5_42_01_09\packages\ti\bios\lib\</path>
         <kind>archive</kind>
         <file>bios.a55L</file>
         <name>sem_post_asm.o55L</name>
      </input_file>
      <input_file id="fl-6e">
         <path>C:\ti\bios_5_42_01_09\packages\ti\bios\lib\</path>
         <kind>archive</kind>
         <file>bios.a55L</file>
         <name>sem_post.o55L</name>
      </input_file>
      <input_file id="fl-6f">
         <path>C:\ti\bios_5_42_01_09\packages\ti\bios\lib\</path>
         <kind>archive</kind>
         <file>bios.a55L</file>
         <name>sts_set.o55L</name>
      </input_file>
      <input_file id="fl-70">
         <path>C:\ti\bios_5_42_01_09\packages\ti\bios\lib\</path>
         <kind>archive</kind>
         <file>bios.a55L</file>
         <name>tsk.o55L</name>
      </input_file>
      <input_file id="fl-71">
         <path>C:\ti\bios_5_42_01_09\packages\ti\bios\lib\</path>
         <kind>archive</kind>
         <file>bios.a55L</file>
         <name>tsk_exit.o55L</name>
      </input_file>
      <input_file id="fl-72">
         <path>C:\ti\bios_5_42_01_09\packages\ti\bios\lib\</path>
         <kind>archive</kind>
         <file>bios.a55L</file>
         <name>sys_exit.o55L</name>
      </input_file>
      <input_file id="fl-73">
         <path>C:\ti\bios_5_42_01_09\packages\ti\bios\lib\</path>
         <kind>archive</kind>
         <file>bios.a55L</file>
         <name>sys.o55L</name>
      </input_file>
      <input_file id="fl-74">
         <path>C:\ti\bios_5_42_01_09\packages\ti\bios\lib\</path>
         <kind>archive</kind>
         <file>bios.a55L</file>
         <name>tsk_init.o55L</name>
      </input_file>
      <input_file id="fl-75">
         <path>C:\ti\bios_5_42_01_09\packages\ti\bios\lib\</path>
         <kind>archive</kind>
         <file>bios.a55L</file>
         <name>tsk_setu.o55L</name>
      </input_file>
      <input_file id="fl-76">
         <path>C:\ti\bios_5_42_01_09\packages\ti\bios\lib\</path>
         <kind>archive</kind>
         <file>bios.a55L</file>
         <name>tsk_stup.o55L</name>
      </input_file>
      <input_file id="fl-77">
         <path>C:\ti\bios_5_42_01_09\packages\ti\bios\lib\</path>
         <kind>archive</kind>
         <file>bios.a55L</file>
         <name>lck.o55L</name>
      </input_file>
      <input_file id="fl-78">
         <path>C:\ti\bios_5_42_01_09\packages\ti\bios\lib\</path>
         <kind>archive</kind>
         <file>bios.a55L</file>
         <name>sys_abor.o55L</name>
      </input_file>
      <input_file id="fl-79">
         <kind>archive</kind>
         <file>cslVC5505.lib</file>
         <name>csl_uart.obj</name>
      </input_file>
      <input_file id="fl-7a">
         <path>C:\ti\bios_5_42_01_09\packages\ti\bios\lib\</path>
         <kind>archive</kind>
         <file>bios.a55L</file>
         <name>sem_dopo.o55L</name>
      </input_file>
      <input_file id="fl-7b">
         <path>C:\ti\ccsv6\tools\compiler\c5500_4.4.1\lib\</path>
         <kind>archive</kind>
         <file>rts55x.lib</file>
         <name>divul.obj</name>
      </input_file>
      <input_file id="fl-7c">
         <path>C:\ti\ccsv6\tools\compiler\c5500_4.4.1\lib\</path>
         <kind>archive</kind>
         <file>rts55x.lib</file>
         <name>lmpy.obj</name>
      </input_file>
      <input_file id="fl-7d">
         <path>C:\ti\ccsv6\tools\compiler\c5500_4.4.1\lib\</path>
         <kind>archive</kind>
         <file>rts55x.lib</file>
         <name>_lock.obj</name>
      </input_file>
      <input_file id="fl-7e">
         <path>C:\ti\ccsv6\tools\compiler\c5500_4.4.1\lib\</path>
         <kind>archive</kind>
         <file>rts55x.lib</file>
         <name>remul.obj</name>
      </input_file>
      <input_file id="fl-7f">
         <path>C:\ti\ccsv6\tools\compiler\c5500_4.4.1\lib\</path>
         <kind>archive</kind>
         <file>rts55x.lib</file>
         <name>atexit.obj</name>
      </input_file>
      <input_file id="fl-80">
         <path>C:\ti\ccsv6\tools\compiler\c5500_4.4.1\lib\</path>
         <kind>archive</kind>
         <file>rts55x.lib</file>
         <name>sinit.obj</name>
      </input_file>
      <input_file id="fl-81">
         <path>C:\ti\ccsv6\tools\compiler\c5500_4.4.1\lib\</path>
         <kind>archive</kind>
         <file>rts55x.lib</file>
         <name>exit.obj</name>
      </input_file>
      <input_file id="fl-82">
         <path>C:\ti\bios_5_42_01_09\packages\ti\bios\lib\</path>
         <kind>archive</kind>
         <file>bios.a55L</file>
         <name>autoinit.o55L</name>
      </input_file>
      <input_file id="fl-83">
         <path>C:\ti\ccsv6\tools\compiler\c5500_4.4.1\lib\</path>
         <kind>archive</kind>
         <file>rts55x.lib</file>
         <name>memcpy.obj</name>
      </input_file>
      <input_file id="fl-84">
         <path>C:\ti\bios_5_42_01_09\packages\ti\bios\lib\</path>
         <kind>archive</kind>
         <file>bios.a55L</file>
         <name>rta_andn.o55L</name>
      </input_file>
   </input_file_list>
   <object_component_list>
      <object_component id="oc-c0">
         <name>.vers</name>
         <load_address>0x0</load_address>
         <run_address>0x0</run_address>
         <size>0x78</size>
         <input_file_ref idref="fl-f"/>
      </object_component>
      <object_component id="oc-ac">
         <name>.clk</name>
         <uninitialized>true</uninitialized>
         <run_address>0xdc70</run_address>
         <size>0x8</size>
         <input_file_ref idref="fl-f"/>
      </object_component>
      <object_component id="oc-ad">
         <name>.prd</name>
         <uninitialized>true</uninitialized>
         <run_address>0xdbfc</run_address>
         <size>0x18</size>
         <input_file_ref idref="fl-f"/>
      </object_component>
      <object_component id="oc-b4">
         <name>.swi</name>
         <uninitialized>true</uninitialized>
         <run_address>0xdb50</run_address>
         <size>0x50</size>
         <input_file_ref idref="fl-f"/>
      </object_component>
      <object_component id="oc-b6">
         <name>.tsk</name>
         <uninitialized>true</uninitialized>
         <run_address>0xd6fc</run_address>
         <size>0x108</size>
         <input_file_ref idref="fl-f"/>
      </object_component>
      <object_component id="oc-ba">
         <name>.idl</name>
         <uninitialized>true</uninitialized>
         <run_address>0xdc34</run_address>
         <size>0x10</size>
         <input_file_ref idref="fl-f"/>
      </object_component>
      <object_component id="oc-b9">
         <name>.idlcal</name>
         <uninitialized>true</uninitialized>
         <run_address>0xdc44</run_address>
         <size>0x10</size>
         <input_file_ref idref="fl-f"/>
      </object_component>
      <object_component id="oc-53">
         <name>.bss</name>
         <uninitialized>true</uninitialized>
         <run_address>0x7f70</run_address>
         <size>0x28</size>
         <input_file_ref idref="fl-f"/>
      </object_component>
      <object_component id="oc-69">
         <name>.bss</name>
         <uninitialized>true</uninitialized>
         <run_address>0x7d78</run_address>
         <size>0x82</size>
         <input_file_ref idref="fl-4"/>
      </object_component>
      <object_component id="oc-6f">
         <name>.bss</name>
         <uninitialized>true</uninitialized>
         <run_address>0x78dc</run_address>
         <size>0x204</size>
         <input_file_ref idref="fl-5"/>
      </object_component>
      <object_component id="oc-7b">
         <name>.bss</name>
         <uninitialized>true</uninitialized>
         <run_address>0x75a4</run_address>
         <size>0x338</size>
         <input_file_ref idref="fl-7"/>
      </object_component>
      <object_component id="oc-88">
         <name>.bss</name>
         <uninitialized>true</uninitialized>
         <run_address>0x8020</run_address>
         <size>0x8</size>
         <input_file_ref idref="fl-9"/>
      </object_component>
      <object_component id="oc-93">
         <name>.bss</name>
         <uninitialized>true</uninitialized>
         <run_address>0x8040</run_address>
         <size>0x4</size>
         <input_file_ref idref="fl-b"/>
      </object_component>
      <object_component id="oc-9e">
         <name>.bss</name>
         <uninitialized>true</uninitialized>
         <run_address>0x7fe4</run_address>
         <size>0x10</size>
         <input_file_ref idref="fl-d"/>
      </object_component>
      <object_component id="oc-c7">
         <name>.bss</name>
         <uninitialized>true</uninitialized>
         <run_address>0x8000</run_address>
         <size>0xc</size>
         <input_file_ref idref="fl-11"/>
      </object_component>
      <object_component id="oc-f3">
         <name>.bss</name>
         <uninitialized>true</uninitialized>
         <run_address>0x7ff4</run_address>
         <size>0xc</size>
         <input_file_ref idref="fl-3d"/>
      </object_component>
      <object_component id="oc-13b">
         <name>.bss</name>
         <uninitialized>true</uninitialized>
         <run_address>0x8018</run_address>
         <size>0x8</size>
         <input_file_ref idref="fl-4d"/>
      </object_component>
      <object_component id="oc-13f">
         <name>.bss</name>
         <uninitialized>true</uninitialized>
         <run_address>0x8038</run_address>
         <size>0x4</size>
         <input_file_ref idref="fl-4e"/>
      </object_component>
      <object_component id="oc-147">
         <name>.bss</name>
         <uninitialized>true</uninitialized>
         <run_address>0x7fbc</run_address>
         <size>0x18</size>
         <input_file_ref idref="fl-50"/>
      </object_component>
      <object_component id="oc-15d">
         <name>.bss</name>
         <uninitialized>true</uninitialized>
         <run_address>0x7f98</run_address>
         <size>0x24</size>
         <input_file_ref idref="fl-55"/>
      </object_component>
      <object_component id="oc-163">
         <name>.bss</name>
         <uninitialized>true</uninitialized>
         <run_address>0x7e5c</run_address>
         <size>0x54</size>
         <input_file_ref idref="fl-56"/>
      </object_component>
      <object_component id="oc-179">
         <name>.bss</name>
         <uninitialized>true</uninitialized>
         <run_address>0x7c64</run_address>
         <size>0x114</size>
         <input_file_ref idref="fl-5b"/>
      </object_component>
      <object_component id="oc-182">
         <name>.bss</name>
         <uninitialized>true</uninitialized>
         <run_address>0x7fd4</run_address>
         <size>0x10</size>
         <input_file_ref idref="fl-5d"/>
      </object_component>
      <object_component id="oc-198">
         <name>.bss</name>
         <uninitialized>true</uninitialized>
         <run_address>0x803c</run_address>
         <size>0x4</size>
         <input_file_ref idref="fl-62"/>
      </object_component>
      <object_component id="oc-1a0">
         <name>.bss</name>
         <uninitialized>true</uninitialized>
         <run_address>0x7f00</run_address>
         <size>0x46</size>
         <input_file_ref idref="fl-64"/>
      </object_component>
      <object_component id="oc-1aa">
         <name>.bss</name>
         <uninitialized>true</uninitialized>
         <run_address>0x800c</run_address>
         <size>0xc</size>
         <input_file_ref idref="fl-67"/>
      </object_component>
      <object_component id="oc-1cb">
         <name>.bss</name>
         <uninitialized>true</uninitialized>
         <run_address>0x7dfc</run_address>
         <size>0x60</size>
         <input_file_ref idref="fl-70"/>
      </object_component>
      <object_component id="oc-1d9">
         <name>.bss</name>
         <uninitialized>true</uninitialized>
         <run_address>0x7f48</run_address>
         <size>0x28</size>
         <input_file_ref idref="fl-73"/>
      </object_component>
      <object_component id="oc-1e7">
         <name>.bss</name>
         <uninitialized>true</uninitialized>
         <run_address>0x7eb0</run_address>
         <size>0x50</size>
         <input_file_ref idref="fl-76"/>
      </object_component>
      <object_component id="oc-208">
         <name>.bss</name>
         <uninitialized>true</uninitialized>
         <run_address>0x8028</run_address>
         <size>0x8</size>
         <input_file_ref idref="fl-7d"/>
      </object_component>
      <object_component id="oc-212">
         <name>.bss</name>
         <uninitialized>true</uninitialized>
         <run_address>0x7ae0</run_address>
         <size>0x184</size>
         <input_file_ref idref="fl-7f"/>
      </object_component>
      <object_component id="oc-218">
         <name>.bss</name>
         <uninitialized>true</uninitialized>
         <run_address>0x8044</run_address>
         <size>0x4</size>
         <input_file_ref idref="fl-80"/>
      </object_component>
      <object_component id="oc-21e">
         <name>.bss</name>
         <uninitialized>true</uninitialized>
         <run_address>0x8030</run_address>
         <size>0x8</size>
         <input_file_ref idref="fl-81"/>
      </object_component>
      <object_component id="oc-108">
         <name>.hwi_disp_sec</name>
         <uninitialized>true</uninitialized>
         <run_address>0xd33c</run_address>
         <size>0x180</size>
         <input_file_ref idref="fl-42"/>
      </object_component>
      <object_component id="oc-d0">
         <name>.sysdata</name>
         <uninitialized>true</uninitialized>
         <run_address>0xd1a0</run_address>
         <size>0x160</size>
         <input_file_ref idref="fl-33"/>
      </object_component>
      <object_component id="oc-10d">
         <name>.sysdata</name>
         <uninitialized>true</uninitialized>
         <run_address>0xd338</run_address>
         <size>0x4</size>
         <input_file_ref idref="fl-43"/>
      </object_component>
      <object_component id="oc-117">
         <name>.sysdata</name>
         <uninitialized>true</uninitialized>
         <run_address>0xd32c</run_address>
         <size>0xc</size>
         <input_file_ref idref="fl-45"/>
      </object_component>
      <object_component id="oc-129">
         <name>.sysdata</name>
         <uninitialized>true</uninitialized>
         <run_address>0xd300</run_address>
         <size>0x2c</size>
         <input_file_ref idref="fl-49"/>
      </object_component>
      <object_component id="oc-a7">
         <name>.mem</name>
         <uninitialized>true</uninitialized>
         <run_address>0x539e</run_address>
         <size>0x2</size>
         <input_file_ref idref="fl-f"/>
      </object_component>
      <object_component id="oc-55">
         <name>.bios</name>
         <load_address>0x53a0</load_address>
         <run_address>0x53a0</run_address>
         <size>0x3d4</size>
         <input_file_ref idref="fl-35"/>
      </object_component>
      <object_component id="oc-119">
         <name>.bios</name>
         <load_address>0x5774</load_address>
         <run_address>0x5774</run_address>
         <size>0x3a3</size>
         <input_file_ref idref="fl-45"/>
      </object_component>
      <object_component id="oc-109">
         <name>.bios</name>
         <load_address>0x5b17</load_address>
         <run_address>0x5b17</run_address>
         <size>0x35f</size>
         <input_file_ref idref="fl-42"/>
      </object_component>
      <object_component id="oc-1bb">
         <name>.bios</name>
         <load_address>0x5e78</load_address>
         <run_address>0x5e78</run_address>
         <size>0x18b</size>
         <input_file_ref idref="fl-6c"/>
      </object_component>
      <object_component id="oc-125">
         <name>.bios</name>
         <load_address>0x6003</load_address>
         <run_address>0x6003</run_address>
         <size>0x186</size>
         <input_file_ref idref="fl-48"/>
      </object_component>
      <object_component id="oc-17e">
         <name>.bios</name>
         <load_address>0x618c</load_address>
         <run_address>0x618c</run_address>
         <size>0x185</size>
         <input_file_ref idref="fl-5c"/>
      </object_component>
      <object_component id="oc-184">
         <name>.bios</name>
         <load_address>0x6314</load_address>
         <run_address>0x6314</run_address>
         <size>0x144</size>
         <input_file_ref idref="fl-5d"/>
      </object_component>
      <object_component id="oc-12b">
         <name>.bios</name>
         <load_address>0x6458</load_address>
         <run_address>0x6458</run_address>
         <size>0x130</size>
         <input_file_ref idref="fl-49"/>
      </object_component>
      <object_component id="oc-121">
         <name>.bios</name>
         <load_address>0x6588</load_address>
         <run_address>0x6588</run_address>
         <size>0x119</size>
         <input_file_ref idref="fl-47"/>
      </object_component>
      <object_component id="oc-50">
         <name>.bios</name>
         <load_address>0x66a1</load_address>
         <run_address>0x66a1</run_address>
         <size>0x10e</size>
         <input_file_ref idref="fl-34"/>
      </object_component>
      <object_component id="oc-194">
         <name>.bios</name>
         <load_address>0x67b0</load_address>
         <run_address>0x67b0</run_address>
         <size>0x10d</size>
         <input_file_ref idref="fl-61"/>
      </object_component>
      <object_component id="oc-1fb">
         <name>.bios</name>
         <load_address>0x68c0</load_address>
         <run_address>0x68c0</run_address>
         <size>0x104</size>
         <input_file_ref idref="fl-7a"/>
      </object_component>
      <object_component id="oc-1d1">
         <name>.bios</name>
         <load_address>0x69c4</load_address>
         <run_address>0x69c4</run_address>
         <size>0xf8</size>
         <input_file_ref idref="fl-71"/>
      </object_component>
      <object_component id="oc-1e2">
         <name>.bios</name>
         <load_address>0x6abc</load_address>
         <run_address>0x6abc</run_address>
         <size>0xf6</size>
         <input_file_ref idref="fl-75"/>
      </object_component>
      <object_component id="oc-1e9">
         <name>.bios</name>
         <load_address>0x6bb4</load_address>
         <run_address>0x6bb4</run_address>
         <size>0xbf</size>
         <input_file_ref idref="fl-76"/>
      </object_component>
      <object_component id="oc-137">
         <name>.bios</name>
         <load_address>0x6c73</load_address>
         <run_address>0x6c73</run_address>
         <size>0xa2</size>
         <input_file_ref idref="fl-4c"/>
      </object_component>
      <object_component id="oc-143">
         <name>.bios</name>
         <load_address>0x6d18</load_address>
         <run_address>0x6d18</run_address>
         <size>0x90</size>
         <input_file_ref idref="fl-4f"/>
      </object_component>
      <object_component id="oc-175">
         <name>.bios</name>
         <load_address>0x6da8</load_address>
         <run_address>0x6da8</run_address>
         <size>0x8d</size>
         <input_file_ref idref="fl-5a"/>
      </object_component>
      <object_component id="oc-56">
         <name>.bios</name>
         <load_address>0x6e38</load_address>
         <run_address>0x6e38</run_address>
         <size>0x8d</size>
         <input_file_ref idref="fl-38"/>
      </object_component>
      <object_component id="oc-58">
         <name>.bios</name>
         <load_address>0x6ec8</load_address>
         <run_address>0x6ec8</run_address>
         <size>0x87</size>
         <input_file_ref idref="fl-37"/>
      </object_component>
      <object_component id="oc-1bf">
         <name>.bios</name>
         <load_address>0x6f4f</load_address>
         <run_address>0x6f4f</run_address>
         <size>0x82</size>
         <input_file_ref idref="fl-6d"/>
      </object_component>
      <object_component id="oc-16d">
         <name>.bios</name>
         <load_address>0x6fd4</load_address>
         <run_address>0x6fd4</run_address>
         <size>0x68</size>
         <input_file_ref idref="fl-58"/>
      </object_component>
      <object_component id="oc-190">
         <name>.bios</name>
         <load_address>0x703c</load_address>
         <run_address>0x703c</run_address>
         <size>0x62</size>
         <input_file_ref idref="fl-60"/>
      </object_component>
      <object_component id="oc-171">
         <name>.bios</name>
         <load_address>0x70a0</load_address>
         <run_address>0x70a0</run_address>
         <size>0x5f</size>
         <input_file_ref idref="fl-59"/>
      </object_component>
      <object_component id="oc-18c">
         <name>.bios</name>
         <load_address>0x7100</load_address>
         <run_address>0x7100</run_address>
         <size>0x5b</size>
         <input_file_ref idref="fl-5f"/>
      </object_component>
      <object_component id="oc-1ee">
         <name>.bios</name>
         <load_address>0x715c</load_address>
         <run_address>0x715c</run_address>
         <size>0x58</size>
         <input_file_ref idref="fl-77"/>
      </object_component>
      <object_component id="oc-11d">
         <name>.bios</name>
         <load_address>0x71b4</load_address>
         <run_address>0x71b4</run_address>
         <size>0x51</size>
         <input_file_ref idref="fl-46"/>
      </object_component>
      <object_component id="oc-1b7">
         <name>.bios</name>
         <load_address>0x7205</load_address>
         <run_address>0x7205</run_address>
         <size>0x4e</size>
         <input_file_ref idref="fl-6b"/>
      </object_component>
      <object_component id="oc-1c3">
         <name>.bios</name>
         <load_address>0x7254</load_address>
         <run_address>0x7254</run_address>
         <size>0x48</size>
         <input_file_ref idref="fl-6e"/>
      </object_component>
      <object_component id="oc-12f">
         <name>.bios</name>
         <load_address>0x729c</load_address>
         <run_address>0x729c</run_address>
         <size>0x48</size>
         <input_file_ref idref="fl-4a"/>
      </object_component>
      <object_component id="oc-1d5">
         <name>.bios</name>
         <load_address>0x72e4</load_address>
         <run_address>0x72e4</run_address>
         <size>0x48</size>
         <input_file_ref idref="fl-72"/>
      </object_component>
      <object_component id="oc-10f">
         <name>.bios</name>
         <load_address>0x732c</load_address>
         <run_address>0x732c</run_address>
         <size>0x47</size>
         <input_file_ref idref="fl-43"/>
      </object_component>
      <object_component id="oc-169">
         <name>.bios</name>
         <load_address>0x7373</load_address>
         <run_address>0x7373</run_address>
         <size>0x46</size>
         <input_file_ref idref="fl-57"/>
      </object_component>
      <object_component id="oc-22c">
         <name>.bios</name>
         <load_address>0x73b9</load_address>
         <run_address>0x73b9</run_address>
         <size>0x43</size>
         <input_file_ref idref="fl-84"/>
      </object_component>
      <object_component id="oc-59">
         <name>.bios</name>
         <load_address>0x73fc</load_address>
         <run_address>0x73fc</run_address>
         <size>0x36</size>
         <input_file_ref idref="fl-3d"/>
      </object_component>
      <object_component id="oc-188">
         <name>.bios</name>
         <load_address>0x7434</load_address>
         <run_address>0x7434</run_address>
         <size>0x34</size>
         <input_file_ref idref="fl-5e"/>
      </object_component>
      <object_component id="oc-fb">
         <name>.bios</name>
         <load_address>0x7468</load_address>
         <run_address>0x7468</run_address>
         <size>0x34</size>
         <input_file_ref idref="fl-3f"/>
      </object_component>
      <object_component id="oc-52">
         <name>.bios</name>
         <load_address>0x749c</load_address>
         <run_address>0x749c</run_address>
         <size>0x25</size>
         <input_file_ref idref="fl-32"/>
      </object_component>
      <object_component id="oc-5d">
         <name>.bios</name>
         <load_address>0x74c1</load_address>
         <run_address>0x74c1</run_address>
         <size>0x24</size>
         <input_file_ref idref="fl-3a"/>
      </object_component>
      <object_component id="oc-51">
         <name>.bios</name>
         <load_address>0x74e8</load_address>
         <run_address>0x74e8</run_address>
         <size>0x23</size>
         <input_file_ref idref="fl-3b"/>
      </object_component>
      <object_component id="oc-5b">
         <name>.bios</name>
         <load_address>0x750c</load_address>
         <run_address>0x750c</run_address>
         <size>0x20</size>
         <input_file_ref idref="fl-3c"/>
      </object_component>
      <object_component id="oc-158">
         <name>.bios</name>
         <load_address>0x752c</load_address>
         <run_address>0x752c</run_address>
         <size>0x1a</size>
         <input_file_ref idref="fl-54"/>
      </object_component>
      <object_component id="oc-57">
         <name>.bios</name>
         <load_address>0x7546</load_address>
         <run_address>0x7546</run_address>
         <size>0x17</size>
         <input_file_ref idref="fl-36"/>
      </object_component>
      <object_component id="oc-1f2">
         <name>.bios</name>
         <load_address>0x7560</load_address>
         <run_address>0x7560</run_address>
         <size>0x17</size>
         <input_file_ref idref="fl-78"/>
      </object_component>
      <object_component id="oc-113">
         <name>.bios</name>
         <load_address>0x7577</load_address>
         <run_address>0x7577</run_address>
         <size>0xc</size>
         <input_file_ref idref="fl-44"/>
      </object_component>
      <object_component id="oc-5a">
         <name>.bios</name>
         <load_address>0x7584</load_address>
         <run_address>0x7584</run_address>
         <size>0x8</size>
         <input_file_ref idref="fl-3e"/>
      </object_component>
      <object_component id="oc-1c7">
         <name>.bios</name>
         <load_address>0x758c</load_address>
         <run_address>0x758c</run_address>
         <size>0x7</size>
         <input_file_ref idref="fl-6f"/>
      </object_component>
      <object_component id="oc-14f">
         <name>.bios</name>
         <load_address>0x7593</load_address>
         <run_address>0x7593</run_address>
         <size>0x6</size>
         <input_file_ref idref="fl-52"/>
      </object_component>
      <object_component id="oc-5c">
         <name>.bios</name>
         <load_address>0x759c</load_address>
         <run_address>0x759c</run_address>
         <size>0x2</size>
         <input_file_ref idref="fl-39"/>
      </object_component>
      <object_component id="oc-14b">
         <name>.bios</name>
         <load_address>0x75a0</load_address>
         <run_address>0x75a0</run_address>
         <size>0x2</size>
         <input_file_ref idref="fl-51"/>
      </object_component>
      <object_component id="oc-1f6">
         <name>.text</name>
         <load_address>0xc0</load_address>
         <run_address>0xc0</run_address>
         <size>0x10e1</size>
         <input_file_ref idref="fl-79"/>
      </object_component>
      <object_component id="oc-15c">
         <name>.text</name>
         <load_address>0x11a1</load_address>
         <run_address>0x11a1</run_address>
         <size>0xc3c</size>
         <input_file_ref idref="fl-55"/>
      </object_component>
      <object_component id="oc-1b2">
         <name>.text</name>
         <load_address>0x1ddd</load_address>
         <run_address>0x1ddd</run_address>
         <size>0xb18</size>
         <input_file_ref idref="fl-6a"/>
      </object_component>
      <object_component id="oc-162">
         <name>.text</name>
         <load_address>0x28f5</load_address>
         <run_address>0x28f5</run_address>
         <size>0x9f3</size>
         <input_file_ref idref="fl-56"/>
      </object_component>
      <object_component id="oc-153">
         <name>.text</name>
         <load_address>0x32e8</load_address>
         <run_address>0x32e8</run_address>
         <size>0x68d</size>
         <input_file_ref idref="fl-53"/>
      </object_component>
      <object_component id="oc-5e">
         <name>.text</name>
         <load_address>0x3975</load_address>
         <run_address>0x3975</run_address>
         <size>0x5a0</size>
         <input_file_ref idref="fl-2"/>
      </object_component>
      <object_component id="oc-7a">
         <name>.text</name>
         <load_address>0x3f15</load_address>
         <run_address>0x3f15</run_address>
         <size>0x49d</size>
         <input_file_ref idref="fl-7"/>
      </object_component>
      <object_component id="oc-68">
         <name>.text</name>
         <load_address>0x43b2</load_address>
         <run_address>0x43b2</run_address>
         <size>0x252</size>
         <input_file_ref idref="fl-4"/>
      </object_component>
      <object_component id="oc-75">
         <name>.text</name>
         <load_address>0x4604</load_address>
         <run_address>0x4604</run_address>
         <size>0x22e</size>
         <input_file_ref idref="fl-6"/>
      </object_component>
      <object_component id="oc-98">
         <name>.text</name>
         <load_address>0x4832</load_address>
         <run_address>0x4832</run_address>
         <size>0x1e7</size>
         <input_file_ref idref="fl-c"/>
      </object_component>
      <object_component id="oc-9d">
         <name>.text</name>
         <load_address>0x4a19</load_address>
         <run_address>0x4a19</run_address>
         <size>0x150</size>
         <input_file_ref idref="fl-d"/>
      </object_component>
      <object_component id="oc-63">
         <name>.text</name>
         <load_address>0x4b69</load_address>
         <run_address>0x4b69</run_address>
         <size>0x119</size>
         <input_file_ref idref="fl-3"/>
      </object_component>
      <object_component id="oc-92">
         <name>.text</name>
         <load_address>0x4c82</load_address>
         <run_address>0x4c82</run_address>
         <size>0x107</size>
         <input_file_ref idref="fl-b"/>
      </object_component>
      <object_component id="oc-c6">
         <name>.text</name>
         <load_address>0x4d89</load_address>
         <run_address>0x4d89</run_address>
         <size>0xeb</size>
         <input_file_ref idref="fl-11"/>
      </object_component>
      <object_component id="oc-1ff">
         <name>.text</name>
         <load_address>0x4e74</load_address>
         <run_address>0x4e74</run_address>
         <size>0xa1</size>
         <input_file_ref idref="fl-7b"/>
      </object_component>
      <object_component id="oc-8d">
         <name>.text</name>
         <load_address>0x4f15</load_address>
         <run_address>0x4f15</run_address>
         <size>0x8e</size>
         <input_file_ref idref="fl-a"/>
      </object_component>
      <object_component id="oc-87">
         <name>.text</name>
         <load_address>0x4fa3</load_address>
         <run_address>0x4fa3</run_address>
         <size>0x87</size>
         <input_file_ref idref="fl-9"/>
      </object_component>
      <object_component id="oc-217">
         <name>.text</name>
         <load_address>0x502a</load_address>
         <run_address>0x502a</run_address>
         <size>0x75</size>
         <input_file_ref idref="fl-80"/>
      </object_component>
      <object_component id="oc-20d">
         <name>.text</name>
         <load_address>0x509f</load_address>
         <run_address>0x509f</run_address>
         <size>0x72</size>
         <input_file_ref idref="fl-7e"/>
      </object_component>
      <object_component id="oc-211">
         <name>.text</name>
         <load_address>0x5111</load_address>
         <run_address>0x5111</run_address>
         <size>0x6f</size>
         <input_file_ref idref="fl-7f"/>
      </object_component>
      <object_component id="oc-133">
         <name>.text</name>
         <load_address>0x5180</load_address>
         <run_address>0x5180</run_address>
         <size>0x67</size>
         <input_file_ref idref="fl-4b"/>
      </object_component>
      <object_component id="oc-1e6">
         <name>.text</name>
         <load_address>0x51e8</load_address>
         <run_address>0x51e8</run_address>
         <size>0x5c</size>
         <input_file_ref idref="fl-76"/>
      </object_component>
      <object_component id="oc-6e">
         <name>.text</name>
         <load_address>0x5244</load_address>
         <run_address>0x5244</run_address>
         <size>0x5b</size>
         <input_file_ref idref="fl-5"/>
      </object_component>
      <object_component id="oc-82">
         <name>.text</name>
         <load_address>0x529f</load_address>
         <run_address>0x529f</run_address>
         <size>0x54</size>
         <input_file_ref idref="fl-8"/>
      </object_component>
      <object_component id="oc-228">
         <name>.text</name>
         <load_address>0x52f3</load_address>
         <run_address>0x52f3</run_address>
         <size>0x3f</size>
         <input_file_ref idref="fl-83"/>
      </object_component>
      <object_component id="oc-21d">
         <name>.text</name>
         <load_address>0x5332</load_address>
         <run_address>0x5332</run_address>
         <size>0x3e</size>
         <input_file_ref idref="fl-81"/>
      </object_component>
      <object_component id="oc-203">
         <name>.text</name>
         <load_address>0x5370</load_address>
         <run_address>0x5370</run_address>
         <size>0x13</size>
         <input_file_ref idref="fl-7c"/>
      </object_component>
      <object_component id="oc-207">
         <name>.text</name>
         <load_address>0x5383</load_address>
         <run_address>0x5383</run_address>
         <size>0x12</size>
         <input_file_ref idref="fl-7d"/>
      </object_component>
      <object_component id="oc-221">
         <name>.text:CIO_breakpoint</name>
         <load_address>0x5395</load_address>
         <run_address>0x5395</run_address>
         <size>0x7</size>
         <input_file_ref idref="fl-81"/>
      </object_component>
      <object_component id="oc-19c">
         <name>.sysinit</name>
         <load_address>0xcc00</load_address>
         <run_address>0xcc00</run_address>
         <size>0x111</size>
         <input_file_ref idref="fl-63"/>
      </object_component>
      <object_component id="oc-bf">
         <name>.sysinit</name>
         <load_address>0xcd11</load_address>
         <run_address>0xcd11</run_address>
         <size>0xd5</size>
         <input_file_ref idref="fl-f"/>
      </object_component>
      <object_component id="oc-1de">
         <name>.sysinit</name>
         <load_address>0xcde8</load_address>
         <run_address>0xcde8</run_address>
         <size>0x84</size>
         <input_file_ref idref="fl-74"/>
      </object_component>
      <object_component id="oc-224">
         <name>.sysinit</name>
         <load_address>0xce6c</load_address>
         <run_address>0xce6c</run_address>
         <size>0x71</size>
         <input_file_ref idref="fl-82"/>
      </object_component>
      <object_component id="oc-54">
         <name>.sysinit</name>
         <load_address>0xcedd</load_address>
         <run_address>0xcedd</run_address>
         <size>0x6f</size>
         <input_file_ref idref="fl-40"/>
      </object_component>
      <object_component id="oc-1a2">
         <name>.sysinit</name>
         <load_address>0xcf4c</load_address>
         <run_address>0xcf4c</run_address>
         <size>0x2</size>
         <input_file_ref idref="fl-64"/>
      </object_component>
      <object_component id="oc-104">
         <name>.trcdata</name>
         <load_address>0xdc78</load_address>
         <run_address>0xdc78</run_address>
         <size>0x6</size>
         <input_file_ref idref="fl-41"/>
      </object_component>
      <object_component id="oc-242">
         <name>.rtdx_text:_RTDX_write_next</name>
         <load_address>0xb248</load_address>
         <run_address>0xb248</run_address>
         <size>0x1db</size>
         <input_file_ref idref="fl-67"/>
      </object_component>
      <object_component id="oc-23d">
         <name>.rtdx_text:_RTDX_Buffer_WriteCB</name>
         <load_address>0xb423</load_address>
         <run_address>0xb423</run_address>
         <size>0x17c</size>
         <input_file_ref idref="fl-67"/>
      </object_component>
      <object_component id="oc-236">
         <name>.rtdx_text:_RTDX_Init_RT_Monitor</name>
         <load_address>0xb59f</load_address>
         <run_address>0xb59f</run_address>
         <size>0x10f</size>
         <input_file_ref idref="fl-68"/>
      </object_component>
      <object_component id="oc-231">
         <name>.rtdx_text:_RTDX_Poll</name>
         <load_address>0xb6ae</load_address>
         <run_address>0xb6ae</run_address>
         <size>0xec</size>
         <input_file_ref idref="fl-68"/>
      </object_component>
      <object_component id="oc-241">
         <name>.rtdx_text:_claim</name>
         <load_address>0xb79a</load_address>
         <run_address>0xb79a</run_address>
         <size>0xb5</size>
         <input_file_ref idref="fl-67"/>
      </object_component>
      <object_component id="oc-23a">
         <name>.rtdx_text:_StartXFer</name>
         <load_address>0xb84f</load_address>
         <run_address>0xb84f</run_address>
         <size>0x93</size>
         <input_file_ref idref="fl-68"/>
      </object_component>
      <object_component id="oc-243">
         <name>.rtdx_text:_RTDX_Mon_Queue</name>
         <load_address>0xb8e2</load_address>
         <run_address>0xb8e2</run_address>
         <size>0x88</size>
         <input_file_ref idref="fl-68"/>
      </object_component>
      <object_component id="oc-232">
         <name>.rtdx_text:_RTDX_H2TPoll</name>
         <load_address>0xb96a</load_address>
         <run_address>0xb96a</run_address>
         <size>0x65</size>
         <input_file_ref idref="fl-68"/>
      </object_component>
      <object_component id="oc-235">
         <name>.rtdx_text:_RTDX_Buffer_Initialize</name>
         <load_address>0xb9cf</load_address>
         <run_address>0xb9cf</run_address>
         <size>0x53</size>
         <input_file_ref idref="fl-67"/>
      </object_component>
      <object_component id="oc-23c">
         <name>.rtdx_text:_RTDX_Buffer_ReadCB</name>
         <load_address>0xba22</load_address>
         <run_address>0xba22</run_address>
         <size>0x4b</size>
         <input_file_ref idref="fl-66"/>
      </object_component>
      <object_component id="oc-23f">
         <name>.rtdx_text:_RTDX_Final_RT_Monitor</name>
         <load_address>0xba6d</load_address>
         <run_address>0xba6d</run_address>
         <size>0x3c</size>
         <input_file_ref idref="fl-68"/>
      </object_component>
      <object_component id="oc-240">
         <name>.rtdx_text:_RTDX_Buffer_Size</name>
         <load_address>0xbaa9</load_address>
         <run_address>0xbaa9</run_address>
         <size>0x3b</size>
         <input_file_ref idref="fl-67"/>
      </object_component>
      <object_component id="oc-237">
         <name>.rtdx_text:_RTDX_Mask_IER</name>
         <load_address>0xbae4</load_address>
         <run_address>0xbae4</run_address>
         <size>0x2a</size>
         <input_file_ref idref="fl-69"/>
      </object_component>
      <object_component id="oc-233">
         <name>.rtdx_text:_RTDX_Buffer_Read</name>
         <load_address>0xbb0e</load_address>
         <run_address>0xbb0e</run_address>
         <size>0x22</size>
         <input_file_ref idref="fl-66"/>
      </object_component>
      <object_component id="oc-23b">
         <name>.rtdx_text:_RTDX_Set_IER</name>
         <load_address>0xbb30</load_address>
         <run_address>0xbb30</run_address>
         <size>0x1e</size>
         <input_file_ref idref="fl-69"/>
      </object_component>
      <object_component id="oc-234">
         <name>.rtdx_text:_RTDX_Buffer_Write</name>
         <load_address>0xbb4e</load_address>
         <run_address>0xbb4e</run_address>
         <size>0x1c</size>
         <input_file_ref idref="fl-67"/>
      </object_component>
      <object_component id="oc-238">
         <name>.rtdx_text:_Allow_EmuAccess</name>
         <load_address>0xbb6a</load_address>
         <run_address>0xbb6a</run_address>
         <size>0x17</size>
         <input_file_ref idref="fl-68"/>
      </object_component>
      <object_component id="oc-239">
         <name>.rtdx_text:_Disallow_EmuAccess</name>
         <load_address>0xbb81</load_address>
         <run_address>0xbb81</run_address>
         <size>0x4</size>
         <input_file_ref idref="fl-68"/>
      </object_component>
      <object_component id="oc-23e">
         <name>.rtdx_text:_Wait</name>
         <load_address>0xbb85</load_address>
         <run_address>0xbb85</run_address>
         <size>0x4</size>
         <input_file_ref idref="fl-68"/>
      </object_component>
      <object_component id="oc-be">
         <name>.mbx</name>
         <uninitialized>true</uninitialized>
         <run_address>0xd4bc</run_address>
         <size>0x138</size>
         <input_file_ref idref="fl-f"/>
      </object_component>
      <object_component id="oc-ab">
         <name>.sys</name>
         <uninitialized>true</uninitialized>
         <run_address>0xdc54</run_address>
         <size>0x10</size>
         <input_file_ref idref="fl-f"/>
      </object_component>
      <object_component id="oc-1ae">
         <name>.pinit</name>
         <load_address>0xdc64</load_address>
         <run_address>0xdc64</run_address>
         <size>0x4</size>
         <input_file_ref idref="fl-67"/>
      </object_component>
      <object_component id="oc-1b1">
         <name>.pinit</name>
         <load_address>0xdc68</load_address>
         <run_address>0xdc68</run_address>
         <size>0x4</size>
         <input_file_ref idref="fl-68"/>
      </object_component>
      <object_component id="oc-a6">
         <name>.gblinit</name>
         <load_address>0xdaec</load_address>
         <run_address>0xdaec</run_address>
         <size>0x62</size>
         <input_file_ref idref="fl-f"/>
      </object_component>
      <object_component id="oc-a9">
         <name>.rtdx_data</name>
         <uninitialized>true</uninitialized>
         <run_address>0xcf50</run_address>
         <size>0x204</size>
         <input_file_ref idref="fl-f"/>
      </object_component>
      <object_component id="oc-1a6">
         <name>.rtdx_data</name>
         <uninitialized>true</uninitialized>
         <run_address>0xd198</run_address>
         <size>0x8</size>
         <input_file_ref idref="fl-65"/>
      </object_component>
      <object_component id="oc-1ac">
         <name>.rtdx_data</name>
         <uninitialized>true</uninitialized>
         <run_address>0xd178</run_address>
         <size>0x20</size>
         <input_file_ref idref="fl-67"/>
      </object_component>
      <object_component id="oc-1af">
         <name>.rtdx_data</name>
         <uninitialized>true</uninitialized>
         <run_address>0xd154</run_address>
         <size>0x24</size>
         <input_file_ref idref="fl-68"/>
      </object_component>
      <object_component id="oc-b5">
         <name>.TSK_idle$stk</name>
         <uninitialized>true</uninitialized>
         <run_address>0xa848</run_address>
         <size>0xa00</size>
         <input_file_ref idref="fl-f"/>
      </object_component>
      <object_component id="oc-b7">
         <name>.TSK_audProc$stk</name>
         <uninitialized>true</uninitialized>
         <run_address>0x9e48</run_address>
         <size>0xa00</size>
         <input_file_ref idref="fl-f"/>
      </object_component>
      <object_component id="oc-b8">
         <name>.TSKUserInterface$stk</name>
         <uninitialized>true</uninitialized>
         <run_address>0x9448</run_address>
         <size>0xa00</size>
         <input_file_ref idref="fl-f"/>
      </object_component>
      <object_component id="oc-bb">
         <name>.LOG_system$buf</name>
         <uninitialized>true</uninitialized>
         <run_address>0xbc00</run_address>
         <size>0x400</size>
         <input_file_ref idref="fl-f"/>
      </object_component>
      <object_component id="oc-bd">
         <name>.trace$buf</name>
         <uninitialized>true</uninitialized>
         <run_address>0xc000</run_address>
         <size>0x800</size>
         <input_file_ref idref="fl-f"/>
      </object_component>
      <object_component id="oc-af">
         <name>.hst1</name>
         <uninitialized>true</uninitialized>
         <run_address>0xdc24</run_address>
         <size>0x10</size>
         <input_file_ref idref="fl-f"/>
      </object_component>
      <object_component id="oc-b2">
         <name>.hst0</name>
         <uninitialized>true</uninitialized>
         <run_address>0xda6c</run_address>
         <size>0x80</size>
         <input_file_ref idref="fl-f"/>
      </object_component>
      <object_component id="oc-100">
         <name>.args</name>
         <load_address>0xdc14</load_address>
         <run_address>0xdc14</run_address>
         <size>0x0</size>
         <input_file_ref idref="fl-40"/>
      </object_component>
      <object_component id="oc-31">
         <name>MBXinSamples$queElems</name>
         <uninitialized>true</uninitialized>
         <run_address>0xd804</run_address>
         <size>0x0</size>
      </object_component>
      <object_component id="oc-34">
         <name>MBXpostProcess$queElems</name>
         <uninitialized>true</uninitialized>
         <run_address>0xd8d4</run_address>
         <size>0x0</size>
      </object_component>
      <object_component id="oc-37">
         <name>MBXdownsampled$queElems</name>
         <uninitialized>true</uninitialized>
         <run_address>0xd5f4</run_address>
         <size>0x0</size>
      </object_component>
      <object_component id="oc-3a">
         <name>_SYS_PUTCBEG</name>
         <load_address>0xc800</load_address>
         <run_address>0xc800</run_address>
         <size>0x0</size>
      </object_component>
      <object_component id="oc-3c">
         <name>_SYS_PUTCEND</name>
         <load_address>0xcc00</load_address>
         <run_address>0xcc00</run_address>
         <size>0x0</size>
      </object_component>
      <object_component id="oc-b0">
         <name>.hst</name>
         <uninitialized>true</uninitialized>
         <run_address>0xdba0</run_address>
         <size>0x34</size>
         <input_file_ref idref="fl-f"/>
      </object_component>
      <object_component id="oc-bc">
         <name>.log</name>
         <uninitialized>true</uninitialized>
         <run_address>0xdbd4</run_address>
         <size>0x28</size>
         <input_file_ref idref="fl-f"/>
      </object_component>
      <object_component id="oc-b1">
         <name>.pip</name>
         <uninitialized>true</uninitialized>
         <run_address>0xd9a4</run_address>
         <size>0xc8</size>
         <input_file_ref idref="fl-f"/>
      </object_component>
      <object_component id="oc-ae">
         <name>.sts</name>
         <uninitialized>true</uninitialized>
         <run_address>0xbb8c</run_address>
         <size>0x70</size>
         <input_file_ref idref="fl-f"/>
      </object_component>
      <object_component id="oc-43">
         <name>GBL_sysstackbeg</name>
         <uninitialized>true</uninitialized>
         <run_address>0x8048</run_address>
         <size>0x0</size>
      </object_component>
      <object_component id="oc-230">
         <name>.sysstack</name>
         <uninitialized>true</uninitialized>
         <run_address>0x8048</run_address>
         <size>0x0</size>
         <input_file_ref idref="fl-40"/>
      </object_component>
      <object_component id="oc-285">
         <name>.sysstack</name>
         <uninitialized>true</uninitialized>
         <run_address>0x8048</run_address>
         <size>0x0</size>
      </object_component>
      <object_component id="oc-46">
         <name>GBL_stackbeg</name>
         <uninitialized>true</uninitialized>
         <run_address>0x8248</run_address>
         <size>0x0</size>
      </object_component>
      <object_component id="oc-ff">
         <name>.stack</name>
         <uninitialized>true</uninitialized>
         <run_address>0x8248</run_address>
         <size>0x0</size>
         <input_file_ref idref="fl-40"/>
      </object_component>
      <object_component id="oc-284">
         <name>.stack</name>
         <uninitialized>true</uninitialized>
         <run_address>0x8248</run_address>
         <size>0x0</size>
      </object_component>
      <object_component id="oc-a8">
         <name>.cinit</name>
         <load_address>0x10000</load_address>
         <run_address>0x10000</run_address>
         <size>0x8b6</size>
         <input_file_ref idref="fl-f"/>
      </object_component>
      <object_component id="oc-71">
         <name>.cinit</name>
         <load_address>0x108b6</load_address>
         <run_address>0x108b6</run_address>
         <size>0x206</size>
         <input_file_ref idref="fl-5"/>
      </object_component>
      <object_component id="oc-d1">
         <name>.cinit</name>
         <load_address>0x10abc</load_address>
         <run_address>0x10abc</run_address>
         <size>0x15e</size>
         <input_file_ref idref="fl-33"/>
      </object_component>
      <object_component id="oc-17a">
         <name>.cinit</name>
         <load_address>0x10c1a</load_address>
         <run_address>0x10c1a</run_address>
         <size>0x140</size>
         <input_file_ref idref="fl-5b"/>
      </object_component>
      <object_component id="oc-7d">
         <name>.cinit</name>
         <load_address>0x10d5a</load_address>
         <run_address>0x10d5a</run_address>
         <size>0x132</size>
         <input_file_ref idref="fl-7"/>
      </object_component>
      <object_component id="oc-1cc">
         <name>.cinit</name>
         <load_address>0x10e8c</load_address>
         <run_address>0x10e8c</run_address>
         <size>0x62</size>
         <input_file_ref idref="fl-70"/>
      </object_component>
      <object_component id="oc-1e8">
         <name>.cinit</name>
         <load_address>0x10eee</load_address>
         <run_address>0x10eee</run_address>
         <size>0x5c</size>
         <input_file_ref idref="fl-76"/>
      </object_component>
      <object_component id="oc-12a">
         <name>.cinit</name>
         <load_address>0x10f4a</load_address>
         <run_address>0x10f4a</run_address>
         <size>0x32</size>
         <input_file_ref idref="fl-49"/>
      </object_component>
      <object_component id="oc-1ab">
         <name>.cinit</name>
         <load_address>0x10f7c</load_address>
         <run_address>0x10f7c</run_address>
         <size>0x2e</size>
         <input_file_ref idref="fl-67"/>
      </object_component>
      <object_component id="oc-f4">
         <name>.cinit</name>
         <load_address>0x10faa</load_address>
         <run_address>0x10faa</run_address>
         <size>0x1e</size>
         <input_file_ref idref="fl-3d"/>
      </object_component>
      <object_component id="oc-a0">
         <name>.cinit</name>
         <load_address>0x10fc8</load_address>
         <run_address>0x10fc8</run_address>
         <size>0x18</size>
         <input_file_ref idref="fl-d"/>
      </object_component>
      <object_component id="oc-183">
         <name>.cinit</name>
         <load_address>0x10fe0</load_address>
         <run_address>0x10fe0</run_address>
         <size>0x16</size>
         <input_file_ref idref="fl-5d"/>
      </object_component>
      <object_component id="oc-1a1">
         <name>.cinit</name>
         <load_address>0x10ff6</load_address>
         <run_address>0x10ff6</run_address>
         <size>0x14</size>
         <input_file_ref idref="fl-64"/>
      </object_component>
      <object_component id="oc-1da">
         <name>.cinit</name>
         <load_address>0x1100a</load_address>
         <run_address>0x1100a</run_address>
         <size>0x14</size>
         <input_file_ref idref="fl-73"/>
      </object_component>
      <object_component id="oc-20a">
         <name>.cinit</name>
         <load_address>0x1101e</load_address>
         <run_address>0x1101e</run_address>
         <size>0x14</size>
         <input_file_ref idref="fl-7d"/>
      </object_component>
      <object_component id="oc-220">
         <name>.cinit</name>
         <load_address>0x11032</load_address>
         <run_address>0x11032</run_address>
         <size>0x14</size>
         <input_file_ref idref="fl-81"/>
      </object_component>
      <object_component id="oc-118">
         <name>.cinit</name>
         <load_address>0x11046</load_address>
         <run_address>0x11046</run_address>
         <size>0x12</size>
         <input_file_ref idref="fl-45"/>
      </object_component>
      <object_component id="oc-c9">
         <name>.cinit</name>
         <load_address>0x11058</load_address>
         <run_address>0x11058</run_address>
         <size>0x12</size>
         <input_file_ref idref="fl-11"/>
      </object_component>
      <object_component id="oc-165">
         <name>.cinit</name>
         <load_address>0x1106a</load_address>
         <run_address>0x1106a</run_address>
         <size>0x10</size>
         <input_file_ref idref="fl-56"/>
      </object_component>
      <object_component id="oc-214">
         <name>.cinit</name>
         <load_address>0x1107a</load_address>
         <run_address>0x1107a</run_address>
         <size>0x10</size>
         <input_file_ref idref="fl-7f"/>
      </object_component>
      <object_component id="oc-10e">
         <name>.cinit</name>
         <load_address>0x1108a</load_address>
         <run_address>0x1108a</run_address>
         <size>0xa</size>
         <input_file_ref idref="fl-43"/>
      </object_component>
      <object_component id="oc-d5">
         <name>.cinit</name>
         <load_address>0x11094</load_address>
         <run_address>0x11094</run_address>
         <size>0xa</size>
         <input_file_ref idref="fl-34"/>
      </object_component>
      <object_component id="oc-21a">
         <name>.cinit</name>
         <load_address>0x1109e</load_address>
         <run_address>0x1109e</run_address>
         <size>0xa</size>
         <input_file_ref idref="fl-80"/>
      </object_component>
      <object_component id="oc-1ea">
         <name>.const</name>
         <load_address>0x110ac</load_address>
         <run_address>0x110ac</run_address>
         <size>0x9e</size>
         <input_file_ref idref="fl-76"/>
      </object_component>
      <object_component id="oc-7e">
         <name>.const:.string</name>
         <load_address>0x1114c</load_address>
         <run_address>0x1114c</run_address>
         <size>0x7c</size>
         <input_file_ref idref="fl-7"/>
      </object_component>
      <object_component id="oc-eb">
         <name>.const</name>
         <load_address>0x111c8</load_address>
         <run_address>0x111c8</run_address>
         <size>0x46</size>
         <input_file_ref idref="fl-3b"/>
      </object_component>
      <object_component id="oc-ef">
         <name>.const</name>
         <load_address>0x11210</load_address>
         <run_address>0x11210</run_address>
         <size>0x44</size>
         <input_file_ref idref="fl-3c"/>
      </object_component>
      <object_component id="oc-1b0">
         <name>.const</name>
         <load_address>0x11254</load_address>
         <run_address>0x11254</run_address>
         <size>0xc</size>
         <input_file_ref idref="fl-68"/>
      </object_component>
      <object_component id="oc-1ad">
         <name>.const</name>
         <load_address>0x11260</load_address>
         <run_address>0x11260</run_address>
         <size>0x8</size>
         <input_file_ref idref="fl-67"/>
      </object_component>
      <object_component id="oc-1cd">
         <name>.const</name>
         <load_address>0x11268</load_address>
         <run_address>0x11268</run_address>
         <size>0x2</size>
         <input_file_ref idref="fl-70"/>
      </object_component>
      <object_component id="oc-aa">
         <name>.printf</name>
         <load_address>0x1126a</load_address>
         <run_address>0x1126a</run_address>
         <size>0x164</size>
         <input_file_ref idref="fl-f"/>
      </object_component>
      <object_component id="oc-b3">
         <name>.hwi_vec</name>
         <load_address>0xff00</load_address>
         <run_address>0xff00</run_address>
         <size>0x100</size>
         <input_file_ref idref="fl-f"/>
      </object_component>
      <object_component id="oc-5f">
         <name>.debug_info</name>
         <load_address>0x0</load_address>
         <run_address>0x0</run_address>
         <size>0x533</size>
         <input_file_ref idref="fl-2"/>
      </object_component>
      <object_component id="oc-64">
         <name>.debug_info</name>
         <load_address>0x533</load_address>
         <run_address>0x533</run_address>
         <size>0xb11</size>
         <input_file_ref idref="fl-3"/>
      </object_component>
      <object_component id="oc-6a">
         <name>.debug_info</name>
         <load_address>0x1044</load_address>
         <run_address>0x1044</run_address>
         <size>0x2045</size>
         <input_file_ref idref="fl-4"/>
      </object_component>
      <object_component id="oc-70">
         <name>.debug_info</name>
         <load_address>0x3089</load_address>
         <run_address>0x3089</run_address>
         <size>0x5ec</size>
         <input_file_ref idref="fl-5"/>
      </object_component>
      <object_component id="oc-76">
         <name>.debug_info</name>
         <load_address>0x3675</load_address>
         <run_address>0x3675</run_address>
         <size>0xc7a</size>
         <input_file_ref idref="fl-6"/>
      </object_component>
      <object_component id="oc-7c">
         <name>.debug_info</name>
         <load_address>0x42ef</load_address>
         <run_address>0x42ef</run_address>
         <size>0x1898</size>
         <input_file_ref idref="fl-7"/>
      </object_component>
      <object_component id="oc-83">
         <name>.debug_info</name>
         <load_address>0x5b87</load_address>
         <run_address>0x5b87</run_address>
         <size>0xc6c</size>
         <input_file_ref idref="fl-8"/>
      </object_component>
      <object_component id="oc-89">
         <name>.debug_info</name>
         <load_address>0x67f3</load_address>
         <run_address>0x67f3</run_address>
         <size>0x14a4</size>
         <input_file_ref idref="fl-9"/>
      </object_component>
      <object_component id="oc-8e">
         <name>.debug_info</name>
         <load_address>0x7c97</load_address>
         <run_address>0x7c97</run_address>
         <size>0xa1e</size>
         <input_file_ref idref="fl-a"/>
      </object_component>
      <object_component id="oc-94">
         <name>.debug_info</name>
         <load_address>0x86b5</load_address>
         <run_address>0x86b5</run_address>
         <size>0x14fb</size>
         <input_file_ref idref="fl-b"/>
      </object_component>
      <object_component id="oc-99">
         <name>.debug_info</name>
         <load_address>0x9bb0</load_address>
         <run_address>0x9bb0</run_address>
         <size>0x102d</size>
         <input_file_ref idref="fl-c"/>
      </object_component>
      <object_component id="oc-9f">
         <name>.debug_info</name>
         <load_address>0xabdd</load_address>
         <run_address>0xabdd</run_address>
         <size>0x13a6</size>
         <input_file_ref idref="fl-d"/>
      </object_component>
      <object_component id="oc-a4">
         <name>.debug_info</name>
         <load_address>0xbf83</load_address>
         <run_address>0xbf83</run_address>
         <size>0x490</size>
         <input_file_ref idref="fl-e"/>
      </object_component>
      <object_component id="oc-c1">
         <name>.debug_info</name>
         <load_address>0xc413</load_address>
         <run_address>0xc413</run_address>
         <size>0x1cc</size>
         <input_file_ref idref="fl-f"/>
      </object_component>
      <object_component id="oc-c4">
         <name>.debug_info</name>
         <load_address>0xc5df</load_address>
         <run_address>0xc5df</run_address>
         <size>0x489</size>
         <input_file_ref idref="fl-10"/>
      </object_component>
      <object_component id="oc-c8">
         <name>.debug_info</name>
         <load_address>0xca68</load_address>
         <run_address>0xca68</run_address>
         <size>0xb0e</size>
         <input_file_ref idref="fl-11"/>
      </object_component>
      <object_component id="oc-ce">
         <name>.debug_info</name>
         <load_address>0xd576</load_address>
         <run_address>0xd576</run_address>
         <size>0x15e</size>
         <input_file_ref idref="fl-32"/>
      </object_component>
      <object_component id="oc-d3">
         <name>.debug_info</name>
         <load_address>0xd6d4</load_address>
         <run_address>0xd6d4</run_address>
         <size>0x80</size>
         <input_file_ref idref="fl-33"/>
      </object_component>
      <object_component id="oc-d7">
         <name>.debug_info</name>
         <load_address>0xd754</load_address>
         <run_address>0xd754</run_address>
         <size>0x194</size>
         <input_file_ref idref="fl-34"/>
      </object_component>
      <object_component id="oc-da">
         <name>.debug_info</name>
         <load_address>0xd8e8</load_address>
         <run_address>0xd8e8</run_address>
         <size>0x34b</size>
         <input_file_ref idref="fl-35"/>
      </object_component>
      <object_component id="oc-dd">
         <name>.debug_info</name>
         <load_address>0xdc33</load_address>
         <run_address>0xdc33</run_address>
         <size>0xf8</size>
         <input_file_ref idref="fl-36"/>
      </object_component>
      <object_component id="oc-e0">
         <name>.debug_info</name>
         <load_address>0xdd2b</load_address>
         <run_address>0xdd2b</run_address>
         <size>0x6e4</size>
         <input_file_ref idref="fl-37"/>
      </object_component>
      <object_component id="oc-e3">
         <name>.debug_info</name>
         <load_address>0xe40f</load_address>
         <run_address>0xe40f</run_address>
         <size>0x7e8</size>
         <input_file_ref idref="fl-38"/>
      </object_component>
      <object_component id="oc-e6">
         <name>.debug_info</name>
         <load_address>0xebf7</load_address>
         <run_address>0xebf7</run_address>
         <size>0x3ec</size>
         <input_file_ref idref="fl-39"/>
      </object_component>
      <object_component id="oc-e9">
         <name>.debug_info</name>
         <load_address>0xefe3</load_address>
         <run_address>0xefe3</run_address>
         <size>0xd4</size>
         <input_file_ref idref="fl-3a"/>
      </object_component>
      <object_component id="oc-ed">
         <name>.debug_info</name>
         <load_address>0xf0b7</load_address>
         <run_address>0xf0b7</run_address>
         <size>0x5ff</size>
         <input_file_ref idref="fl-3b"/>
      </object_component>
      <object_component id="oc-f1">
         <name>.debug_info</name>
         <load_address>0xf6b6</load_address>
         <run_address>0xf6b6</run_address>
         <size>0x5f6</size>
         <input_file_ref idref="fl-3c"/>
      </object_component>
      <object_component id="oc-f6">
         <name>.debug_info</name>
         <load_address>0xfcac</load_address>
         <run_address>0xfcac</run_address>
         <size>0x4c5</size>
         <input_file_ref idref="fl-3d"/>
      </object_component>
      <object_component id="oc-f9">
         <name>.debug_info</name>
         <load_address>0x10171</load_address>
         <run_address>0x10171</run_address>
         <size>0x485</size>
         <input_file_ref idref="fl-3e"/>
      </object_component>
      <object_component id="oc-fd">
         <name>.debug_info</name>
         <load_address>0x105f6</load_address>
         <run_address>0x105f6</run_address>
         <size>0xc3</size>
         <input_file_ref idref="fl-3f"/>
      </object_component>
      <object_component id="oc-102">
         <name>.debug_info</name>
         <load_address>0x106b9</load_address>
         <run_address>0x106b9</run_address>
[...]
         <value>0x7d08</value>
         <object_component_ref idref="oc-179"/>
      </symbol>
      <symbol id="sm-91a">
         <name>_KNL_curtime</name>
         <value>0x7d54</value>
         <object_component_ref idref="oc-179"/>
      </symbol>
      <symbol id="sm-91b">
         <name>_KNL_set</name>
         <value>0x7c66</value>
         <object_component_ref idref="oc-179"/>
      </symbol>
      <symbol id="sm-91c">
         <name>_KNL_alarm</name>
         <value>0x7d0c</value>
         <object_component_ref idref="oc-179"/>
      </symbol>
      <symbol id="sm-91d">
         <name>_KNL_prevtask</name>
         <value>0x7d50</value>
         <object_component_ref idref="oc-179"/>
      </symbol>
      <symbol id="sm-91e">
         <name>_KNL_queues</name>
         <value>0x7c68</value>
         <object_component_ref idref="oc-179"/>
      </symbol>
      <symbol id="sm-91f">
         <name>_KNL_idlefxn</name>
         <value>0x7d74</value>
         <object_component_ref idref="oc-179"/>
      </symbol>
      <symbol id="sm-920">
         <name>_KNL_priority</name>
         <value>0x7d18</value>
         <object_component_ref idref="oc-179"/>
      </symbol>
      <symbol id="sm-921">
         <name>_KNL_treadyfxn</name>
         <value>0x7d70</value>
         <object_component_ref idref="oc-179"/>
      </symbol>
      <symbol id="sm-922">
         <name>_KNL_tcreatefxn</name>
         <value>0x7d68</value>
         <object_component_ref idref="oc-179"/>
      </symbol>
      <symbol id="sm-923">
         <name>_KNL_wFlag</name>
         <value>0x7c64</value>
         <object_component_ref idref="oc-179"/>
      </symbol>
      <symbol id="sm-924">
         <name>_KNL_tdeletefxn</name>
         <value>0x7d6c</value>
         <object_component_ref idref="oc-179"/>
      </symbol>
      <symbol id="sm-92e">
         <name>_KNL_run</name>
         <value>0x618c</value>
         <object_component_ref idref="oc-17e"/>
      </symbol>
      <symbol id="sm-93c">
         <name>_KNL_tick</name>
         <value>0x6448</value>
         <object_component_ref idref="oc-184"/>
      </symbol>
      <symbol id="sm-946">
         <name>_KNL_post</name>
         <value>0x7434</value>
         <object_component_ref idref="oc-188"/>
      </symbol>
      <symbol id="sm-950">
         <name>_KNL_ipost</name>
         <value>0x7100</value>
         <object_component_ref idref="oc-18c"/>
      </symbol>
      <symbol id="sm-95a">
         <name>_LOG_printf</name>
         <value>0x703c</value>
         <object_component_ref idref="oc-190"/>
      </symbol>
      <symbol id="sm-964">
         <name>_MBX_pend</name>
         <value>0x67b0</value>
         <object_component_ref idref="oc-194"/>
      </symbol>
      <symbol id="sm-965">
         <name>_MBX_post</name>
         <value>0x6838</value>
         <object_component_ref idref="oc-194"/>
      </symbol>
      <symbol id="sm-96f">
         <name>_MEM</name>
         <value>0x803c</value>
         <object_component_ref idref="oc-198"/>
      </symbol>
      <symbol id="sm-979">
         <name>_MEM_init</name>
         <value>0xcc00</value>
         <object_component_ref idref="oc-19c"/>
      </symbol>
      <symbol id="sm-987">
         <name>_OBJ_table</name>
         <value>0x7f00</value>
         <object_component_ref idref="oc-1a0"/>
      </symbol>
      <symbol id="sm-988">
         <name>_OBJ_init</name>
         <value>0xcf4c</value>
         <object_component_ref idref="oc-1a2"/>
      </symbol>
      <symbol id="sm-989">
         <name>_OBJ_segtab</name>
         <value>0x7f38</value>
         <object_component_ref idref="oc-1a0"/>
      </symbol>
      <symbol id="sm-993">
         <name>_RTDX_Buffer_Start</name>
         <value>0xd198</value>
         <object_component_ref idref="oc-1a6"/>
      </symbol>
      <symbol id="sm-994">
         <name>_RTDX_Buffer_End</name>
         <value>0xd19c</value>
         <object_component_ref idref="oc-1a6"/>
      </symbol>
      <symbol id="sm-99a">
         <name>_RTDX_Buffer_ReadCB</name>
         <value>0xba22</value>
         <object_component_ref idref="oc-23c"/>
      </symbol>
      <symbol id="sm-99b">
         <name>_RTDX_Buffer_Read</name>
         <value>0xbb0e</value>
         <object_component_ref idref="oc-233"/>
      </symbol>
      <symbol id="sm-9b3">
         <name>_rtdx_buffer_state</name>
         <value>0xd178</value>
         <object_component_ref idref="oc-1ac"/>
      </symbol>
      <symbol id="sm-9b4">
         <name>_RTDX_Buffer_WriteCB</name>
         <value>0xb423</value>
         <object_component_ref idref="oc-23d"/>
      </symbol>
      <symbol id="sm-9b5">
         <name>_rtdxNullChanCnt</name>
         <value>0x8014</value>
         <object_component_ref idref="oc-1aa"/>
      </symbol>
      <symbol id="sm-9b6">
         <name>_RTDX_writing</name>
         <value>0xd184</value>
         <object_component_ref idref="oc-1ac"/>
      </symbol>
      <symbol id="sm-9b7">
         <name>_RTDX_Buffer_Initialize</name>
         <value>0xb9cf</value>
         <object_component_ref idref="oc-235"/>
      </symbol>
      <symbol id="sm-9b8">
         <name>_RTDX_Buffer_Write</name>
         <value>0xbb4e</value>
         <object_component_ref idref="oc-234"/>
      </symbol>
      <symbol id="sm-9b9">
         <name>_rtdxNullFuncCnt</name>
         <value>0x8016</value>
         <object_component_ref idref="oc-1aa"/>
      </symbol>
      <symbol id="sm-9ba">
         <name>_RTDX_Buffer_Size</name>
         <value>0xbaa9</value>
         <object_component_ref idref="oc-240"/>
      </symbol>
      <symbol id="sm-9d4">
         <name>_RTDX_LMM</name>
         <value>0x1</value>
      </symbol>
      <symbol id="sm-9d5">
         <name>_RTDX_Mon_Queue</name>
         <value>0xb8e2</value>
         <object_component_ref idref="oc-243"/>
      </symbol>
      <symbol id="sm-9d6">
         <name>_rtdx_mon_state</name>
         <value>0xd154</value>
         <object_component_ref idref="oc-1af"/>
      </symbol>
      <symbol id="sm-9d7">
         <name>_RTDX_JTAGONLY</name>
         <value>0x3</value>
      </symbol>
      <symbol id="sm-9d8">
         <name>_RTDX_Final_RT_Monitor</name>
         <value>0xba6d</value>
         <object_component_ref idref="oc-23f"/>
      </symbol>
      <symbol id="sm-9d9">
         <name>_RTDX_Poll</name>
         <value>0xb6ae</value>
         <object_component_ref idref="oc-231"/>
      </symbol>
      <symbol id="sm-9da">
         <name>_RTDX_H2TPoll</name>
         <value>0xb96a</value>
         <object_component_ref idref="oc-232"/>
      </symbol>
      <symbol id="sm-9db">
         <name>_RTDX_Init_RT_Monitor</name>
         <value>0xb59f</value>
         <object_component_ref idref="oc-236"/>
      </symbol>
      <symbol id="sm-9e1">
         <name>_RTDX_Set_IER</name>
         <value>0xbb30</value>
         <object_component_ref idref="oc-23b"/>
      </symbol>
      <symbol id="sm-9e2">
         <name>_RTDX_Mask_IER</name>
         <value>0xbae4</value>
         <object_component_ref idref="oc-237"/>
      </symbol>
      <symbol id="sm-a2e">
         <name>_SAR_chanSetup</name>
         <value>0x2043</value>
         <object_component_ref idref="oc-1b2"/>
      </symbol>
      <symbol id="sm-a2f">
         <name>_SAR_stopConversion</name>
         <value>0x22d8</value>
         <object_component_ref idref="oc-1b2"/>
      </symbol>
      <symbol id="sm-a30">
         <name>_SAR_deInit</name>
         <value>0x1e3a</value>
         <object_component_ref idref="oc-1b2"/>
      </symbol>
      <symbol id="sm-a31">
         <name>_SAR_chanOpen</name>
         <value>0x1e75</value>
         <object_component_ref idref="oc-1b2"/>
      </symbol>
      <symbol id="sm-a32">
         <name>_SAR_GPODirSet</name>
         <value>0x27da</value>
         <object_component_ref idref="oc-1b2"/>
      </symbol>
      <symbol id="sm-a33">
         <name>_SAR_init</name>
         <value>0x1ddd</value>
         <object_component_ref idref="oc-1b2"/>
      </symbol>
      <symbol id="sm-a34">
         <name>_SAR_getStatus</name>
         <value>0x28b6</value>
         <object_component_ref idref="oc-1b2"/>
      </symbol>
      <symbol id="sm-a35">
         <name>_SAR_readData</name>
         <value>0x231f</value>
         <object_component_ref idref="oc-1b2"/>
      </symbol>
      <symbol id="sm-a36">
         <name>_SAR_chanConfig</name>
         <value>0x1f5b</value>
         <object_component_ref idref="oc-1b2"/>
      </symbol>
      <symbol id="sm-a37">
         <name>_SAR_A2DMeasParamSet</name>
         <value>0x2360</value>
         <object_component_ref idref="oc-1b2"/>
      </symbol>
      <symbol id="sm-a38">
         <name>_SAR_chanClose</name>
         <value>0x1ed7</value>
         <object_component_ref idref="oc-1b2"/>
      </symbol>
      <symbol id="sm-a39">
         <name>_SAR_chanCycSet</name>
         <value>0x2257</value>
         <object_component_ref idref="oc-1b2"/>
      </symbol>
      <symbol id="sm-a3a">
         <name>_SAR_getConfig</name>
         <value>0x1fd1</value>
         <object_component_ref idref="oc-1b2"/>
      </symbol>
      <symbol id="sm-a3b">
         <name>_SAR_startConversion</name>
         <value>0x22a6</value>
         <object_component_ref idref="oc-1b2"/>
      </symbol>
      <symbol id="sm-a3c">
         <name>_SAR_chanInit</name>
         <value>0x1e5a</value>
         <object_component_ref idref="oc-1b2"/>
      </symbol>
      <symbol id="sm-a46">
         <name>_SEM_pend</name>
         <value>0x7205</value>
         <object_component_ref idref="oc-1b7"/>
      </symbol>
      <symbol id="sm-a50">
         <name>_SEM_pendEnterKnl</name>
         <value>0x5e78</value>
         <object_component_ref idref="oc-1bb"/>
      </symbol>
      <symbol id="sm-a5a">
         <name>_SEM_postBinary</name>
         <value>0x6f4f</value>
         <object_component_ref idref="oc-1bf"/>
      </symbol>
      <symbol id="sm-a5b">
         <name>_SEM_post</name>
         <value>0x6f4f</value>
         <object_component_ref idref="oc-1bf"/>
      </symbol>
      <symbol id="sm-a65">
         <name>_SEM_postEnterKnl</name>
         <value>0x7254</value>
         <object_component_ref idref="oc-1c3"/>
      </symbol>
      <symbol id="sm-a6f">
         <name>_STS_set</name>
         <value>0x758c</value>
         <object_component_ref idref="oc-1c7"/>
      </symbol>
      <symbol id="sm-a7d">
         <name>_TSK_nTasks</name>
         <value>0x7dfc</value>
         <object_component_ref idref="oc-1cb"/>
      </symbol>
      <symbol id="sm-a7e">
         <name>_TSK_config</name>
         <value>0x7e1c</value>
         <object_component_ref idref="oc-1cb"/>
      </symbol>
      <symbol id="sm-a7f">
         <name>_TSK</name>
         <value>0x7e38</value>
         <object_component_ref idref="oc-1cb"/>
      </symbol>
      <symbol id="sm-a80">
         <name>_TSK_timerSem</name>
         <value>0x7e3c</value>
         <object_component_ref idref="oc-1cb"/>
      </symbol>
      <symbol id="sm-a81">
         <name>_TSK_pid</name>
         <value>0x7dfe</value>
         <object_component_ref idref="oc-1cb"/>
      </symbol>
      <symbol id="sm-a82">
         <name>_TSK_ATTRS</name>
         <value>0x7e00</value>
         <object_component_ref idref="oc-1cb"/>
      </symbol>
      <symbol id="sm-a8c">
         <name>_TSK_exit</name>
         <value>0x69c4</value>
         <object_component_ref idref="oc-1d1"/>
      </symbol>
      <symbol id="sm-a96">
         <name>_SYS_exit</name>
         <value>0x72e4</value>
         <object_component_ref idref="oc-1d5"/>
      </symbol>
      <symbol id="sm-aa2">
         <name>_SYS_exitStack</name>
         <value>0x7f48</value>
         <object_component_ref idref="oc-1d9"/>
      </symbol>
      <symbol id="sm-aa3">
         <name>_SYS_exitStackPtr</name>
         <value>0x7f68</value>
         <object_component_ref idref="oc-1d9"/>
      </symbol>
      <symbol id="sm-aa4">
         <name>_SYS_exitStackTop</name>
         <value>0x7f6c</value>
         <object_component_ref idref="oc-1d9"/>
      </symbol>
      <symbol id="sm-aae">
         <name>_TSK_init</name>
         <value>0xcde8</value>
         <object_component_ref idref="oc-1de"/>
      </symbol>
      <symbol id="sm-ab8">
         <name>_TSK_setup</name>
         <value>0x6abc</value>
         <object_component_ref idref="oc-1e2"/>
      </symbol>
      <symbol id="sm-aca">
         <name>__MEM_mutex</name>
         <value>0x7ed8</value>
         <object_component_ref idref="oc-1e7"/>
      </symbol>
      <symbol id="sm-acb">
         <name>_TSK_startup</name>
         <value>0x6c10</value>
         <object_component_ref idref="oc-1e9"/>
      </symbol>
      <symbol id="sm-acc">
         <name>__TSK_mutex</name>
         <value>0x7eb0</value>
         <object_component_ref idref="oc-1e7"/>
      </symbol>
      <symbol id="sm-ad6">
         <name>_LCK_pend</name>
         <value>0x717c</value>
         <object_component_ref idref="oc-1ee"/>
      </symbol>
      <symbol id="sm-ad7">
         <name>_LCK_post</name>
         <value>0x715c</value>
         <object_component_ref idref="oc-1ee"/>
      </symbol>
      <symbol id="sm-ae1">
         <name>_SYS_abort</name>
         <value>0x7560</value>
         <object_component_ref idref="oc-1f2"/>
      </symbol>
      <symbol id="sm-bd0">
         <name>_UART_setup</name>
         <value>0x1ff</value>
         <object_component_ref idref="oc-1f6"/>
      </symbol>
      <symbol id="sm-bd1">
         <name>_UART_eventEnable</name>
         <value>0x945</value>
         <object_component_ref idref="oc-1f6"/>
      </symbol>
      <symbol id="sm-bd2">
         <name>_UART_setCallback</name>
         <value>0x113b</value>
         <object_component_ref idref="oc-1f6"/>
      </symbol>
      <symbol id="sm-bd3">
         <name>_UART_getConfig</name>
         <value>0x107e</value>
         <object_component_ref idref="oc-1f6"/>
      </symbol>
      <symbol id="sm-bd4">
         <name>_UART_eventDisable</name>
         <value>0x9dd</value>
         <object_component_ref idref="oc-1f6"/>
      </symbol>
      <symbol id="sm-bd5">
         <name>_UART_fgetc</name>
         <value>0xd17</value>
         <object_component_ref idref="oc-1f6"/>
      </symbol>
      <symbol id="sm-bd6">
         <name>_UART_write</name>
         <value>0xb95</value>
         <object_component_ref idref="oc-1f6"/>
      </symbol>
      <symbol id="sm-bd7">
         <name>_UART_fgets</name>
         <value>0xe3a</value>
         <object_component_ref idref="oc-1f6"/>
      </symbol>
      <symbol id="sm-bd8">
         <name>_UART_reset</name>
         <value>0x8b5</value>
         <object_component_ref idref="oc-1f6"/>
      </symbol>
      <symbol id="sm-bd9">
         <name>_UART_getEventId</name>
         <value>0x1057</value>
         <object_component_ref idref="oc-1f6"/>
      </symbol>
      <symbol id="sm-bda">
         <name>_UART_resetOff</name>
         <value>0x8fa</value>
         <object_component_ref idref="oc-1f6"/>
      </symbol>
      <symbol id="sm-bdb">
         <name>_UART_read</name>
         <value>0xa6c</value>
         <object_component_ref idref="oc-1f6"/>
      </symbol>
      <symbol id="sm-bdc">
         <name>_UART_init</name>
         <value>0x145</value>
         <object_component_ref idref="oc-1f6"/>
      </symbol>
      <symbol id="sm-bdd">
         <name>_UART_fputc</name>
         <value>0xdb5</value>
         <object_component_ref idref="oc-1f6"/>
      </symbol>
      <symbol id="sm-bde">
         <name>_UART_fputs</name>
         <value>0xf6a</value>
         <object_component_ref idref="oc-1f6"/>
      </symbol>
      <symbol id="sm-bdf">
         <name>_UART_setupBaudRate</name>
         <value>0x7ab</value>
         <object_component_ref idref="oc-1f6"/>
      </symbol>
      <symbol id="sm-be0">
         <name>_UART_config</name>
         <value>0x6a6</value>
         <object_component_ref idref="oc-1f6"/>
      </symbol>
      <symbol id="sm-bea">
         <name>__SEM_dopost</name>
         <value>0x68c0</value>
         <object_component_ref idref="oc-1fb"/>
      </symbol>
      <symbol id="sm-bf5">
         <name>__divul</name>
         <value>0x4e74</value>
         <object_component_ref idref="oc-1ff"/>
      </symbol>
      <symbol id="sm-bfd">
         <name>__mpyli</name>
         <value>0x5370</value>
         <object_component_ref idref="oc-203"/>
      </symbol>
      <symbol id="sm-bfe">
         <name>I$$LMPY</name>
         <value>0x5370</value>
         <object_component_ref idref="oc-203"/>
      </symbol>
      <symbol id="sm-c0c">
         <name>__unlock</name>
         <value>0x802c</value>
         <object_component_ref idref="oc-208"/>
      </symbol>
      <symbol id="sm-c0d">
         <name>__lock</name>
         <value>0x8028</value>
         <object_component_ref idref="oc-208"/>
      </symbol>
      <symbol id="sm-c0e">
         <name>__register_lock</name>
         <value>0x538b</value>
         <object_component_ref idref="oc-207"/>
      </symbol>
      <symbol id="sm-c0f">
         <name>__nop</name>
         <value>0x5393</value>
         <object_component_ref idref="oc-207"/>
      </symbol>
      <symbol id="sm-c10">
         <name>__register_unlock</name>
         <value>0x5383</value>
         <object_component_ref idref="oc-207"/>
      </symbol>
      <symbol id="sm-c1b">
         <name>__remul</name>
         <value>0x509f</value>
         <object_component_ref idref="oc-20d"/>
      </symbol>
      <symbol id="sm-c29">
         <name>_atexit</name>
         <value>0x5111</value>
         <object_component_ref idref="oc-211"/>
      </symbol>
      <symbol id="sm-c2a">
         <name>___atexit_func_id__</name>
         <value>0x7ae0</value>
         <object_component_ref idref="oc-212"/>
      </symbol>
      <symbol id="sm-c38">
         <name>_dtors</name>
         <value>0x8044</value>
         <object_component_ref idref="oc-218"/>
      </symbol>
      <symbol id="sm-c39">
         <name>_call_dtors</name>
         <value>0x502a</value>
         <object_component_ref idref="oc-217"/>
      </symbol>
      <symbol id="sm-c3a">
         <name>___add_dtor</name>
         <value>0x5080</value>
         <object_component_ref idref="oc-217"/>
      </symbol>
      <symbol id="sm-c4a">
         <name>C$$EXIT</name>
         <value>0x5396</value>
         <object_component_ref idref="oc-221"/>
      </symbol>
      <symbol id="sm-c4b">
         <name>_exit</name>
         <value>0x5332</value>
         <object_component_ref idref="oc-21d"/>
      </symbol>
      <symbol id="sm-c4c">
         <name>_abort</name>
         <value>0x5395</value>
         <object_component_ref idref="oc-221"/>
      </symbol>
      <symbol id="sm-c4d">
         <name>__cleanup_ptr</name>
         <value>0x8030</value>
         <object_component_ref idref="oc-21e"/>
      </symbol>
      <symbol id="sm-c4e">
         <name>__dtors_ptr</name>
         <value>0x8034</value>
         <object_component_ref idref="oc-21e"/>
      </symbol>
      <symbol id="sm-c58">
         <name>_auto_init</name>
         <value>0xce6c</value>
         <object_component_ref idref="oc-224"/>
      </symbol>
      <symbol id="sm-c60">
         <name>_memcpy</name>
         <value>0x52f3</value>
         <object_component_ref idref="oc-228"/>
      </symbol>
      <symbol id="sm-c6a">
         <name>iRTA_F_or</name>
         <value>0x73e6</value>
         <object_component_ref idref="oc-22c"/>
      </symbol>
      <symbol id="sm-c6b">
         <name>RTA_F_or</name>
         <value>0x73cf</value>
         <object_component_ref idref="oc-22c"/>
      </symbol>
      <symbol id="sm-c6c">
         <name>RTA_F_andn</name>
         <value>0x73b9</value>
         <object_component_ref idref="oc-22c"/>
      </symbol>
   </symbol_table>
</link_info>
