<?xml version="1.0"?>
<link_info>
   <banner>TMS320C55x Linker PC v4.4.1</banner>
   <copyright>Copyright (c) 1996-2012 Texas Instruments Incorporated</copyright>
   <link_time>0x66350b05</link_time>
   <output_file>Capstone.out</output_file>
   <entry_point>
      <name>_c_int00</name>
      <address>0xd2dd</address>
   </entry_point>
   <input_file_list>
      <input_file id="fl-2">
         <path>.\</path>
         <kind>object</kind>
         <file>Biocfg.obj</file>
         <name>Biocfg.obj</name>
      </input_file>
      <input_file id="fl-3">
         <path>.\</path>
         <kind>object</kind>
         <file>Biocfg_c.obj</file>
         <name>Biocfg_c.obj</name>
      </input_file>
      <input_file id="fl-4">
         <path>.\</path>
         <kind>object</kind>
         <file>Conversion.obj</file>
         <name>Conversion.obj</name>
      </input_file>
      <input_file id="fl-5">
         <path>.\</path>
         <kind>object</kind>
         <file>Effects.obj</file>
         <name>Effects.obj</name>
      </input_file>
      <input_file id="fl-6">
         <path>.\</path>
         <kind>object</kind>
         <file>FIR.obj</file>
         <name>FIR.obj</name>
      </input_file>
      <input_file id="fl-7">
         <path>.\</path>
         <kind>object</kind>
         <file>Inits.obj</file>
         <name>Inits.obj</name>
      </input_file>
      <input_file id="fl-8">
         <path>.\</path>
         <kind>object</kind>
         <file>NCO.obj</file>
         <name>NCO.obj</name>
      </input_file>
      <input_file id="fl-9">
         <path>.\</path>
         <kind>object</kind>
         <file>aic3204.obj</file>
         <name>aic3204.obj</name>
      </input_file>
      <input_file id="fl-a">
         <path>.\</path>
         <kind>object</kind>
         <file>ezdsp5535.obj</file>
         <name>ezdsp5535.obj</name>
      </input_file>
      <input_file id="fl-b">
         <path>.\</path>
         <kind>object</kind>
         <file>ezdsp5535_gpio.obj</file>
         <name>ezdsp5535_gpio.obj</name>
      </input_file>
      <input_file id="fl-c">
         <path>.\</path>
         <kind>object</kind>
         <file>ezdsp5535_i2c.obj</file>
         <name>ezdsp5535_i2c.obj</name>
      </input_file>
      <input_file id="fl-d">
         <path>.\</path>
         <kind>object</kind>
         <file>ezdsp5535_i2s.obj</file>
         <name>ezdsp5535_i2s.obj</name>
      </input_file>
      <input_file id="fl-e">
         <path>.\</path>
         <kind>object</kind>
         <file>ezdsp5535_led.obj</file>
         <name>ezdsp5535_led.obj</name>
      </input_file>
      <input_file id="fl-f">
         <path>.\</path>
         <kind>object</kind>
         <file>ezdsp5535_sar.obj</file>
         <name>ezdsp5535_sar.obj</name>
      </input_file>
      <input_file id="fl-10">
         <path>.\</path>
         <kind>object</kind>
         <file>ezdsp5535_uart.obj</file>
         <name>ezdsp5535_uart.obj</name>
      </input_file>
      <input_file id="fl-11">
         <path>.\</path>
         <kind>object</kind>
         <file>main.obj</file>
         <name>main.obj</name>
      </input_file>
      <input_file id="fl-32">
         <path>C:\ti\bios_5_42_01_09\packages\ti\bios\lib\</path>
         <kind>archive</kind>
         <file>bios.a55L</file>
         <name>fxn.o55L</name>
      </input_file>
      <input_file id="fl-33">
         <path>C:\ti\bios_5_42_01_09\packages\ti\bios\lib\</path>
         <kind>archive</kind>
         <file>bios.a55L</file>
         <name>biosdata.o55L</name>
      </input_file>
      <input_file id="fl-34">
         <path>C:\ti\bios_5_42_01_09\packages\ti\bios\lib\</path>
         <kind>archive</kind>
         <file>bios.a55L</file>
         <name>knl_swit.o55L</name>
      </input_file>
      <input_file id="fl-35">
         <path>C:\ti\bios_5_42_01_09\packages\ti\bios\lib\</path>
         <kind>archive</kind>
         <file>bios.a55L</file>
         <name>swi.o55L</name>
      </input_file>
      <input_file id="fl-36">
         <path>C:\ti\bios_5_42_01_09\packages\ti\bios\lib\</path>
         <kind>archive</kind>
         <file>bios.a55L</file>
         <name>clk_run.o55L</name>
      </input_file>
      <input_file id="fl-37">
         <path>C:\ti\bios_5_42_01_09\packages\ti\bios\lib\</path>
         <kind>archive</kind>
         <file>bios5505.a55L</file>
         <name>clk5505_htime.o55L</name>
      </input_file>
      <input_file id="fl-38">
         <path>C:\ti\bios_5_42_01_09\packages\ti\bios\lib\</path>
         <kind>archive</kind>
         <file>bios5505.a55L</file>
         <name>clk5505_isr.o55L</name>
      </input_file>
      <input_file id="fl-39">
         <path>C:\ti\bios_5_42_01_09\packages\ti\bios\lib\</path>
         <kind>archive</kind>
         <file>bios.a55L</file>
         <name>fxn_c.o55L</name>
      </input_file>
      <input_file id="fl-3a">
         <path>C:\ti\bios_5_42_01_09\packages\ti\bios\lib\</path>
         <kind>archive</kind>
         <file>bios.a55L</file>
         <name>idl_stub.o55L</name>
      </input_file>
      <input_file id="fl-3b">
         <path>C:\ti\bios_5_42_01_09\packages\ti\bios\lib\</path>
         <kind>archive</kind>
         <file>bios.a55L</file>
         <name>utl_doab.o55L</name>
      </input_file>
      <input_file id="fl-3c">
         <path>C:\ti\bios_5_42_01_09\packages\ti\bios\lib\</path>
         <kind>archive</kind>
         <file>bios.a55L</file>
         <name>utl_doer.o55L</name>
      </input_file>
      <input_file id="fl-3d">
         <path>C:\ti\bios_5_42_01_09\packages\ti\bios\lib\</path>
         <kind>archive</kind>
         <file>bios.a55L</file>
         <name>utl_putc.o55L</name>
      </input_file>
      <input_file id="fl-3e">
         <path>C:\ti\bios_5_42_01_09\packages\ti\bios\lib\</path>
         <kind>archive</kind>
         <file>bios.a55L</file>
         <name>utl_halt.o55L</name>
      </input_file>
      <input_file id="fl-3f">
         <path>C:\ti\bios_5_42_01_09\packages\ti\bios\lib\</path>
         <kind>archive</kind>
         <file>bios5505.a55L</file>
         <name>clk_itime.o55L</name>
      </input_file>
      <input_file id="fl-40">
         <path>C:\ti\bios_5_42_01_09\packages\ti\bios\lib\</path>
         <kind>archive</kind>
         <file>bios.a55L</file>
         <name>boot.o55L</name>
      </input_file>
      <input_file id="fl-41">
         <path>C:\ti\bios_5_42_01_09\packages\ti\bios\lib\</path>
         <kind>archive</kind>
         <file>bios.a55L</file>
         <name>trc.o55L</name>
      </input_file>
      <input_file id="fl-42">
         <path>C:\ti\bios_5_42_01_09\packages\ti\bios\lib\</path>
         <kind>archive</kind>
         <file>bios.a55L</file>
         <name>hwi_disp_asm.o55L</name>
      </input_file>
      <input_file id="fl-43">
         <path>C:\ti\bios_5_42_01_09\packages\ti\bios\lib\</path>
         <kind>archive</kind>
         <file>bios.a55L</file>
         <name>idl_busy.o55L</name>
      </input_file>
      <input_file id="fl-44">
         <path>C:\ti\bios_5_42_01_09\packages\ti\bios\lib\</path>
         <kind>archive</kind>
         <file>bios.a55L</file>
         <name>idl.o55L</name>
      </input_file>
      <input_file id="fl-45">
         <path>C:\ti\bios_5_42_01_09\packages\ti\bios\lib\</path>
         <kind>archive</kind>
         <file>lnkrtdx.a55L</file>
         <name>rtdx.o55L</name>
      </input_file>
      <input_file id="fl-46">
         <path>C:\ti\bios_5_42_01_09\packages\ti\bios\lib\</path>
         <kind>archive</kind>
         <file>bios.a55L</file>
         <name>log.o55L</name>
      </input_file>
      <input_file id="fl-47">
         <path>C:\ti\bios_5_42_01_09\packages\ti\bios\lib\</path>
         <kind>archive</kind>
         <file>bios.a55L</file>
         <name>pip.o55L</name>
      </input_file>
      <input_file id="fl-48">
         <path>C:\ti\bios_5_42_01_09\packages\ti\bios\lib\</path>
         <kind>archive</kind>
         <file>bios.a55L</file>
         <name>prd.o55L</name>
      </input_file>
      <input_file id="fl-49">
         <path>C:\ti\bios_5_42_01_09\packages\ti\bios\lib\</path>
         <kind>archive</kind>
         <file>bios.a55L</file>
         <name>rta.o55L</name>
      </input_file>
      <input_file id="fl-4a">
         <path>C:\ti\bios_5_42_01_09\packages\ti\bios\lib\</path>
         <kind>archive</kind>
         <file>bios.a55L</file>
         <name>sts.o55L</name>
      </input_file>
      <input_file id="fl-4b">
         <path>C:\ti\bios_5_42_01_09\packages\ti\bios\lib\</path>
         <kind>archive</kind>
         <file>bios.a55L</file>
         <name>c55_enable.o55L</name>
      </input_file>
      <input_file id="fl-4c">
         <path>C:\ti\bios_5_42_01_09\packages\ti\bios\lib\</path>
         <kind>archive</kind>
         <file>bios.a55L</file>
         <name>c55_c.o55L</name>
      </input_file>
      <input_file id="fl-4d">
         <path>C:\ti\bios_5_42_01_09\packages\ti\bios\lib\</path>
         <kind>archive</kind>
         <file>bios.a55L</file>
         <name>clk_data.o55L</name>
      </input_file>
      <input_file id="fl-4e">
         <path>C:\ti\bios_5_42_01_09\packages\ti\bios\lib\</path>
         <kind>archive</kind>
         <file>bios.a55L</file>
         <name>clk_data2.o55L</name>
      </input_file>
      <input_file id="fl-4f">
         <path>C:\ti\bios_5_42_01_09\packages\ti\bios\lib\</path>
         <kind>archive</kind>
         <file>bios5505.a55L</file>
         <name>clk5505_start.o55L</name>
      </input_file>
      <input_file id="fl-50">
         <path>C:\ti\bios_5_42_01_09\packages\ti\bios\lib\</path>
         <kind>archive</kind>
         <file>bios5505.a55L</file>
         <name>clk5505_data.o55L</name>
      </input_file>
      <input_file id="fl-51">
         <path>C:\ti\bios_5_42_01_09\packages\ti\bios\lib\</path>
         <kind>archive</kind>
         <file>bios5505.a55L</file>
         <name>clk5505_wdog.o55L</name>
      </input_file>
      <input_file id="fl-52">
         <path>C:\ti\bios_5_42_01_09\packages\ti\bios\lib\</path>
         <kind>archive</kind>
         <file>bios.a55L</file>
         <name>gbl_vers.o55L</name>
      </input_file>
      <input_file id="fl-53">
         <kind>archive</kind>
         <file>cslVC5505.lib</file>
         <name>csl_gpio.obj</name>
      </input_file>
      <input_file id="fl-54">
         <path>C:\ti\bios_5_42_01_09\packages\ti\bios\lib\</path>
         <kind>archive</kind>
         <file>bios.a55L</file>
         <name>hwi_xable.o55L</name>
      </input_file>
      <input_file id="fl-55">
         <kind>archive</kind>
         <file>cslVC5505.lib</file>
         <name>csl_i2c.obj</name>
      </input_file>
      <input_file id="fl-56">
         <kind>archive</kind>
         <file>cslVC5505.lib</file>
         <name>csl_i2s.obj</name>
      </input_file>
      <input_file id="fl-57">
         <path>C:\ti\bios_5_42_01_09\packages\ti\bios\lib\</path>
         <kind>archive</kind>
         <file>bios.a55L</file>
         <name>idl_cal.o55L</name>
      </input_file>
      <input_file id="fl-58">
         <path>C:\ti\bios_5_42_01_09\packages\ti\bios\lib\</path>
         <kind>archive</kind>
         <file>bios5505.a55L</file>
         <name>clk5505_meas.o55L</name>
      </input_file>
      <input_file id="fl-59">
         <path>C:\ti\bios_5_42_01_09\packages\ti\bios\lib\</path>
         <kind>archive</kind>
         <file>bios.a55L</file>
         <name>knl_exit.o55L</name>
      </input_file>
      <input_file id="fl-5a">
         <path>C:\ti\bios_5_42_01_09\packages\ti\bios\lib\</path>
         <kind>archive</kind>
         <file>bios.a55L</file>
         <name>knl_chec.o55L</name>
      </input_file>
      <input_file id="fl-5b">
         <path>C:\ti\bios_5_42_01_09\packages\ti\bios\lib\</path>
         <kind>archive</kind>
         <file>bios.a55L</file>
         <name>knl.o55L</name>
      </input_file>
      <input_file id="fl-5c">
         <path>C:\ti\bios_5_42_01_09\packages\ti\bios\lib\</path>
         <kind>archive</kind>
         <file>bios.a55L</file>
         <name>knl_run.o55L</name>
      </input_file>
      <input_file id="fl-5d">
         <path>C:\ti\bios_5_42_01_09\packages\ti\bios\lib\</path>
         <kind>archive</kind>
         <file>bios.a55L</file>
         <name>knl_tick.o55L</name>
      </input_file>
      <input_file id="fl-5e">
         <path>C:\ti\bios_5_42_01_09\packages\ti\bios\lib\</path>
         <kind>archive</kind>
         <file>bios.a55L</file>
         <name>knl_post.o55L</name>
      </input_file>
      <input_file id="fl-5f">
         <path>C:\ti\bios_5_42_01_09\packages\ti\bios\lib\</path>
         <kind>archive</kind>
         <file>bios.a55L</file>
         <name>knl_ipos.o55L</name>
      </input_file>
      <input_file id="fl-60">
         <path>C:\ti\bios_5_42_01_09\packages\ti\bios\lib\</path>
         <kind>archive</kind>
         <file>bios.a55L</file>
         <name>log_printf.o55L</name>
      </input_file>
      <input_file id="fl-61">
         <path>C:\ti\bios_5_42_01_09\packages\ti\bios\lib\</path>
         <kind>archive</kind>
         <file>bios.a55L</file>
         <name>mbx.o55L</name>
      </input_file>
      <input_file id="fl-62">
         <path>C:\ti\bios_5_42_01_09\packages\ti\bios\lib\</path>
         <kind>archive</kind>
         <file>bios.a55L</file>
         <name>mem_asm.o55L</name>
      </input_file>
      <input_file id="fl-63">
         <path>C:\ti\bios_5_42_01_09\packages\ti\bios\lib\</path>
         <kind>archive</kind>
         <file>bios.a55L</file>
         <name>mem_init.o55L</name>
      </input_file>
      <input_file id="fl-64">
         <path>C:\ti\bios_5_42_01_09\packages\ti\bios\lib\</path>
         <kind>archive</kind>
         <file>bios.a55L</file>
         <name>obj_init.o55L</name>
      </input_file>
      <input_file id="fl-65">
         <path>C:\ti\bios_5_42_01_09\packages\ti\bios\lib\</path>
         <kind>archive</kind>
         <file>bios.a55L</file>
         <name>rtdx_data.o55L</name>
      </input_file>
      <input_file id="fl-66">
         <path>C:\ti\bios_5_42_01_09\packages\ti\rtdx\lib\c5500\</path>
         <kind>archive</kind>
         <file>rtdxx.lib</file>
         <name>buffer2.o55L</name>
      </input_file>
      <input_file id="fl-67">
         <path>C:\ti\bios_5_42_01_09\packages\ti\rtdx\lib\c5500\</path>
         <kind>archive</kind>
         <file>rtdxx.lib</file>
         <name>buffer1.o55L</name>
      </input_file>
      <input_file id="fl-68">
         <path>C:\ti\bios_5_42_01_09\packages\ti\rtdx\lib\c5500\</path>
         <kind>archive</kind>
         <file>rtdxx.lib</file>
         <name>rtdx_mon.o55L</name>
      </input_file>
      <input_file id="fl-69">
         <path>C:\ti\bios_5_42_01_09\packages\ti\rtdx\lib\c5500\</path>
         <kind>archive</kind>
         <file>rtdxx.lib</file>
         <name>intr_tgt.o55L</name>
      </input_file>
      <input_file id="fl-6a">
         <kind>archive</kind>
         <file>cslVC5505.lib</file>
         <name>csl_sar.obj</name>
      </input_file>
      <input_file id="fl-6b">
         <path>C:\ti\bios_5_42_01_09\packages\ti\bios\lib\</path>
         <kind>archive</kind>
         <file>bios.a55L</file>
         <name>sem_pend_counting.o55L</name>
      </input_file>
      <input_file id="fl-6c">
         <path>C:\ti\bios_5_42_01_09\packages\ti\bios\lib\</path>
         <kind>archive</kind>
         <file>bios.a55L</file>
         <name>sem_pend.o55L</name>
      </input_file>
      <input_file id="fl-6d">
         <path>C:\ti\bios_5_42_01_09\packages\ti\bios\lib\</path>
         <kind>archive</kind>
         <file>bios.a55L</file>
         <name>sem_post_asm.o55L</name>
      </input_file>
      <input_file id="fl-6e">
         <path>C:\ti\bios_5_42_01_09\packages\ti\bios\lib\</path>
         <kind>archive</kind>
         <file>bios.a55L</file>
         <name>sem_post.o55L</name>
      </input_file>
      <input_file id="fl-6f">
         <path>C:\ti\bios_5_42_01_09\packages\ti\bios\lib\</path>
         <kind>archive</kind>
         <file>bios.a55L</file>
         <name>sts_set.o55L</name>
      </input_file>
      <input_file id="fl-70">
         <path>C:\ti\bios_5_42_01_09\packages\ti\bios\lib\</path>
         <kind>archive</kind>
         <file>bios.a55L</file>
         <name>tsk.o55L</name>
      </input_file>
      <input_file id="fl-71">
         <path>C:\ti\bios_5_42_01_09\packages\ti\bios\lib\</path>
         <kind>archive</kind>
         <file>bios.a55L</file>
         <name>tsk_exit.o55L</name>
      </input_file>
      <input_file id="fl-72">
         <path>C:\ti\bios_5_42_01_09\packages\ti\bios\lib\</path>
         <kind>archive</kind>
         <file>bios.a55L</file>
         <name>sys_exit.o55L</name>
      </input_file>
      <input_file id="fl-73">
         <path>C:\ti\bios_5_42_01_09\packages\ti\bios\lib\</path>
         <kind>archive</kind>
         <file>bios.a55L</file>
         <name>sys.o55L</name>
      </input_file>
      <input_file id="fl-74">
         <path>C:\ti\bios_5_42_01_09\packages\ti\bios\lib\</path>
         <kind>archive</kind>
         <file>bios.a55L</file>
         <name>tsk_init.o55L</name>
      </input_file>
      <input_file id="fl-75">
         <path>C:\ti\bios_5_42_01_09\packages\ti\bios\lib\</path>
         <kind>archive</kind>
         <file>bios.a55L</file>
         <name>tsk_setu.o55L</name>
      </input_file>
      <input_file id="fl-76">
         <path>C:\ti\bios_5_42_01_09\packages\ti\bios\lib\</path>
         <kind>archive</kind>
         <file>bios.a55L</file>
         <name>tsk_stup.o55L</name>
      </input_file>
      <input_file id="fl-77">
         <path>C:\ti\bios_5_42_01_09\packages\ti\bios\lib\</path>
         <kind>archive</kind>
         <file>bios.a55L</file>
         <name>lck.o55L</name>
      </input_file>
      <input_file id="fl-78">
         <path>C:\ti\bios_5_42_01_09\packages\ti\bios\lib\</path>
         <kind>archive</kind>
         <file>bios.a55L</file>
         <name>sys_abor.o55L</name>
      </input_file>
      <input_file id="fl-79">
         <kind>archive</kind>
         <file>cslVC5505.lib</file>
         <name>csl_uart.obj</name>
      </input_file>
      <input_file id="fl-7a">
         <path>C:\ti\bios_5_42_01_09\packages\ti\bios\lib\</path>
         <kind>archive</kind>
         <file>bios.a55L</file>
         <name>sem_dopo.o55L</name>
      </input_file>
      <input_file id="fl-7b">
         <path>C:\ti\ccsv6\tools\compiler\c5500_4.4.1\lib\</path>
         <kind>archive</kind>
         <file>rts55x.lib</file>
         <name>divul.obj</name>
      </input_file>
      <input_file id="fl-7c">
         <path>C:\ti\ccsv6\tools\compiler\c5500_4.4.1\lib\</path>
         <kind>archive</kind>
         <file>rts55x.lib</file>
         <name>lmpy.obj</name>
      </input_file>
      <input_file id="fl-7d">
         <path>C:\ti\ccsv6\tools\compiler\c5500_4.4.1\lib\</path>
         <kind>archive</kind>
         <file>rts55x.lib</file>
         <name>_lock.obj</name>
      </input_file>
      <input_file id="fl-7e">
         <path>C:\ti\ccsv6\tools\compiler\c5500_4.4.1\lib\</path>
         <kind>archive</kind>
         <file>rts55x.lib</file>
         <name>remul.obj</name>
      </input_file>
      <input_file id="fl-7f">
         <path>C:\ti\ccsv6\tools\compiler\c5500_4.4.1\lib\</path>
         <kind>archive</kind>
         <file>rts55x.lib</file>
         <name>atexit.obj</name>
      </input_file>
      <input_file id="fl-80">
         <path>C:\ti\ccsv6\tools\compiler\c5500_4.4.1\lib\</path>
         <kind>archive</kind>
         <file>rts55x.lib</file>
         <name>sinit.obj</name>
      </input_file>
      <input_file id="fl-81">
         <path>C:\ti\ccsv6\tools\compiler\c5500_4.4.1\lib\</path>
         <kind>archive</kind>
         <file>rts55x.lib</file>
         <name>exit.obj</name>
      </input_file>
      <input_file id="fl-82">
         <path>C:\ti\bios_5_42_01_09\packages\ti\bios\lib\</path>
         <kind>archive</kind>
         <file>bios.a55L</file>
         <name>autoinit.o55L</name>
      </input_file>
      <input_file id="fl-83">
         <path>C:\ti\ccsv6\tools\compiler\c5500_4.4.1\lib\</path>
         <kind>archive</kind>
         <file>rts55x.lib</file>
         <name>memcpy.obj</name>
      </input_file>
      <input_file id="fl-84">
         <path>C:\ti\bios_5_42_01_09\packages\ti\bios\lib\</path>
         <kind>archive</kind>
         <file>bios.a55L</file>
         <name>rta_andn.o55L</name>
      </input_file>
   </input_file_list>
   <object_component_list>
      <object_component id="oc-77">
         <name>.vers</name>
         <load_address>0x0</load_address>
         <run_address>0x0</run_address>
         <size>0x70</size>
         <input_file_ref idref="fl-2"/>
      </object_component>
      <object_component id="oc-64">
         <name>.clk</name>
         <uninitialized>true</uninitialized>
         <run_address>0xdd6c</run_address>
         <size>0x8</size>
         <input_file_ref idref="fl-2"/>
      </object_component>
      <object_component id="oc-6a">
         <name>.swi</name>
         <uninitialized>true</uninitialized>
         <run_address>0xdcf8</run_address>
         <size>0x28</size>
         <input_file_ref idref="fl-2"/>
      </object_component>
      <object_component id="oc-6d">
         <name>.tsk</name>
         <uninitialized>true</uninitialized>
         <run_address>0xd8ac</run_address>
         <size>0x108</size>
         <input_file_ref idref="fl-2"/>
      </object_component>
      <object_component id="oc-71">
         <name>.idl</name>
         <uninitialized>true</uninitialized>
         <run_address>0xdd30</run_address>
         <size>0x10</size>
         <input_file_ref idref="fl-2"/>
      </object_component>
      <object_component id="oc-70">
         <name>.idlcal</name>
         <uninitialized>true</uninitialized>
         <run_address>0xdd40</run_address>
         <size>0x10</size>
         <input_file_ref idref="fl-2"/>
      </object_component>
      <object_component id="oc-53">
         <name>.bss</name>
         <uninitialized>true</uninitialized>
         <run_address>0x80a8</run_address>
         <size>0x28</size>
         <input_file_ref idref="fl-2"/>
      </object_component>
      <object_component id="oc-83">
         <name>.bss</name>
         <uninitialized>true</uninitialized>
         <run_address>0x768c</run_address>
         <size>0x3b0</size>
         <input_file_ref idref="fl-5"/>
      </object_component>
      <object_component id="oc-90">
         <name>.bss</name>
         <uninitialized>true</uninitialized>
         <run_address>0x7ed8</run_address>
         <size>0x82</size>
         <input_file_ref idref="fl-7"/>
      </object_component>
      <object_component id="oc-96">
         <name>.bss</name>
         <uninitialized>true</uninitialized>
         <run_address>0x7a3c</run_address>
         <size>0x204</size>
         <input_file_ref idref="fl-8"/>
      </object_component>
      <object_component id="oc-a7">
         <name>.bss</name>
         <uninitialized>true</uninitialized>
         <run_address>0x8180</run_address>
         <size>0x8</size>
         <input_file_ref idref="fl-b"/>
      </object_component>
      <object_component id="oc-b2">
         <name>.bss</name>
         <uninitialized>true</uninitialized>
         <run_address>0x81a0</run_address>
         <size>0x4</size>
         <input_file_ref idref="fl-d"/>
      </object_component>
      <object_component id="oc-bd">
         <name>.bss</name>
         <uninitialized>true</uninitialized>
         <run_address>0x8144</run_address>
         <size>0x10</size>
         <input_file_ref idref="fl-f"/>
      </object_component>
      <object_component id="oc-c6">
         <name>.bss</name>
         <uninitialized>true</uninitialized>
         <run_address>0x8160</run_address>
         <size>0xc</size>
         <input_file_ref idref="fl-11"/>
      </object_component>
      <object_component id="oc-f2">
         <name>.bss</name>
         <uninitialized>true</uninitialized>
         <run_address>0x8154</run_address>
         <size>0xc</size>
         <input_file_ref idref="fl-3d"/>
      </object_component>
      <object_component id="oc-13a">
         <name>.bss</name>
         <uninitialized>true</uninitialized>
         <run_address>0x8178</run_address>
         <size>0x8</size>
         <input_file_ref idref="fl-4d"/>
      </object_component>
      <object_component id="oc-13e">
         <name>.bss</name>
         <uninitialized>true</uninitialized>
         <run_address>0x8198</run_address>
         <size>0x4</size>
         <input_file_ref idref="fl-4e"/>
      </object_component>
      <object_component id="oc-146">
         <name>.bss</name>
         <uninitialized>true</uninitialized>
         <run_address>0x811c</run_address>
         <size>0x18</size>
         <input_file_ref idref="fl-50"/>
      </object_component>
      <object_component id="oc-15c">
         <name>.bss</name>
         <uninitialized>true</uninitialized>
         <run_address>0x80f8</run_address>
         <size>0x24</size>
         <input_file_ref idref="fl-55"/>
      </object_component>
      <object_component id="oc-162">
         <name>.bss</name>
         <uninitialized>true</uninitialized>
         <run_address>0x7fbc</run_address>
         <size>0x54</size>
         <input_file_ref idref="fl-56"/>
      </object_component>
      <object_component id="oc-178">
         <name>.bss</name>
         <uninitialized>true</uninitialized>
         <run_address>0x7dc4</run_address>
         <size>0x114</size>
         <input_file_ref idref="fl-5b"/>
      </object_component>
      <object_component id="oc-181">
         <name>.bss</name>
         <uninitialized>true</uninitialized>
         <run_address>0x8134</run_address>
         <size>0x10</size>
         <input_file_ref idref="fl-5d"/>
      </object_component>
      <object_component id="oc-197">
         <name>.bss</name>
         <uninitialized>true</uninitialized>
         <run_address>0x819c</run_address>
         <size>0x4</size>
         <input_file_ref idref="fl-62"/>
      </object_component>
      <object_component id="oc-19f">
         <name>.bss</name>
         <uninitialized>true</uninitialized>
         <run_address>0x8060</run_address>
         <size>0x46</size>
         <input_file_ref idref="fl-64"/>
      </object_component>
      <object_component id="oc-1a9">
         <name>.bss</name>
         <uninitialized>true</uninitialized>
         <run_address>0x816c</run_address>
         <size>0xc</size>
         <input_file_ref idref="fl-67"/>
      </object_component>
      <object_component id="oc-1ca">
         <name>.bss</name>
         <uninitialized>true</uninitialized>
         <run_address>0x7f5c</run_address>
         <size>0x60</size>
         <input_file_ref idref="fl-70"/>
      </object_component>
      <object_component id="oc-1d8">
         <name>.bss</name>
         <uninitialized>true</uninitialized>
         <run_address>0x80d0</run_address>
         <size>0x28</size>
         <input_file_ref idref="fl-73"/>
      </object_component>
      <object_component id="oc-1e6">
         <name>.bss</name>
         <uninitialized>true</uninitialized>
         <run_address>0x8010</run_address>
         <size>0x50</size>
         <input_file_ref idref="fl-76"/>
      </object_component>
      <object_component id="oc-207">
         <name>.bss</name>
         <uninitialized>true</uninitialized>
         <run_address>0x8188</run_address>
         <size>0x8</size>
         <input_file_ref idref="fl-7d"/>
      </object_component>
      <object_component id="oc-211">
         <name>.bss</name>
         <uninitialized>true</uninitialized>
         <run_address>0x7c40</run_address>
         <size>0x184</size>
         <input_file_ref idref="fl-7f"/>
      </object_component>
      <object_component id="oc-217">
         <name>.bss</name>
         <uninitialized>true</uninitialized>
         <run_address>0x81a4</run_address>
         <size>0x4</size>
         <input_file_ref idref="fl-80"/>
      </object_component>
      <object_component id="oc-21d">
         <name>.bss</name>
         <uninitialized>true</uninitialized>
         <run_address>0x8190</run_address>
         <size>0x8</size>
         <input_file_ref idref="fl-81"/>
      </object_component>
      <object_component id="oc-107">
         <name>.hwi_disp_sec</name>
         <uninitialized>true</uninitialized>
         <run_address>0xd4ec</run_address>
         <size>0x180</size>
         <input_file_ref idref="fl-42"/>
      </object_component>
      <object_component id="oc-cf">
         <name>.sysdata</name>
         <uninitialized>true</uninitialized>
         <run_address>0xd350</run_address>
         <size>0x160</size>
         <input_file_ref idref="fl-33"/>
      </object_component>
      <object_component id="oc-10c">
         <name>.sysdata</name>
         <uninitialized>true</uninitialized>
         <run_address>0xd4e8</run_address>
         <size>0x4</size>
         <input_file_ref idref="fl-43"/>
      </object_component>
      <object_component id="oc-116">
         <name>.sysdata</name>
         <uninitialized>true</uninitialized>
         <run_address>0xd4dc</run_address>
         <size>0xc</size>
         <input_file_ref idref="fl-45"/>
      </object_component>
      <object_component id="oc-128">
         <name>.sysdata</name>
         <uninitialized>true</uninitialized>
         <run_address>0xd4b0</run_address>
         <size>0x2c</size>
         <input_file_ref idref="fl-49"/>
      </object_component>
      <object_component id="oc-5f">
         <name>.mem</name>
         <uninitialized>true</uninitialized>
         <run_address>0x5486</run_address>
         <size>0x2</size>
         <input_file_ref idref="fl-2"/>
      </object_component>
      <object_component id="oc-55">
         <name>.bios</name>
         <load_address>0x5488</load_address>
         <run_address>0x5488</run_address>
         <size>0x3d4</size>
         <input_file_ref idref="fl-35"/>
      </object_component>
      <object_component id="oc-118">
         <name>.bios</name>
         <load_address>0x585c</load_address>
         <run_address>0x585c</run_address>
         <size>0x3a3</size>
         <input_file_ref idref="fl-45"/>
      </object_component>
      <object_component id="oc-108">
         <name>.bios</name>
         <load_address>0x5bff</load_address>
         <run_address>0x5bff</run_address>
         <size>0x35f</size>
         <input_file_ref idref="fl-42"/>
      </object_component>
      <object_component id="oc-1ba">
         <name>.bios</name>
         <load_address>0x5f60</load_address>
         <run_address>0x5f60</run_address>
         <size>0x18b</size>
         <input_file_ref idref="fl-6c"/>
      </object_component>
      <object_component id="oc-124">
         <name>.bios</name>
         <load_address>0x60eb</load_address>
         <run_address>0x60eb</run_address>
         <size>0x186</size>
         <input_file_ref idref="fl-48"/>
      </object_component>
      <object_component id="oc-17d">
         <name>.bios</name>
         <load_address>0x6274</load_address>
         <run_address>0x6274</run_address>
         <size>0x185</size>
         <input_file_ref idref="fl-5c"/>
      </object_component>
      <object_component id="oc-183">
         <name>.bios</name>
         <load_address>0x63fc</load_address>
         <run_address>0x63fc</run_address>
         <size>0x144</size>
         <input_file_ref idref="fl-5d"/>
      </object_component>
      <object_component id="oc-12a">
         <name>.bios</name>
         <load_address>0x6540</load_address>
         <run_address>0x6540</run_address>
         <size>0x130</size>
         <input_file_ref idref="fl-49"/>
      </object_component>
      <object_component id="oc-120">
         <name>.bios</name>
         <load_address>0x6670</load_address>
         <run_address>0x6670</run_address>
         <size>0x119</size>
         <input_file_ref idref="fl-47"/>
      </object_component>
      <object_component id="oc-50">
         <name>.bios</name>
         <load_address>0x6789</load_address>
         <run_address>0x6789</run_address>
         <size>0x10e</size>
         <input_file_ref idref="fl-34"/>
      </object_component>
      <object_component id="oc-193">
         <name>.bios</name>
         <load_address>0x6898</load_address>
         <run_address>0x6898</run_address>
         <size>0x10d</size>
         <input_file_ref idref="fl-61"/>
      </object_component>
      <object_component id="oc-1fa">
         <name>.bios</name>
         <load_address>0x69a8</load_address>
         <run_address>0x69a8</run_address>
         <size>0x104</size>
         <input_file_ref idref="fl-7a"/>
      </object_component>
      <object_component id="oc-1d0">
         <name>.bios</name>
         <load_address>0x6aac</load_address>
         <run_address>0x6aac</run_address>
         <size>0xf8</size>
         <input_file_ref idref="fl-71"/>
      </object_component>
      <object_component id="oc-1e1">
         <name>.bios</name>
         <load_address>0x6ba4</load_address>
         <run_address>0x6ba4</run_address>
         <size>0xf6</size>
         <input_file_ref idref="fl-75"/>
      </object_component>
      <object_component id="oc-1e8">
         <name>.bios</name>
         <load_address>0x6c9c</load_address>
         <run_address>0x6c9c</run_address>
         <size>0xbf</size>
         <input_file_ref idref="fl-76"/>
      </object_component>
      <object_component id="oc-136">
         <name>.bios</name>
         <load_address>0x6d5b</load_address>
         <run_address>0x6d5b</run_address>
         <size>0xa2</size>
         <input_file_ref idref="fl-4c"/>
      </object_component>
      <object_component id="oc-142">
         <name>.bios</name>
         <load_address>0x6e00</load_address>
         <run_address>0x6e00</run_address>
         <size>0x90</size>
         <input_file_ref idref="fl-4f"/>
      </object_component>
      <object_component id="oc-174">
         <name>.bios</name>
         <load_address>0x6e90</load_address>
         <run_address>0x6e90</run_address>
         <size>0x8d</size>
         <input_file_ref idref="fl-5a"/>
      </object_component>
      <object_component id="oc-56">
         <name>.bios</name>
         <load_address>0x6f20</load_address>
         <run_address>0x6f20</run_address>
         <size>0x8d</size>
         <input_file_ref idref="fl-38"/>
      </object_component>
      <object_component id="oc-58">
         <name>.bios</name>
         <load_address>0x6fb0</load_address>
         <run_address>0x6fb0</run_address>
         <size>0x87</size>
         <input_file_ref idref="fl-37"/>
      </object_component>
      <object_component id="oc-1be">
         <name>.bios</name>
         <load_address>0x7037</load_address>
         <run_address>0x7037</run_address>
         <size>0x82</size>
         <input_file_ref idref="fl-6d"/>
      </object_component>
      <object_component id="oc-16c">
         <name>.bios</name>
         <load_address>0x70bc</load_address>
         <run_address>0x70bc</run_address>
         <size>0x68</size>
         <input_file_ref idref="fl-58"/>
      </object_component>
      <object_component id="oc-18f">
         <name>.bios</name>
         <load_address>0x7124</load_address>
         <run_address>0x7124</run_address>
         <size>0x62</size>
         <input_file_ref idref="fl-60"/>
      </object_component>
      <object_component id="oc-170">
         <name>.bios</name>
         <load_address>0x7188</load_address>
         <run_address>0x7188</run_address>
         <size>0x5f</size>
         <input_file_ref idref="fl-59"/>
      </object_component>
      <object_component id="oc-18b">
         <name>.bios</name>
         <load_address>0x71e8</load_address>
         <run_address>0x71e8</run_address>
         <size>0x5b</size>
         <input_file_ref idref="fl-5f"/>
      </object_component>
      <object_component id="oc-1ed">
         <name>.bios</name>
         <load_address>0x7244</load_address>
         <run_address>0x7244</run_address>
         <size>0x58</size>
         <input_file_ref idref="fl-77"/>
      </object_component>
      <object_component id="oc-11c">
         <name>.bios</name>
         <load_address>0x729c</load_address>
         <run_address>0x729c</run_address>
         <size>0x51</size>
         <input_file_ref idref="fl-46"/>
      </object_component>
      <object_component id="oc-1b6">
         <name>.bios</name>
         <load_address>0x72ed</load_address>
         <run_address>0x72ed</run_address>
         <size>0x4e</size>
         <input_file_ref idref="fl-6b"/>
      </object_component>
      <object_component id="oc-1c2">
         <name>.bios</name>
         <load_address>0x733c</load_address>
         <run_address>0x733c</run_address>
         <size>0x48</size>
         <input_file_ref idref="fl-6e"/>
      </object_component>
      <object_component id="oc-12e">
         <name>.bios</name>
         <load_address>0x7384</load_address>
         <run_address>0x7384</run_address>
         <size>0x48</size>
         <input_file_ref idref="fl-4a"/>
      </object_component>
      <object_component id="oc-1d4">
         <name>.bios</name>
         <load_address>0x73cc</load_address>
         <run_address>0x73cc</run_address>
         <size>0x48</size>
         <input_file_ref idref="fl-72"/>
      </object_component>
      <object_component id="oc-10e">
         <name>.bios</name>
         <load_address>0x7414</load_address>
         <run_address>0x7414</run_address>
         <size>0x47</size>
         <input_file_ref idref="fl-43"/>
      </object_component>
      <object_component id="oc-168">
         <name>.bios</name>
         <load_address>0x745b</load_address>
         <run_address>0x745b</run_address>
         <size>0x46</size>
         <input_file_ref idref="fl-57"/>
      </object_component>
      <object_component id="oc-22b">
         <name>.bios</name>
         <load_address>0x74a1</load_address>
         <run_address>0x74a1</run_address>
         <size>0x43</size>
         <input_file_ref idref="fl-84"/>
      </object_component>
      <object_component id="oc-59">
         <name>.bios</name>
         <load_address>0x74e4</load_address>
         <run_address>0x74e4</run_address>
         <size>0x36</size>
         <input_file_ref idref="fl-3d"/>
      </object_component>
      <object_component id="oc-187">
         <name>.bios</name>
         <load_address>0x751c</load_address>
         <run_address>0x751c</run_address>
         <size>0x34</size>
         <input_file_ref idref="fl-5e"/>
      </object_component>
      <object_component id="oc-fa">
         <name>.bios</name>
         <load_address>0x7550</load_address>
         <run_address>0x7550</run_address>
         <size>0x34</size>
         <input_file_ref idref="fl-3f"/>
      </object_component>
      <object_component id="oc-52">
         <name>.bios</name>
         <load_address>0x7584</load_address>
         <run_address>0x7584</run_address>
         <size>0x25</size>
         <input_file_ref idref="fl-32"/>
      </object_component>
      <object_component id="oc-5d">
         <name>.bios</name>
         <load_address>0x75a9</load_address>
         <run_address>0x75a9</run_address>
         <size>0x24</size>
         <input_file_ref idref="fl-3a"/>
      </object_component>
      <object_component id="oc-51">
         <name>.bios</name>
         <load_address>0x75d0</load_address>
         <run_address>0x75d0</run_address>
         <size>0x23</size>
         <input_file_ref idref="fl-3b"/>
      </object_component>
      <object_component id="oc-5b">
         <name>.bios</name>
         <load_address>0x75f4</load_address>
         <run_address>0x75f4</run_address>
         <size>0x20</size>
         <input_file_ref idref="fl-3c"/>
      </object_component>
      <object_component id="oc-157">
         <name>.bios</name>
         <load_address>0x7614</load_address>
         <run_address>0x7614</run_address>
         <size>0x1a</size>
         <input_file_ref idref="fl-54"/>
      </object_component>
      <object_component id="oc-57">
         <name>.bios</name>
         <load_address>0x762e</load_address>
         <run_address>0x762e</run_address>
         <size>0x17</size>
         <input_file_ref idref="fl-36"/>
      </object_component>
      <object_component id="oc-1f1">
         <name>.bios</name>
         <load_address>0x7648</load_address>
         <run_address>0x7648</run_address>
         <size>0x17</size>
         <input_file_ref idref="fl-78"/>
      </object_component>
      <object_component id="oc-112">
         <name>.bios</name>
         <load_address>0x765f</load_address>
         <run_address>0x765f</run_address>
         <size>0xc</size>
         <input_file_ref idref="fl-44"/>
      </object_component>
      <object_component id="oc-5a">
         <name>.bios</name>
         <load_address>0x766c</load_address>
         <run_address>0x766c</run_address>
         <size>0x8</size>
         <input_file_ref idref="fl-3e"/>
      </object_component>
      <object_component id="oc-1c6">
         <name>.bios</name>
         <load_address>0x7674</load_address>
         <run_address>0x7674</run_address>
         <size>0x7</size>
         <input_file_ref idref="fl-6f"/>
      </object_component>
      <object_component id="oc-14e">
         <name>.bios</name>
         <load_address>0x767b</load_address>
         <run_address>0x767b</run_address>
         <size>0x6</size>
         <input_file_ref idref="fl-52"/>
      </object_component>
      <object_component id="oc-5c">
         <name>.bios</name>
         <load_address>0x7684</load_address>
         <run_address>0x7684</run_address>
         <size>0x2</size>
         <input_file_ref idref="fl-39"/>
      </object_component>
      <object_component id="oc-14a">
         <name>.bios</name>
         <load_address>0x7688</load_address>
         <run_address>0x7688</run_address>
         <size>0x2</size>
         <input_file_ref idref="fl-51"/>
      </object_component>
      <object_component id="oc-1f5">
         <name>.text</name>
         <load_address>0xc0</load_address>
         <run_address>0xc0</run_address>
         <size>0x10e1</size>
         <input_file_ref idref="fl-79"/>
      </object_component>
      <object_component id="oc-15b">
         <name>.text</name>
         <load_address>0x11a1</load_address>
         <run_address>0x11a1</run_address>
         <size>0xc3c</size>
         <input_file_ref idref="fl-55"/>
      </object_component>
      <object_component id="oc-1b1">
         <name>.text</name>
         <load_address>0x1ddd</load_address>
         <run_address>0x1ddd</run_address>
         <size>0xb18</size>
         <input_file_ref idref="fl-6a"/>
      </object_component>
      <object_component id="oc-161">
         <name>.text</name>
         <load_address>0x28f5</load_address>
         <run_address>0x28f5</run_address>
         <size>0x9f3</size>
         <input_file_ref idref="fl-56"/>
      </object_component>
      <object_component id="oc-152">
         <name>.text</name>
         <load_address>0x32e8</load_address>
         <run_address>0x32e8</run_address>
         <size>0x68d</size>
         <input_file_ref idref="fl-53"/>
      </object_component>
      <object_component id="oc-7d">
         <name>.text</name>
         <load_address>0x3975</load_address>
         <run_address>0x3975</run_address>
         <size>0x5a0</size>
         <input_file_ref idref="fl-4"/>
      </object_component>
      <object_component id="oc-82">
         <name>.text</name>
         <load_address>0x3f15</load_address>
         <run_address>0x3f15</run_address>
         <size>0x58e</size>
         <input_file_ref idref="fl-5"/>
      </object_component>
      <object_component id="oc-8f">
         <name>.text</name>
         <load_address>0x44a3</load_address>
         <run_address>0x44a3</run_address>
         <size>0x252</size>
         <input_file_ref idref="fl-7"/>
      </object_component>
      <object_component id="oc-9c">
         <name>.text</name>
         <load_address>0x46f5</load_address>
         <run_address>0x46f5</run_address>
         <size>0x22e</size>
         <input_file_ref idref="fl-9"/>
      </object_component>
      <object_component id="oc-b7">
         <name>.text</name>
         <load_address>0x4923</load_address>
         <run_address>0x4923</run_address>
         <size>0x1e7</size>
         <input_file_ref idref="fl-e"/>
      </object_component>
      <object_component id="oc-bc">
         <name>.text</name>
         <load_address>0x4b0a</load_address>
         <run_address>0x4b0a</run_address>
         <size>0x150</size>
         <input_file_ref idref="fl-f"/>
      </object_component>
      <object_component id="oc-8a">
         <name>.text</name>
         <load_address>0x4c5a</load_address>
         <run_address>0x4c5a</run_address>
         <size>0x119</size>
         <input_file_ref idref="fl-6"/>
      </object_component>
      <object_component id="oc-b1">
         <name>.text</name>
         <load_address>0x4d73</load_address>
         <run_address>0x4d73</run_address>
         <size>0x107</size>
         <input_file_ref idref="fl-d"/>
      </object_component>
      <object_component id="oc-c5">
         <name>.text</name>
         <load_address>0x4e7a</load_address>
         <run_address>0x4e7a</run_address>
         <size>0xdf</size>
         <input_file_ref idref="fl-11"/>
      </object_component>
      <object_component id="oc-1fe">
         <name>.text</name>
         <load_address>0x4f59</load_address>
         <run_address>0x4f59</run_address>
         <size>0xa1</size>
         <input_file_ref idref="fl-7b"/>
      </object_component>
      <object_component id="oc-ac">
         <name>.text</name>
         <load_address>0x4ffa</load_address>
         <run_address>0x4ffa</run_address>
         <size>0x8e</size>
         <input_file_ref idref="fl-c"/>
      </object_component>
      <object_component id="oc-a6">
         <name>.text</name>
         <load_address>0x5088</load_address>
         <run_address>0x5088</run_address>
         <size>0x87</size>
         <input_file_ref idref="fl-b"/>
      </object_component>
      <object_component id="oc-216">
         <name>.text</name>
         <load_address>0x510f</load_address>
         <run_address>0x510f</run_address>
         <size>0x75</size>
         <input_file_ref idref="fl-80"/>
      </object_component>
      <object_component id="oc-20c">
         <name>.text</name>
         <load_address>0x5184</load_address>
         <run_address>0x5184</run_address>
         <size>0x72</size>
         <input_file_ref idref="fl-7e"/>
      </object_component>
      <object_component id="oc-210">
         <name>.text</name>
         <load_address>0x51f6</load_address>
         <run_address>0x51f6</run_address>
         <size>0x6f</size>
         <input_file_ref idref="fl-7f"/>
      </object_component>
      <object_component id="oc-132">
         <name>.text</name>
         <load_address>0x5268</load_address>
         <run_address>0x5268</run_address>
         <size>0x67</size>
         <input_file_ref idref="fl-4b"/>
      </object_component>
      <object_component id="oc-1e5">
         <name>.text</name>
         <load_address>0x52d0</load_address>
         <run_address>0x52d0</run_address>
         <size>0x5c</size>
         <input_file_ref idref="fl-76"/>
      </object_component>
      <object_component id="oc-95">
         <name>.text</name>
         <load_address>0x532c</load_address>
         <run_address>0x532c</run_address>
         <size>0x5b</size>
         <input_file_ref idref="fl-8"/>
      </object_component>
      <object_component id="oc-a1">
         <name>.text</name>
         <load_address>0x5387</load_address>
         <run_address>0x5387</run_address>
         <size>0x54</size>
         <input_file_ref idref="fl-a"/>
      </object_component>
      <object_component id="oc-227">
         <name>.text</name>
         <load_address>0x53db</load_address>
         <run_address>0x53db</run_address>
         <size>0x3f</size>
         <input_file_ref idref="fl-83"/>
      </object_component>
      <object_component id="oc-21c">
         <name>.text</name>
         <load_address>0x541a</load_address>
         <run_address>0x541a</run_address>
         <size>0x3e</size>
         <input_file_ref idref="fl-81"/>
      </object_component>
      <object_component id="oc-202">
         <name>.text</name>
         <load_address>0x5458</load_address>
         <run_address>0x5458</run_address>
         <size>0x13</size>
         <input_file_ref idref="fl-7c"/>
      </object_component>
      <object_component id="oc-206">
         <name>.text</name>
         <load_address>0x546b</load_address>
         <run_address>0x546b</run_address>
         <size>0x12</size>
         <input_file_ref idref="fl-7d"/>
      </object_component>
      <object_component id="oc-220">
         <name>.text:CIO_breakpoint</name>
         <load_address>0x547d</load_address>
         <run_address>0x547d</run_address>
         <size>0x7</size>
         <input_file_ref idref="fl-81"/>
      </object_component>
      <object_component id="oc-19b">
         <name>.sysinit</name>
         <load_address>0xd000</load_address>
         <run_address>0xd000</run_address>
         <size>0x111</size>
         <input_file_ref idref="fl-63"/>
      </object_component>
      <object_component id="oc-76">
         <name>.sysinit</name>
         <load_address>0xd111</load_address>
         <run_address>0xd111</run_address>
         <size>0xd5</size>
         <input_file_ref idref="fl-2"/>
      </object_component>
      <object_component id="oc-1dd">
         <name>.sysinit</name>
         <load_address>0xd1e8</load_address>
         <run_address>0xd1e8</run_address>
         <size>0x84</size>
         <input_file_ref idref="fl-74"/>
      </object_component>
      <object_component id="oc-223">
         <name>.sysinit</name>
         <load_address>0xd26c</load_address>
         <run_address>0xd26c</run_address>
         <size>0x71</size>
         <input_file_ref idref="fl-82"/>
      </object_component>
      <object_component id="oc-54">
         <name>.sysinit</name>
         <load_address>0xd2dd</load_address>
         <run_address>0xd2dd</run_address>
         <size>0x6f</size>
         <input_file_ref idref="fl-40"/>
      </object_component>
      <object_component id="oc-1a1">
         <name>.sysinit</name>
         <load_address>0xd34c</load_address>
         <run_address>0xd34c</run_address>
         <size>0x2</size>
         <input_file_ref idref="fl-64"/>
      </object_component>
      <object_component id="oc-103">
         <name>.trcdata</name>
         <load_address>0xdd74</load_address>
         <run_address>0xdd74</run_address>
         <size>0x6</size>
         <input_file_ref idref="fl-41"/>
      </object_component>
      <object_component id="oc-241">
         <name>.rtdx_text:_RTDX_write_next</name>
         <load_address>0xb3a8</load_address>
         <run_address>0xb3a8</run_address>
         <size>0x1db</size>
         <input_file_ref idref="fl-67"/>
      </object_component>
      <object_component id="oc-23c">
         <name>.rtdx_text:_RTDX_Buffer_WriteCB</name>
         <load_address>0xb583</load_address>
         <run_address>0xb583</run_address>
         <size>0x17c</size>
         <input_file_ref idref="fl-67"/>
      </object_component>
      <object_component id="oc-235">
         <name>.rtdx_text:_RTDX_Init_RT_Monitor</name>
         <load_address>0xb6ff</load_address>
         <run_address>0xb6ff</run_address>
         <size>0x10f</size>
         <input_file_ref idref="fl-68"/>
      </object_component>
      <object_component id="oc-230">
         <name>.rtdx_text:_RTDX_Poll</name>
         <load_address>0xb80e</load_address>
         <run_address>0xb80e</run_address>
         <size>0xec</size>
         <input_file_ref idref="fl-68"/>
      </object_component>
      <object_component id="oc-240">
         <name>.rtdx_text:_claim</name>
         <load_address>0xb8fa</load_address>
         <run_address>0xb8fa</run_address>
         <size>0xb5</size>
         <input_file_ref idref="fl-67"/>
      </object_component>
      <object_component id="oc-239">
         <name>.rtdx_text:_StartXFer</name>
         <load_address>0xb9af</load_address>
         <run_address>0xb9af</run_address>
         <size>0x93</size>
         <input_file_ref idref="fl-68"/>
      </object_component>
      <object_component id="oc-242">
         <name>.rtdx_text:_RTDX_Mon_Queue</name>
         <load_address>0xba42</load_address>
         <run_address>0xba42</run_address>
         <size>0x88</size>
         <input_file_ref idref="fl-68"/>
      </object_component>
      <object_component id="oc-231">
         <name>.rtdx_text:_RTDX_H2TPoll</name>
         <load_address>0xbaca</load_address>
         <run_address>0xbaca</run_address>
         <size>0x65</size>
         <input_file_ref idref="fl-68"/>
      </object_component>
      <object_component id="oc-234">
         <name>.rtdx_text:_RTDX_Buffer_Initialize</name>
         <load_address>0xbb2f</load_address>
         <run_address>0xbb2f</run_address>
         <size>0x53</size>
         <input_file_ref idref="fl-67"/>
      </object_component>
      <object_component id="oc-23b">
         <name>.rtdx_text:_RTDX_Buffer_ReadCB</name>
         <load_address>0xbb82</load_address>
         <run_address>0xbb82</run_address>
         <size>0x4b</size>
         <input_file_ref idref="fl-66"/>
      </object_component>
      <object_component id="oc-23e">
         <name>.rtdx_text:_RTDX_Final_RT_Monitor</name>
         <load_address>0xbbcd</load_address>
         <run_address>0xbbcd</run_address>
         <size>0x3c</size>
         <input_file_ref idref="fl-68"/>
      </object_component>
      <object_component id="oc-23f">
         <name>.rtdx_text:_RTDX_Buffer_Size</name>
         <load_address>0xbc09</load_address>
         <run_address>0xbc09</run_address>
         <size>0x3b</size>
         <input_file_ref idref="fl-67"/>
      </object_component>
      <object_component id="oc-236">
         <name>.rtdx_text:_RTDX_Mask_IER</name>
         <load_address>0xbc44</load_address>
         <run_address>0xbc44</run_address>
         <size>0x2a</size>
         <input_file_ref idref="fl-69"/>
      </object_component>
      <object_component id="oc-232">
         <name>.rtdx_text:_RTDX_Buffer_Read</name>
         <load_address>0xbc6e</load_address>
         <run_address>0xbc6e</run_address>
         <size>0x22</size>
         <input_file_ref idref="fl-66"/>
      </object_component>
      <object_component id="oc-23a">
         <name>.rtdx_text:_RTDX_Set_IER</name>
         <load_address>0xbc90</load_address>
         <run_address>0xbc90</run_address>
         <size>0x1e</size>
         <input_file_ref idref="fl-69"/>
      </object_component>
      <object_component id="oc-233">
         <name>.rtdx_text:_RTDX_Buffer_Write</name>
         <load_address>0xbcae</load_address>
         <run_address>0xbcae</run_address>
         <size>0x1c</size>
         <input_file_ref idref="fl-67"/>
      </object_component>
      <object_component id="oc-237">
         <name>.rtdx_text:_Allow_EmuAccess</name>
         <load_address>0xbcca</load_address>
         <run_address>0xbcca</run_address>
         <size>0x17</size>
         <input_file_ref idref="fl-68"/>
      </object_component>
      <object_component id="oc-238">
         <name>.rtdx_text:_Disallow_EmuAccess</name>
         <load_address>0xbce1</load_address>
         <run_address>0xbce1</run_address>
         <size>0x4</size>
         <input_file_ref idref="fl-68"/>
      </object_component>
      <object_component id="oc-23d">
         <name>.rtdx_text:_Wait</name>
         <load_address>0xbce5</load_address>
         <run_address>0xbce5</run_address>
         <size>0x4</size>
         <input_file_ref idref="fl-68"/>
      </object_component>
      <object_component id="oc-75">
         <name>.mbx</name>
         <uninitialized>true</uninitialized>
         <run_address>0xd66c</run_address>
         <size>0x138</size>
         <input_file_ref idref="fl-2"/>
      </object_component>
      <object_component id="oc-63">
         <name>.sys</name>
         <uninitialized>true</uninitialized>
         <run_address>0xdd50</run_address>
         <size>0x10</size>
         <input_file_ref idref="fl-2"/>
      </object_component>
      <object_component id="oc-1ad">
         <name>.pinit</name>
         <load_address>0xdd60</load_address>
         <run_address>0xdd60</run_address>
         <size>0x4</size>
         <input_file_ref idref="fl-67"/>
      </object_component>
      <object_component id="oc-1b0">
         <name>.pinit</name>
         <load_address>0xdd64</load_address>
         <run_address>0xdd64</run_address>
         <size>0x4</size>
         <input_file_ref idref="fl-68"/>
      </object_component>
      <object_component id="oc-5e">
         <name>.gblinit</name>
         <load_address>0xdc1c</load_address>
         <run_address>0xdc1c</run_address>
         <size>0x62</size>
         <input_file_ref idref="fl-2"/>
      </object_component>
      <object_component id="oc-61">
         <name>.rtdx_data</name>
         <uninitialized>true</uninitialized>
         <run_address>0xbcec</run_address>
         <size>0x204</size>
         <input_file_ref idref="fl-2"/>
      </object_component>
      <object_component id="oc-1a5">
         <name>.rtdx_data</name>
         <uninitialized>true</uninitialized>
         <run_address>0xbf34</run_address>
         <size>0x8</size>
         <input_file_ref idref="fl-65"/>
      </object_component>
      <object_component id="oc-1ab">
         <name>.rtdx_data</name>
         <uninitialized>true</uninitialized>
         <run_address>0xbf14</run_address>
         <size>0x20</size>
         <input_file_ref idref="fl-67"/>
      </object_component>
      <object_component id="oc-1ae">
         <name>.rtdx_data</name>
         <uninitialized>true</uninitialized>
         <run_address>0xbef0</run_address>
         <size>0x24</size>
         <input_file_ref idref="fl-68"/>
      </object_component>
      <object_component id="oc-6e">
         <name>.TSK_idle$stk</name>
         <uninitialized>true</uninitialized>
         <run_address>0xa9a8</run_address>
         <size>0xa00</size>
         <input_file_ref idref="fl-2"/>
      </object_component>
      <object_component id="oc-6f">
         <name>.TSK_audProc$stk</name>
         <uninitialized>true</uninitialized>
         <run_address>0x9fa8</run_address>
         <size>0xa00</size>
         <input_file_ref idref="fl-2"/>
      </object_component>
      <object_component id="oc-6c">
         <name>.TSKUserInterface$stk</name>
         <uninitialized>true</uninitialized>
         <run_address>0x95a8</run_address>
         <size>0xa00</size>
         <input_file_ref idref="fl-2"/>
      </object_component>
      <object_component id="oc-72">
         <name>.LOG_system$buf</name>
         <uninitialized>true</uninitialized>
         <run_address>0xc800</run_address>
         <size>0x400</size>
         <input_file_ref idref="fl-2"/>
      </object_component>
      <object_component id="oc-74">
         <name>.trace$buf</name>
         <uninitialized>true</uninitialized>
         <run_address>0xc000</run_address>
         <size>0x800</size>
         <input_file_ref idref="fl-2"/>
      </object_component>
      <object_component id="oc-65">
         <name>.hst1</name>
         <uninitialized>true</uninitialized>
         <run_address>0xdd20</run_address>
         <size>0x10</size>
         <input_file_ref idref="fl-2"/>
      </object_component>
      <object_component id="oc-68">
         <name>.hst0</name>
         <uninitialized>true</uninitialized>
         <run_address>0xbf3c</run_address>
         <size>0x80</size>
         <input_file_ref idref="fl-2"/>
      </object_component>
      <object_component id="oc-ff">
         <name>.args</name>
         <load_address>0xbff0</load_address>
         <run_address>0xbff0</run_address>
         <size>0x0</size>
         <input_file_ref idref="fl-40"/>
      </object_component>
      <object_component id="oc-31">
         <name>MBXinSamples$queElems</name>
         <uninitialized>true</uninitialized>
         <run_address>0xd9b4</run_address>
         <size>0x0</size>
      </object_component>
      <object_component id="oc-34">
         <name>MBXpostProcess$queElems</name>
         <uninitialized>true</uninitialized>
         <run_address>0xda84</run_address>
         <size>0x0</size>
      </object_component>
      <object_component id="oc-37">
         <name>MBXdownsampled$queElems</name>
         <uninitialized>true</uninitialized>
         <run_address>0xd7a4</run_address>
         <size>0x0</size>
      </object_component>
      <object_component id="oc-3a">
         <name>_SYS_PUTCBEG</name>
         <load_address>0xcc00</load_address>
         <run_address>0xcc00</run_address>
         <size>0x0</size>
      </object_component>
      <object_component id="oc-3c">
         <name>_SYS_PUTCEND</name>
         <load_address>0xd000</load_address>
         <run_address>0xd000</run_address>
         <size>0x0</size>
      </object_component>
      <object_component id="oc-66">
         <name>.hst</name>
         <uninitialized>true</uninitialized>
         <run_address>0xbfbc</run_address>
         <size>0x34</size>
         <input_file_ref idref="fl-2"/>
      </object_component>
      <object_component id="oc-73">
         <name>.log</name>
         <uninitialized>true</uninitialized>
         <run_address>0xdcd0</run_address>
         <size>0x28</size>
         <input_file_ref idref="fl-2"/>
      </object_component>
      <object_component id="oc-67">
         <name>.pip</name>
         <uninitialized>true</uninitialized>
         <run_address>0xdb54</run_address>
         <size>0xc8</size>
         <input_file_ref idref="fl-2"/>
      </object_component>
      <object_component id="oc-6b">
         <name>.sts</name>
         <uninitialized>true</uninitialized>
         <run_address>0xdc80</run_address>
         <size>0x50</size>
         <input_file_ref idref="fl-2"/>
      </object_component>
      <object_component id="oc-43">
         <name>GBL_sysstackbeg</name>
         <uninitialized>true</uninitialized>
         <run_address>0x81a8</run_address>
         <size>0x0</size>
      </object_component>
      <object_component id="oc-22f">
         <name>.sysstack</name>
         <uninitialized>true</uninitialized>
         <run_address>0x81a8</run_address>
         <size>0x0</size>
         <input_file_ref idref="fl-40"/>
      </object_component>
      <object_component id="oc-284">
         <name>.sysstack</name>
         <uninitialized>true</uninitialized>
         <run_address>0x81a8</run_address>
         <size>0x0</size>
      </object_component>
      <object_component id="oc-46">
         <name>GBL_stackbeg</name>
         <uninitialized>true</uninitialized>
         <run_address>0x83a8</run_address>
         <size>0x0</size>
      </object_component>
      <object_component id="oc-fe">
         <name>.stack</name>
         <uninitialized>true</uninitialized>
         <run_address>0x83a8</run_address>
         <size>0x0</size>
         <input_file_ref idref="fl-40"/>
      </object_component>
      <object_component id="oc-283">
         <name>.stack</name>
         <uninitialized>true</uninitialized>
         <run_address>0x83a8</run_address>
         <size>0x0</size>
      </object_component>
      <object_component id="oc-60">
         <name>.cinit</name>
         <load_address>0x10000</load_address>
         <run_address>0x10000</run_address>
         <size>0x83e</size>
         <input_file_ref idref="fl-2"/>
      </object_component>
      <object_component id="oc-98">
         <name>.cinit</name>
         <load_address>0x1083e</load_address>
         <run_address>0x1083e</run_address>
         <size>0x206</size>
         <input_file_ref idref="fl-8"/>
      </object_component>
      <object_component id="oc-85">
         <name>.cinit</name>
         <load_address>0x10a44</load_address>
         <run_address>0x10a44</run_address>
         <size>0x1b0</size>
         <input_file_ref idref="fl-5"/>
      </object_component>
      <object_component id="oc-d0">
         <name>.cinit</name>
         <load_address>0x10bf4</load_address>
         <run_address>0x10bf4</run_address>
         <size>0x15e</size>
         <input_file_ref idref="fl-33"/>
      </object_component>
      <object_component id="oc-179">
         <name>.cinit</name>
         <load_address>0x10d52</load_address>
         <run_address>0x10d52</run_address>
         <size>0x140</size>
         <input_file_ref idref="fl-5b"/>
      </object_component>
      <object_component id="oc-1cb">
         <name>.cinit</name>
         <load_address>0x10e92</load_address>
         <run_address>0x10e92</run_address>
         <size>0x62</size>
         <input_file_ref idref="fl-70"/>
      </object_component>
      <object_component id="oc-1e7">
         <name>.cinit</name>
         <load_address>0x10ef4</load_address>
         <run_address>0x10ef4</run_address>
         <size>0x5c</size>
         <input_file_ref idref="fl-76"/>
      </object_component>
      <object_component id="oc-129">
         <name>.cinit</name>
         <load_address>0x10f50</load_address>
         <run_address>0x10f50</run_address>
         <size>0x32</size>
         <input_file_ref idref="fl-49"/>
      </object_component>
      <object_component id="oc-1aa">
         <name>.cinit</name>
         <load_address>0x10f82</load_address>
         <run_address>0x10f82</run_address>
         <size>0x2e</size>
         <input_file_ref idref="fl-67"/>
      </object_component>
      <object_component id="oc-f3">
         <name>.cinit</name>
         <load_address>0x10fb0</load_address>
         <run_address>0x10fb0</run_address>
         <size>0x1e</size>
         <input_file_ref idref="fl-3d"/>
      </object_component>
      <object_component id="oc-bf">
         <name>.cinit</name>
         <load_address>0x10fce</load_address>
         <run_address>0x10fce</run_address>
         <size>0x18</size>
         <input_file_ref idref="fl-f"/>
      </object_component>
      <object_component id="oc-182">
         <name>.cinit</name>
         <load_address>0x10fe6</load_address>
         <run_address>0x10fe6</run_address>
         <size>0x16</size>
         <input_file_ref idref="fl-5d"/>
      </object_component>
      <object_component id="oc-1a0">
         <name>.cinit</name>
         <load_address>0x10ffc</load_address>
         <run_address>0x10ffc</run_address>
         <size>0x14</size>
         <input_file_ref idref="fl-64"/>
      </object_component>
      <object_component id="oc-1d9">
         <name>.cinit</name>
         <load_address>0x11010</load_address>
         <run_address>0x11010</run_address>
         <size>0x14</size>
         <input_file_ref idref="fl-73"/>
      </object_component>
      <object_component id="oc-209">
         <name>.cinit</name>
         <load_address>0x11024</load_address>
         <run_address>0x11024</run_address>
         <size>0x14</size>
         <input_file_ref idref="fl-7d"/>
      </object_component>
      <object_component id="oc-21f">
         <name>.cinit</name>
         <load_address>0x11038</load_address>
         <run_address>0x11038</run_address>
         <size>0x14</size>
         <input_file_ref idref="fl-81"/>
      </object_component>
      <object_component id="oc-117">
         <name>.cinit</name>
         <load_address>0x1104c</load_address>
         <run_address>0x1104c</run_address>
         <size>0x12</size>
         <input_file_ref idref="fl-45"/>
      </object_component>
      <object_component id="oc-c8">
         <name>.cinit</name>
         <load_address>0x1105e</load_address>
         <run_address>0x1105e</run_address>
         <size>0x12</size>
         <input_file_ref idref="fl-11"/>
      </object_component>
      <object_component id="oc-164">
         <name>.cinit</name>
         <load_address>0x11070</load_address>
         <run_address>0x11070</run_address>
         <size>0x10</size>
         <input_file_ref idref="fl-56"/>
      </object_component>
      <object_component id="oc-213">
         <name>.cinit</name>
         <load_address>0x11080</load_address>
         <run_address>0x11080</run_address>
         <size>0x10</size>
         <input_file_ref idref="fl-7f"/>
      </object_component>
      <object_component id="oc-10d">
         <name>.cinit</name>
         <load_address>0x11090</load_address>
         <run_address>0x11090</run_address>
         <size>0xa</size>
         <input_file_ref idref="fl-43"/>
      </object_component>
      <object_component id="oc-d4">
         <name>.cinit</name>
         <load_address>0x1109a</load_address>
         <run_address>0x1109a</run_address>
         <size>0xa</size>
         <input_file_ref idref="fl-34"/>
      </object_component>
      <object_component id="oc-219">
         <name>.cinit</name>
         <load_address>0x110a4</load_address>
         <run_address>0x110a4</run_address>
         <size>0xa</size>
         <input_file_ref idref="fl-80"/>
      </object_component>
      <object_component id="oc-1e9">
         <name>.const</name>
         <load_address>0x110b0</load_address>
         <run_address>0x110b0</run_address>
         <size>0x9e</size>
         <input_file_ref idref="fl-76"/>
      </object_component>
      <object_component id="oc-86">
         <name>.const:.string</name>
         <load_address>0x11150</load_address>
         <run_address>0x11150</run_address>
         <size>0x7c</size>
         <input_file_ref idref="fl-5"/>
      </object_component>
      <object_component id="oc-ea">
         <name>.const</name>
         <load_address>0x111cc</load_address>
         <run_address>0x111cc</run_address>
         <size>0x46</size>
         <input_file_ref idref="fl-3b"/>
      </object_component>
      <object_component id="oc-ee">
         <name>.const</name>
         <load_address>0x11214</load_address>
         <run_address>0x11214</run_address>
         <size>0x44</size>
         <input_file_ref idref="fl-3c"/>
      </object_component>
      <object_component id="oc-1af">
         <name>.const</name>
         <load_address>0x11258</load_address>
         <run_address>0x11258</run_address>
         <size>0xc</size>
         <input_file_ref idref="fl-68"/>
      </object_component>
      <object_component id="oc-1ac">
         <name>.const</name>
         <load_address>0x11264</load_address>
         <run_address>0x11264</run_address>
         <size>0x8</size>
         <input_file_ref idref="fl-67"/>
      </object_component>
      <object_component id="oc-1cc">
         <name>.const</name>
         <load_address>0x1126c</load_address>
         <run_address>0x1126c</run_address>
         <size>0x2</size>
         <input_file_ref idref="fl-70"/>
      </object_component>
      <object_component id="oc-62">
         <name>.printf</name>
         <load_address>0x1126e</load_address>
         <run_address>0x1126e</run_address>
         <size>0xf6</size>
         <input_file_ref idref="fl-2"/>
      </object_component>
      <object_component id="oc-69">
         <name>.hwi_vec</name>
         <load_address>0xff00</load_address>
         <run_address>0xff00</run_address>
         <size>0x100</size>
         <input_file_ref idref="fl-2"/>
      </object_component>
      <object_component id="oc-78">
         <name>.debug_info</name>
         <load_address>0x0</load_address>
         <run_address>0x0</run_address>
         <size>0x1c2</size>
         <input_file_ref idref="fl-2"/>
      </object_component>
      <object_component id="oc-7b">
         <name>.debug_info</name>
         <load_address>0x1c2</load_address>
         <run_address>0x1c2</run_address>
         <size>0x483</size>
         <input_file_ref idref="fl-3"/>
      </object_component>
      <object_component id="oc-7e">
         <name>.debug_info</name>
         <load_address>0x645</load_address>
         <run_address>0x645</run_address>
         <size>0x52f</size>
         <input_file_ref idref="fl-4"/>
      </object_component>
      <object_component id="oc-84">
         <name>.debug_info</name>
         <load_address>0xb74</load_address>
         <run_address>0xb74</run_address>
         <size>0x1879</size>
         <input_file_ref idref="fl-5"/>
      </object_component>
      <object_component id="oc-8b">
         <name>.debug_info</name>
         <load_address>0x23ed</load_address>
         <run_address>0x23ed</run_address>
         <size>0xb0d</size>
         <input_file_ref idref="fl-6"/>
      </object_component>
      <object_component id="oc-91">
         <name>.debug_info</name>
         <load_address>0x2efa</load_address>
         <run_address>0x2efa</run_address>
         <size>0x2041</size>
         <input_file_ref idref="fl-7"/>
      </object_component>
      <object_component id="oc-97">
         <name>.debug_info</name>
         <load_address>0x4f3b</load_address>
         <run_address>0x4f3b</run_address>
         <size>0x5e8</size>
         <input_file_ref idref="fl-8"/>
      </object_component>
      <object_component id="oc-9d">
         <name>.debug_info</name>
         <load_address>0x5523</load_address>
         <run_address>0x5523</run_address>
         <size>0xc76</size>
         <input_file_ref idref="fl-9"/>
      </object_component>
      <object_component id="oc-a2">
         <name>.debug_info</name>
         <load_address>0x6199</load_address>
         <run_address>0x6199</run_address>
         <size>0xc68</size>
         <input_file_ref idref="fl-a"/>
      </object_component>
      <object_component id="oc-a8">
         <name>.debug_info</name>
         <load_address>0x6e01</load_address>
         <run_address>0x6e01</run_address>
         <size>0x14a0</size>
         <input_file_ref idref="fl-b"/>
      </object_component>
      <object_component id="oc-ad">
         <name>.debug_info</name>
         <load_address>0x82a1</load_address>
         <run_address>0x82a1</run_address>
         <size>0xa1a</size>
         <input_file_ref idref="fl-c"/>
      </object_component>
      <object_component id="oc-b3">
         <name>.debug_info</name>
         <load_address>0x8cbb</load_address>
         <run_address>0x8cbb</run_address>
         <size>0x14f7</size>
         <input_file_ref idref="fl-d"/>
      </object_component>
      <object_component id="oc-b8">
         <name>.debug_info</name>
         <load_address>0xa1b2</load_address>
         <run_address>0xa1b2</run_address>
         <size>0x1029</size>
         <input_file_ref idref="fl-e"/>
      </object_component>
      <object_component id="oc-be">
         <name>.debug_info</name>
         <load_address>0xb1db</load_address>
         <run_address>0xb1db</run_address>
         <size>0x13a2</size>
         <input_file_ref idref="fl-f"/>
      </object_component>
      <object_component id="oc-c3">
         <name>.debug_info</name>
         <load_address>0xc57d</load_address>
         <run_address>0xc57d</run_address>
         <size>0x48c</size>
         <input_file_ref idref="fl-10"/>
      </object_component>
      <object_component id="oc-c7">
         <name>.debug_info</name>
         <load_address>0xca09</load_address>
         <run_address>0xca09</run_address>
         <size>0xa71</size>
         <input_file_ref idref="fl-11"/>
      </object_component>
      <object_component id="oc-cd">
         <name>.debug_info</name>
         <load_address>0xd47a</load_address>
         <run_address>0xd47a</run_address>
         <size>0x15e</size>
         <input_file_ref idref="fl-32"/>
      </object_component>
      <object_component id="oc-d2">
         <name>.debug_info</name>
         <load_address>0xd5d8</load_address>
         <run_address>0xd5d8</run_address>
         <size>0x80</size>
         <input_file_ref idref="fl-33"/>
      </object_component>
      <object_component id="oc-d6">
         <name>.debug_info</name>
         <load_address>0xd658</load_address>
         <run_address>0xd658</run_address>
         <size>0x194</size>
         <input_file_ref idref="fl-34"/>
      </object_component>
      <object_component id="oc-d9">
         <name>.debug_info</name>
         <load_address>0xd7ec</load_address>
         <run_address>0xd7ec</run_address>
         <size>0x34b</size>
         <input_file_ref idref="fl-35"/>
      </object_component>
      <object_component id="oc-dc">
         <name>.debug_info</name>
         <load_address>0xdb37</load_address>
         <run_address>0xdb37</run_address>
         <size>0xf8</size>
         <input_file_ref idref="fl-36"/>
      </object_component>
      <object_component id="oc-df">
         <name>.debug_info</name>
         <load_address>0xdc2f</load_address>
         <run_address>0xdc2f</run_address>
         <size>0x6e4</size>
         <input_file_ref idref="fl-37"/>
      </object_component>
      <object_component id="oc-e2">
         <name>.debug_info</name>
         <load_address>0xe313</load_address>
         <run_address>0xe313</run_address>
         <size>0x7e8</size>
         <input_file_ref idref="fl-38"/>
      </object_component>
      <object_component id="oc-e5">
         <name>.debug_info</name>
         <load_address>0xeafb</load_address>
         <run_address>0xeafb</run_address>
         <size>0x3ec</size>
         <input_file_ref idref="fl-39"/>
      </object_component>
      <object_component id="oc-e8">
         <name>.debug_info</name>
         <load_address>0xeee7</load_address>
         <run_address>0xeee7</run_address>
         <size>0xd4</size>
         <input_file_ref idref="fl-3a"/>
      </object_component>
      <object_component id="oc-ec">
         <name>.debug_info</name>
         <load_address>0xefbb</load_address>
         <run_address>0xefbb</run_address>
         <size>0x5ff</size>
         <input_file_ref idref="fl-3b"/>
      </object_component>
      <object_component id="oc-f0">
         <name>.debug_info</name>
         <load_address>0xf5ba</load_address>
         <run_address>0xf5ba</run_address>
         <size>0x5f6</size>
         <input_file_ref idref="fl-3c"/>
      </object_component>
      <object_component id="oc-f5">
         <name>.debug_info</name>
         <load_address>0xfbb0</load_address>
         <run_address>0xfbb0</run_address>
         <size>0x4c5</size>
         <input_file_ref idref="fl-3d"/>
      </object_component>
      <object_component id="oc-f8">
         <name>.debug_info</name>
         <load_address>0x10075</load_address>
         <run_address>0x10075</run_address>
         <size>0x485</size>
         <input_file_ref idref="fl-3e"/>
      </object_component>
      <object_component id="oc-fc">
         <name>.debug_info</name>
         <load_address>0x104fa</load_address>
         <run_address>0x104fa</run_address>
         <size>0xc3</size>
         <input_file_ref idref="fl-3f"/>
      </object_component>
      <object_component id="oc-101">
         <name>.debug_info</name>
         <load_address>0x105bd</load_address>
         <run_address>0x105bd</run_address>
         <size>0x108</size>
         <input_file_ref idref="fl-40"/>
      </object_component>
      <object_component id="oc-105">
         <name>.debug_info</name>
         <load_address>0x106c5</load_address>
         <run_address>0x106c5</run_address>
         <size>0x7a</size>
[...]
         <value>0x7e68</value>
         <object_component_ref idref="oc-178"/>
      </symbol>
      <symbol id="sm-905">
         <name>_KNL_curtime</name>
         <value>0x7eb4</value>
         <object_component_ref idref="oc-178"/>
      </symbol>
      <symbol id="sm-906">
         <name>_KNL_set</name>
         <value>0x7dc6</value>
         <object_component_ref idref="oc-178"/>
      </symbol>
      <symbol id="sm-907">
         <name>_KNL_alarm</name>
         <value>0x7e6c</value>
         <object_component_ref idref="oc-178"/>
      </symbol>
      <symbol id="sm-908">
         <name>_KNL_prevtask</name>
         <value>0x7eb0</value>
         <object_component_ref idref="oc-178"/>
      </symbol>
      <symbol id="sm-909">
         <name>_KNL_queues</name>
         <value>0x7dc8</value>
         <object_component_ref idref="oc-178"/>
      </symbol>
      <symbol id="sm-90a">
         <name>_KNL_idlefxn</name>
         <value>0x7ed4</value>
         <object_component_ref idref="oc-178"/>
      </symbol>
      <symbol id="sm-90b">
         <name>_KNL_priority</name>
         <value>0x7e78</value>
         <object_component_ref idref="oc-178"/>
      </symbol>
      <symbol id="sm-90c">
         <name>_KNL_treadyfxn</name>
         <value>0x7ed0</value>
         <object_component_ref idref="oc-178"/>
      </symbol>
      <symbol id="sm-90d">
         <name>_KNL_tcreatefxn</name>
         <value>0x7ec8</value>
         <object_component_ref idref="oc-178"/>
      </symbol>
      <symbol id="sm-90e">
         <name>_KNL_wFlag</name>
         <value>0x7dc4</value>
         <object_component_ref idref="oc-178"/>
      </symbol>
      <symbol id="sm-90f">
         <name>_KNL_tdeletefxn</name>
         <value>0x7ecc</value>
         <object_component_ref idref="oc-178"/>
      </symbol>
      <symbol id="sm-919">
         <name>_KNL_run</name>
         <value>0x6274</value>
         <object_component_ref idref="oc-17d"/>
      </symbol>
      <symbol id="sm-927">
         <name>_KNL_tick</name>
         <value>0x6530</value>
         <object_component_ref idref="oc-183"/>
      </symbol>
      <symbol id="sm-931">
         <name>_KNL_post</name>
         <value>0x751c</value>
         <object_component_ref idref="oc-187"/>
      </symbol>
      <symbol id="sm-93b">
         <name>_KNL_ipost</name>
         <value>0x71e8</value>
         <object_component_ref idref="oc-18b"/>
      </symbol>
      <symbol id="sm-945">
         <name>_LOG_printf</name>
         <value>0x7124</value>
         <object_component_ref idref="oc-18f"/>
      </symbol>
      <symbol id="sm-94f">
         <name>_MBX_pend</name>
         <value>0x6898</value>
         <object_component_ref idref="oc-193"/>
      </symbol>
      <symbol id="sm-950">
         <name>_MBX_post</name>
         <value>0x6920</value>
         <object_component_ref idref="oc-193"/>
      </symbol>
      <symbol id="sm-95a">
         <name>_MEM</name>
         <value>0x819c</value>
         <object_component_ref idref="oc-197"/>
      </symbol>
      <symbol id="sm-964">
         <name>_MEM_init</name>
         <value>0xd000</value>
         <object_component_ref idref="oc-19b"/>
      </symbol>
      <symbol id="sm-972">
         <name>_OBJ_table</name>
         <value>0x8060</value>
         <object_component_ref idref="oc-19f"/>
      </symbol>
      <symbol id="sm-973">
         <name>_OBJ_init</name>
         <value>0xd34c</value>
         <object_component_ref idref="oc-1a1"/>
      </symbol>
      <symbol id="sm-974">
         <name>_OBJ_segtab</name>
         <value>0x8098</value>
         <object_component_ref idref="oc-19f"/>
      </symbol>
      <symbol id="sm-97e">
         <name>_RTDX_Buffer_Start</name>
         <value>0xbf34</value>
         <object_component_ref idref="oc-1a5"/>
      </symbol>
      <symbol id="sm-97f">
         <name>_RTDX_Buffer_End</name>
         <value>0xbf38</value>
         <object_component_ref idref="oc-1a5"/>
      </symbol>
      <symbol id="sm-985">
         <name>_RTDX_Buffer_ReadCB</name>
         <value>0xbb82</value>
         <object_component_ref idref="oc-23b"/>
      </symbol>
      <symbol id="sm-986">
         <name>_RTDX_Buffer_Read</name>
         <value>0xbc6e</value>
         <object_component_ref idref="oc-232"/>
      </symbol>
      <symbol id="sm-99e">
         <name>_rtdx_buffer_state</name>
         <value>0xbf14</value>
         <object_component_ref idref="oc-1ab"/>
      </symbol>
      <symbol id="sm-99f">
         <name>_RTDX_Buffer_WriteCB</name>
         <value>0xb583</value>
         <object_component_ref idref="oc-23c"/>
      </symbol>
      <symbol id="sm-9a0">
         <name>_rtdxNullChanCnt</name>
         <value>0x8174</value>
         <object_component_ref idref="oc-1a9"/>
      </symbol>
      <symbol id="sm-9a1">
         <name>_RTDX_writing</name>
         <value>0xbf20</value>
         <object_component_ref idref="oc-1ab"/>
      </symbol>
      <symbol id="sm-9a2">
         <name>_RTDX_Buffer_Initialize</name>
         <value>0xbb2f</value>
         <object_component_ref idref="oc-234"/>
      </symbol>
      <symbol id="sm-9a3">
         <name>_RTDX_Buffer_Write</name>
         <value>0xbcae</value>
         <object_component_ref idref="oc-233"/>
      </symbol>
      <symbol id="sm-9a4">
         <name>_rtdxNullFuncCnt</name>
         <value>0x8176</value>
         <object_component_ref idref="oc-1a9"/>
      </symbol>
      <symbol id="sm-9a5">
         <name>_RTDX_Buffer_Size</name>
         <value>0xbc09</value>
         <object_component_ref idref="oc-23f"/>
      </symbol>
      <symbol id="sm-9bf">
         <name>_RTDX_LMM</name>
         <value>0x1</value>
      </symbol>
      <symbol id="sm-9c0">
         <name>_RTDX_Mon_Queue</name>
         <value>0xba42</value>
         <object_component_ref idref="oc-242"/>
      </symbol>
      <symbol id="sm-9c1">
         <name>_rtdx_mon_state</name>
         <value>0xbef0</value>
         <object_component_ref idref="oc-1ae"/>
      </symbol>
      <symbol id="sm-9c2">
         <name>_RTDX_JTAGONLY</name>
         <value>0x3</value>
      </symbol>
      <symbol id="sm-9c3">
         <name>_RTDX_Final_RT_Monitor</name>
         <value>0xbbcd</value>
         <object_component_ref idref="oc-23e"/>
      </symbol>
      <symbol id="sm-9c4">
         <name>_RTDX_Poll</name>
         <value>0xb80e</value>
         <object_component_ref idref="oc-230"/>
      </symbol>
      <symbol id="sm-9c5">
         <name>_RTDX_H2TPoll</name>
         <value>0xbaca</value>
         <object_component_ref idref="oc-231"/>
      </symbol>
      <symbol id="sm-9c6">
         <name>_RTDX_Init_RT_Monitor</name>
         <value>0xb6ff</value>
         <object_component_ref idref="oc-235"/>
      </symbol>
      <symbol id="sm-9cc">
         <name>_RTDX_Set_IER</name>
         <value>0xbc90</value>
         <object_component_ref idref="oc-23a"/>
      </symbol>
      <symbol id="sm-9cd">
         <name>_RTDX_Mask_IER</name>
         <value>0xbc44</value>
         <object_component_ref idref="oc-236"/>
      </symbol>
      <symbol id="sm-a19">
         <name>_SAR_chanSetup</name>
         <value>0x2043</value>
         <object_component_ref idref="oc-1b1"/>
      </symbol>
      <symbol id="sm-a1a">
         <name>_SAR_stopConversion</name>
         <value>0x22d8</value>
         <object_component_ref idref="oc-1b1"/>
      </symbol>
      <symbol id="sm-a1b">
         <name>_SAR_deInit</name>
         <value>0x1e3a</value>
         <object_component_ref idref="oc-1b1"/>
      </symbol>
      <symbol id="sm-a1c">
         <name>_SAR_chanOpen</name>
         <value>0x1e75</value>
         <object_component_ref idref="oc-1b1"/>
      </symbol>
      <symbol id="sm-a1d">
         <name>_SAR_GPODirSet</name>
         <value>0x27da</value>
         <object_component_ref idref="oc-1b1"/>
      </symbol>
      <symbol id="sm-a1e">
         <name>_SAR_init</name>
         <value>0x1ddd</value>
         <object_component_ref idref="oc-1b1"/>
      </symbol>
      <symbol id="sm-a1f">
         <name>_SAR_getStatus</name>
         <value>0x28b6</value>
         <object_component_ref idref="oc-1b1"/>
      </symbol>
      <symbol id="sm-a20">
         <name>_SAR_readData</name>
         <value>0x231f</value>
         <object_component_ref idref="oc-1b1"/>
      </symbol>
      <symbol id="sm-a21">
         <name>_SAR_chanConfig</name>
         <value>0x1f5b</value>
         <object_component_ref idref="oc-1b1"/>
      </symbol>
      <symbol id="sm-a22">
         <name>_SAR_A2DMeasParamSet</name>
         <value>0x2360</value>
         <object_component_ref idref="oc-1b1"/>
      </symbol>
      <symbol id="sm-a23">
         <name>_SAR_chanClose</name>
         <value>0x1ed7</value>
         <object_component_ref idref="oc-1b1"/>
      </symbol>
      <symbol id="sm-a24">
         <name>_SAR_chanCycSet</name>
         <value>0x2257</value>
         <object_component_ref idref="oc-1b1"/>
      </symbol>
      <symbol id="sm-a25">
         <name>_SAR_getConfig</name>
         <value>0x1fd1</value>
         <object_component_ref idref="oc-1b1"/>
      </symbol>
      <symbol id="sm-a26">
         <name>_SAR_startConversion</name>
         <value>0x22a6</value>
         <object_component_ref idref="oc-1b1"/>
      </symbol>
      <symbol id="sm-a27">
         <name>_SAR_chanInit</name>
         <value>0x1e5a</value>
         <object_component_ref idref="oc-1b1"/>
      </symbol>
      <symbol id="sm-a31">
         <name>_SEM_pend</name>
         <value>0x72ed</value>
         <object_component_ref idref="oc-1b6"/>
      </symbol>
      <symbol id="sm-a3b">
         <name>_SEM_pendEnterKnl</name>
         <value>0x5f60</value>
         <object_component_ref idref="oc-1ba"/>
      </symbol>
      <symbol id="sm-a45">
         <name>_SEM_postBinary</name>
         <value>0x7037</value>
         <object_component_ref idref="oc-1be"/>
      </symbol>
      <symbol id="sm-a46">
         <name>_SEM_post</name>
         <value>0x7037</value>
         <object_component_ref idref="oc-1be"/>
      </symbol>
      <symbol id="sm-a50">
         <name>_SEM_postEnterKnl</name>
         <value>0x733c</value>
         <object_component_ref idref="oc-1c2"/>
      </symbol>
      <symbol id="sm-a5a">
         <name>_STS_set</name>
         <value>0x7674</value>
         <object_component_ref idref="oc-1c6"/>
      </symbol>
      <symbol id="sm-a68">
         <name>_TSK_nTasks</name>
         <value>0x7f5c</value>
         <object_component_ref idref="oc-1ca"/>
      </symbol>
      <symbol id="sm-a69">
         <name>_TSK_config</name>
         <value>0x7f7c</value>
         <object_component_ref idref="oc-1ca"/>
      </symbol>
      <symbol id="sm-a6a">
         <name>_TSK</name>
         <value>0x7f98</value>
         <object_component_ref idref="oc-1ca"/>
      </symbol>
      <symbol id="sm-a6b">
         <name>_TSK_timerSem</name>
         <value>0x7f9c</value>
         <object_component_ref idref="oc-1ca"/>
      </symbol>
      <symbol id="sm-a6c">
         <name>_TSK_pid</name>
         <value>0x7f5e</value>
         <object_component_ref idref="oc-1ca"/>
      </symbol>
      <symbol id="sm-a6d">
         <name>_TSK_ATTRS</name>
         <value>0x7f60</value>
         <object_component_ref idref="oc-1ca"/>
      </symbol>
      <symbol id="sm-a77">
         <name>_TSK_exit</name>
         <value>0x6aac</value>
         <object_component_ref idref="oc-1d0"/>
      </symbol>
      <symbol id="sm-a81">
         <name>_SYS_exit</name>
         <value>0x73cc</value>
         <object_component_ref idref="oc-1d4"/>
      </symbol>
      <symbol id="sm-a8d">
         <name>_SYS_exitStack</name>
         <value>0x80d0</value>
         <object_component_ref idref="oc-1d8"/>
      </symbol>
      <symbol id="sm-a8e">
         <name>_SYS_exitStackPtr</name>
         <value>0x80f0</value>
         <object_component_ref idref="oc-1d8"/>
      </symbol>
      <symbol id="sm-a8f">
         <name>_SYS_exitStackTop</name>
         <value>0x80f4</value>
         <object_component_ref idref="oc-1d8"/>
      </symbol>
      <symbol id="sm-a99">
         <name>_TSK_init</name>
         <value>0xd1e8</value>
         <object_component_ref idref="oc-1dd"/>
      </symbol>
      <symbol id="sm-aa3">
         <name>_TSK_setup</name>
         <value>0x6ba4</value>
         <object_component_ref idref="oc-1e1"/>
      </symbol>
      <symbol id="sm-ab5">
         <name>__MEM_mutex</name>
         <value>0x8038</value>
         <object_component_ref idref="oc-1e6"/>
      </symbol>
      <symbol id="sm-ab6">
         <name>_TSK_startup</name>
         <value>0x6cf8</value>
         <object_component_ref idref="oc-1e8"/>
      </symbol>
      <symbol id="sm-ab7">
         <name>__TSK_mutex</name>
         <value>0x8010</value>
         <object_component_ref idref="oc-1e6"/>
      </symbol>
      <symbol id="sm-ac1">
         <name>_LCK_pend</name>
         <value>0x7264</value>
         <object_component_ref idref="oc-1ed"/>
      </symbol>
      <symbol id="sm-ac2">
         <name>_LCK_post</name>
         <value>0x7244</value>
         <object_component_ref idref="oc-1ed"/>
      </symbol>
      <symbol id="sm-acc">
         <name>_SYS_abort</name>
         <value>0x7648</value>
         <object_component_ref idref="oc-1f1"/>
      </symbol>
      <symbol id="sm-bbb">
         <name>_UART_setup</name>
         <value>0x1ff</value>
         <object_component_ref idref="oc-1f5"/>
      </symbol>
      <symbol id="sm-bbc">
         <name>_UART_eventEnable</name>
         <value>0x945</value>
         <object_component_ref idref="oc-1f5"/>
      </symbol>
      <symbol id="sm-bbd">
         <name>_UART_setCallback</name>
         <value>0x113b</value>
         <object_component_ref idref="oc-1f5"/>
      </symbol>
      <symbol id="sm-bbe">
         <name>_UART_getConfig</name>
         <value>0x107e</value>
         <object_component_ref idref="oc-1f5"/>
      </symbol>
      <symbol id="sm-bbf">
         <name>_UART_eventDisable</name>
         <value>0x9dd</value>
         <object_component_ref idref="oc-1f5"/>
      </symbol>
      <symbol id="sm-bc0">
         <name>_UART_fgetc</name>
         <value>0xd17</value>
         <object_component_ref idref="oc-1f5"/>
      </symbol>
      <symbol id="sm-bc1">
         <name>_UART_write</name>
         <value>0xb95</value>
         <object_component_ref idref="oc-1f5"/>
      </symbol>
      <symbol id="sm-bc2">
         <name>_UART_fgets</name>
         <value>0xe3a</value>
         <object_component_ref idref="oc-1f5"/>
      </symbol>
      <symbol id="sm-bc3">
         <name>_UART_reset</name>
         <value>0x8b5</value>
         <object_component_ref idref="oc-1f5"/>
      </symbol>
      <symbol id="sm-bc4">
         <name>_UART_getEventId</name>
         <value>0x1057</value>
         <object_component_ref idref="oc-1f5"/>
      </symbol>
      <symbol id="sm-bc5">
         <name>_UART_resetOff</name>
         <value>0x8fa</value>
         <object_component_ref idref="oc-1f5"/>
      </symbol>
      <symbol id="sm-bc6">
         <name>_UART_read</name>
         <value>0xa6c</value>
         <object_component_ref idref="oc-1f5"/>
      </symbol>
      <symbol id="sm-bc7">
         <name>_UART_init</name>
         <value>0x145</value>
         <object_component_ref idref="oc-1f5"/>
      </symbol>
      <symbol id="sm-bc8">
         <name>_UART_fputc</name>
         <value>0xdb5</value>
         <object_component_ref idref="oc-1f5"/>
      </symbol>
      <symbol id="sm-bc9">
         <name>_UART_fputs</name>
         <value>0xf6a</value>
         <object_component_ref idref="oc-1f5"/>
      </symbol>
      <symbol id="sm-bca">
         <name>_UART_setupBaudRate</name>
         <value>0x7ab</value>
         <object_component_ref idref="oc-1f5"/>
      </symbol>
      <symbol id="sm-bcb">
         <name>_UART_config</name>
         <value>0x6a6</value>
         <object_component_ref idref="oc-1f5"/>
      </symbol>
      <symbol id="sm-bd5">
         <name>__SEM_dopost</name>
         <value>0x69a8</value>
         <object_component_ref idref="oc-1fa"/>
      </symbol>
      <symbol id="sm-be0">
         <name>__divul</name>
         <value>0x4f59</value>
         <object_component_ref idref="oc-1fe"/>
      </symbol>
      <symbol id="sm-be8">
         <name>__mpyli</name>
         <value>0x5458</value>
         <object_component_ref idref="oc-202"/>
      </symbol>
      <symbol id="sm-be9">
         <name>I$$LMPY</name>
         <value>0x5458</value>
         <object_component_ref idref="oc-202"/>
      </symbol>
      <symbol id="sm-bf7">
         <name>__unlock</name>
         <value>0x818c</value>
         <object_component_ref idref="oc-207"/>
      </symbol>
      <symbol id="sm-bf8">
         <name>__lock</name>
         <value>0x8188</value>
         <object_component_ref idref="oc-207"/>
      </symbol>
      <symbol id="sm-bf9">
         <name>__register_lock</name>
         <value>0x5473</value>
         <object_component_ref idref="oc-206"/>
      </symbol>
      <symbol id="sm-bfa">
         <name>__nop</name>
         <value>0x547b</value>
         <object_component_ref idref="oc-206"/>
      </symbol>
      <symbol id="sm-bfb">
         <name>__register_unlock</name>
         <value>0x546b</value>
         <object_component_ref idref="oc-206"/>
      </symbol>
      <symbol id="sm-c06">
         <name>__remul</name>
         <value>0x5184</value>
         <object_component_ref idref="oc-20c"/>
      </symbol>
      <symbol id="sm-c14">
         <name>_atexit</name>
         <value>0x51f6</value>
         <object_component_ref idref="oc-210"/>
      </symbol>
      <symbol id="sm-c15">
         <name>___atexit_func_id__</name>
         <value>0x7c40</value>
         <object_component_ref idref="oc-211"/>
      </symbol>
      <symbol id="sm-c23">
         <name>_dtors</name>
         <value>0x81a4</value>
         <object_component_ref idref="oc-217"/>
      </symbol>
      <symbol id="sm-c24">
         <name>_call_dtors</name>
         <value>0x510f</value>
         <object_component_ref idref="oc-216"/>
      </symbol>
      <symbol id="sm-c25">
         <name>___add_dtor</name>
         <value>0x5165</value>
         <object_component_ref idref="oc-216"/>
      </symbol>
      <symbol id="sm-c35">
         <name>C$$EXIT</name>
         <value>0x547e</value>
         <object_component_ref idref="oc-220"/>
      </symbol>
      <symbol id="sm-c36">
         <name>_exit</name>
         <value>0x541a</value>
         <object_component_ref idref="oc-21c"/>
      </symbol>
      <symbol id="sm-c37">
         <name>_abort</name>
         <value>0x547d</value>
         <object_component_ref idref="oc-220"/>
      </symbol>
      <symbol id="sm-c38">
         <name>__cleanup_ptr</name>
         <value>0x8190</value>
         <object_component_ref idref="oc-21d"/>
      </symbol>
      <symbol id="sm-c39">
         <name>__dtors_ptr</name>
         <value>0x8194</value>
         <object_component_ref idref="oc-21d"/>
      </symbol>
      <symbol id="sm-c43">
         <name>_auto_init</name>
         <value>0xd26c</value>
         <object_component_ref idref="oc-223"/>
      </symbol>
      <symbol id="sm-c4b">
         <name>_memcpy</name>
         <value>0x53db</value>
         <object_component_ref idref="oc-227"/>
      </symbol>
      <symbol id="sm-c55">
         <name>iRTA_F_or</name>
         <value>0x74ce</value>
         <object_component_ref idref="oc-22b"/>
      </symbol>
      <symbol id="sm-c56">
         <name>RTA_F_or</name>
         <value>0x74b7</value>
         <object_component_ref idref="oc-22b"/>
      </symbol>
      <symbol id="sm-c57">
         <name>RTA_F_andn</name>
         <value>0x74a1</value>
         <object_component_ref idref="oc-22b"/>
      </symbol>
   </symbol_table>
</link_info>
